Archive member included because of file (symbol)

C:\Users\Olli\CloudStation\uC_Stuff\LPC_workspaces\LPC1115_Selfbus\CMSIS_CORE_LPC11xx\Debug\libCMSIS_CORE_LPC11xx.a(system_LPC11xx.o)
                              ./src/cr_startup_lpc11xx.o (SystemInit)
C:\Users\Olli\CloudStation\uC_Stuff\Selfbus\software-arm-lib\sblib\Debug_BCU1\libsblib.a(digital_pin.o)
                              ./src/app_main.o (pinMode(int, int))
C:\Users\Olli\CloudStation\uC_Stuff\Selfbus\software-arm-lib\sblib\Debug_BCU1\libsblib.a(platform.o)
                              ./src/app_main.o (gpioPorts)
C:\Users\Olli\CloudStation\uC_Stuff\Selfbus\software-arm-lib\sblib\Debug_BCU1\libsblib.a(bcu.o)
                              ./src/app_main.o (vtable for BCU)
C:\Users\Olli\CloudStation\uC_Stuff\Selfbus\software-arm-lib\sblib\Debug_BCU1\libsblib.a(bcu_base.o)
                              ./src/app_main.o (BcuBase::BcuBase())
C:\Users\Olli\CloudStation\uC_Stuff\Selfbus\software-arm-lib\sblib\Debug_BCU1\libsblib.a(bus.o)
                              ./src/app_main.o (Bus::Bus(Timer&, int, int, TimerCapture, TimerMatch))
C:\Users\Olli\CloudStation\uC_Stuff\Selfbus\software-arm-lib\sblib\Debug_BCU1\libsblib.a(com_objects.o)
                              C:\Users\Olli\CloudStation\uC_Stuff\Selfbus\software-arm-lib\sblib\Debug_BCU1\libsblib.a(bcu.o) (sendNextGroupTelegram())
C:\Users\Olli\CloudStation\uC_Stuff\Selfbus\software-arm-lib\sblib\Debug_BCU1\libsblib.a(user_memory.o)
                              C:\Users\Olli\CloudStation\uC_Stuff\Selfbus\software-arm-lib\sblib\Debug_BCU1\libsblib.a(bcu.o) (userRamData)
C:\Users\Olli\CloudStation\uC_Stuff\Selfbus\software-arm-lib\sblib\Debug_BCU1\libsblib.a(debounce.o)
                              C:\Users\Olli\CloudStation\uC_Stuff\Selfbus\software-arm-lib\sblib\Debug_BCU1\libsblib.a(bcu_base.o) (Debouncer::Debouncer())
C:\Users\Olli\CloudStation\uC_Stuff\Selfbus\software-arm-lib\sblib\Debug_BCU1\libsblib.a(iap.o)
                              C:\Users\Olli\CloudStation\uC_Stuff\Selfbus\software-arm-lib\sblib\Debug_BCU1\libsblib.a(user_memory.o) (iapEraseSector(int))
C:\Users\Olli\CloudStation\uC_Stuff\Selfbus\software-arm-lib\sblib\Debug_BCU1\libsblib.a(ioports.o)
                              C:\Users\Olli\CloudStation\uC_Stuff\Selfbus\software-arm-lib\sblib\Debug_BCU1\libsblib.a(digital_pin.o) (getPinFunctionNumber(int, short))
C:\Users\Olli\CloudStation\uC_Stuff\Selfbus\software-arm-lib\sblib\Debug_BCU1\libsblib.a(main.o)
                              ./src/cr_startup_lpc11xx.o (main)
C:\Users\Olli\CloudStation\uC_Stuff\Selfbus\software-arm-lib\sblib\Debug_BCU1\libsblib.a(mem_mapper.o)
                              C:\Users\Olli\CloudStation\uC_Stuff\Selfbus\software-arm-lib\sblib\Debug_BCU1\libsblib.a(bcu.o) (MemMapper::doFlash() const)
C:\Users\Olli\CloudStation\uC_Stuff\Selfbus\software-arm-lib\sblib\Debug_BCU1\libsblib.a(spi.o)
                              ./src/app_main.o (SPI::SPI(int, int))
C:\Users\Olli\CloudStation\uC_Stuff\Selfbus\software-arm-lib\sblib\Debug_BCU1\libsblib.a(timer.o)
                              C:\Users\Olli\CloudStation\uC_Stuff\Selfbus\software-arm-lib\sblib\Debug_BCU1\libsblib.a(bcu.o) (systemTime)
C:\Users\Olli\CloudStation\uC_Stuff\Selfbus\software-arm-lib\sblib\Debug_BCU1\libsblib.a(utils.o)
                              C:\Users\Olli\CloudStation\uC_Stuff\Selfbus\software-arm-lib\sblib\Debug_BCU1\libsblib.a(com_objects.o) (reverseCopy(unsigned char*, unsigned char const*, int))
C:\Users\Olli\CloudStation\uC_Stuff\Selfbus\software-arm-lib\sblib\Debug_BCU1\libsblib.a(addr_tables.o)
                              C:\Users\Olli\CloudStation\uC_Stuff\Selfbus\software-arm-lib\sblib\Debug_BCU1\libsblib.a(bus.o) (indexOfAddr(int))
c:/nxp/lpcxpresso_7.9.2_493/lpcxpresso/tools/bin/../lib/gcc/arm-none-eabi/4.9.3/armv6-m\libgcc.a(_udivsi3.o)
                              C:\Users\Olli\CloudStation\uC_Stuff\LPC_workspaces\LPC1115_Selfbus\CMSIS_CORE_LPC11xx\Debug\libCMSIS_CORE_LPC11xx.a(system_LPC11xx.o) (__aeabi_uidiv)
c:/nxp/lpcxpresso_7.9.2_493/lpcxpresso/tools/bin/../lib/gcc/arm-none-eabi/4.9.3/armv6-m\libgcc.a(_dvmd_tls.o)
                              c:/nxp/lpcxpresso_7.9.2_493/lpcxpresso/tools/bin/../lib/gcc/arm-none-eabi/4.9.3/armv6-m\libgcc.a(_udivsi3.o) (__aeabi_idiv0)
c:/nxp/lpcxpresso_7.9.2_493/lpcxpresso/tools/bin/../lib/gcc/arm-none-eabi/4.9.3/../../../../arm-none-eabi/lib/armv6-m\libc_nano.a(lib_a-init.o)
                              ./src/cr_startup_lpc11xx.o (__libc_init_array)
c:/nxp/lpcxpresso_7.9.2_493/lpcxpresso/tools/bin/../lib/gcc/arm-none-eabi/4.9.3/../../../../arm-none-eabi/lib/armv6-m\libc_nano.a(lib_a-malloc.o)
                              ./src/cr_cpp_config.o (malloc)
c:/nxp/lpcxpresso_7.9.2_493/lpcxpresso/tools/bin/../lib/gcc/arm-none-eabi/4.9.3/../../../../arm-none-eabi/lib/armv6-m\libc_nano.a(lib_a-memcpy.o)
[...]
Memory Configuration

Name             Origin             Length             Attributes
MFlash64         0x00000000         0x00010000         xr
RamLoc8          0x10000000         0x00002000         xrw
*default*        0x00000000         0xffffffff

Linker script and memory map

LOAD ./src/app_main.o
LOAD ./src/cr_cpp_config.o
LOAD ./src/cr_startup_lpc11xx.o
LOAD ./src/crp.o
LOAD C:\Users\Olli\CloudStation\uC_Stuff\LPC_workspaces\LPC1115_Selfbus\CMSIS_CORE_LPC11xx\Debug\libCMSIS_CORE_LPC11xx.a
LOAD C:\Users\Olli\CloudStation\uC_Stuff\Selfbus\software-arm-lib\sblib\Debug_BCU1\libsblib.a
START GROUP
LOAD c:/nxp/lpcxpresso_7.9.2_493/lpcxpresso/tools/bin/../lib/gcc/arm-none-eabi/4.9.3/armv6-m\libgcc.a
LOAD c:/nxp/lpcxpresso_7.9.2_493/lpcxpresso/tools/bin/../lib/gcc/arm-none-eabi/4.9.3/../../../../arm-none-eabi/lib/armv6-m\libc_nano.a
LOAD c:/nxp/lpcxpresso_7.9.2_493/lpcxpresso/tools/bin/../lib/gcc/arm-none-eabi/4.9.3/../../../../arm-none-eabi/lib/armv6-m\libstdc++_nano.a
LOAD c:/nxp/lpcxpresso_7.9.2_493/lpcxpresso/tools/bin/../lib/gcc/arm-none-eabi/4.9.3/../../../../arm-none-eabi/lib/armv6-m\libm.a
LOAD c:/nxp/lpcxpresso_7.9.2_493/lpcxpresso/tools/bin/../lib/gcc/arm-none-eabi/4.9.3/armv6-m\crti.o
LOAD c:/nxp/lpcxpresso_7.9.2_493/lpcxpresso/tools/bin/../lib/gcc/arm-none-eabi/4.9.3/armv6-m\crtn.o
LOAD c:/nxp/lpcxpresso_7.9.2_493/lpcxpresso/tools/bin/../lib/gcc/arm-none-eabi/4.9.3/armv6-m\crtbegin.o
LOAD c:/nxp/lpcxpresso_7.9.2_493/lpcxpresso/tools/bin/../lib/gcc/arm-none-eabi/4.9.3/armv6-m\crtend.o
END GROUP
                0x00000000                __base_MFlash64 = 0x0
                0x00000000                __base_Flash = 0x0
                0x00010000                __top_MFlash64 = 0x10000
                0x00010000                __top_Flash = 0x10000
                0x10000000                __base_RamLoc8 = 0x10000000
                0x10000000                __base_RAM = 0x10000000
                0x10002000                __top_RamLoc8 = 0x10002000
                0x10002000                __top_RAM = 0x10002000

.text           0x00000000     0x4038
 FILL mask 0xff
                0x00000000                __vectors_start__ = ABSOLUTE (.)
 *(.isr_vector)
 .isr_vector    0x00000000       0xc0 ./src/cr_startup_lpc11xx.o
                0x00000000                g_pfnVectors
                0x000000c0                . = ALIGN (0x4)
                0x000000c0                __section_table_start = .
                0x000000c0                __data_section_table = .
                0x000000c0        0x4 LONG 0x4038 LOADADDR (.data)
                0x000000c4        0x4 LONG 0x10000000 ADDR (.data)
                0x000000c8        0x4 LONG 0x8 SIZEOF (.data)
                0x000000cc                __data_section_table_end = .
                0x000000cc                __bss_section_table = .
                0x000000cc        0x4 LONG 0x10000008 ADDR (.bss)
                0x000000d0        0x4 LONG 0x330 SIZEOF (.bss)
                0x000000d4                __bss_section_table_end = .
                0x000000d4                __section_table_end = .
 *(.after_vectors*)
 .after_vectors
                0x000000d4       0x74 ./src/cr_startup_lpc11xx.o
                0x000000d4                NMI_Handler
                0x000000d6                HardFault_Handler
                0x000000d8                SVC_Handler
                0x000000da                PendSV_Handler
                0x000000de                UART_IRQHandler
                0x000000de                TIMER32_0_IRQHandler
                0x000000de                TIMER32_1_IRQHandler
                0x000000de                IntDefaultHandler
                0x000000de                PIOINT1_IRQHandler
                0x000000de                CAN_IRQHandler
                0x000000de                ADC_IRQHandler
                0x000000de                PIOINT2_IRQHandler
                0x000000de                TIMER16_0_IRQHandler
                0x000000de                BOD_IRQHandler
                0x000000de                WAKEUP_IRQHandler
                0x000000de                PIOINT0_IRQHandler
                0x000000de                I2C_IRQHandler
                0x000000de                WDT_IRQHandler
                0x000000de                PIOINT3_IRQHandler
                0x000000e0                data_init(unsigned int, unsigned int, unsigned int)
                0x000000f2                bss_init(unsigned int, unsigned int)
                0x00000102                ResetISR
                0x000002fc                . = 0x2fc
 *fill*         0x00000148      0x1b4 ff
                0x000002fc                PROVIDE (__CRP_WORD_START__, .)
 *(.crp)
 .crp           0x000002fc        0x4 ./src/crp.o
                0x000002fc                CRP_WORD
                0x00000300                PROVIDE (__CRP_WORD_END__, .)
                0x00000001                ASSERT (! ((__CRP_WORD_START__ == __CRP_WORD_END__)), Linker CRP Enabled, but no CRP_WORD provided within application)
 *(.text*)
 .text._ZN3SPI8transferEi
                0x00000300       0x24 ./src/app_main.o
                0x00000300                SPI::transfer(int)
 .text._ZN7BcuBase10setProgPinEi
                0x00000324       0x18 ./src/app_main.o
                0x00000324                BcuBase::setProgPin(int)
 .text._ZN3BCUC2Ev
                0x0000033c       0x24 ./src/app_main.o
                0x0000033c                BCU::BCU()
                0x0000033c                BCU::BCU()
 .text._Z5setupv
                0x00000360       0x84 ./src/app_main.o
                0x00000360                setup()
 .text._Z4loopv
                0x000003e4       0xcc ./src/app_main.o
                0x000003e4                loop()
 .text._Z41__static_initialization_and_destruction_0ii
                0x000004b0       0x7c ./src/app_main.o
 .text._GLOBAL__sub_I_bcu
                0x0000052c       0x18 ./src/app_main.o
 .text.SystemInit
                0x00000544       0x90 C:\Users\Olli\CloudStation\uC_Stuff\LPC_workspaces\LPC1115_Selfbus\CMSIS_CORE_LPC11xx\Debug\libCMSIS_CORE_LPC11xx.a(system_LPC11xx.o)
                0x00000544                SystemInit
 .text._Z11pinLocationiPKis
                0x000005d4       0x6c C:\Users\Olli\CloudStation\uC_Stuff\Selfbus\software-arm-lib\sblib\Debug_BCU1\libsblib.a(digital_pin.o)
                0x000005d4                pinLocation(int, int const*, short)
 .text._Z7pinModeii
                0x00000640      0x308 C:\Users\Olli\CloudStation\uC_Stuff\Selfbus\software-arm-lib\sblib\Debug_BCU1\libsblib.a(digital_pin.o)
                0x00000640                pinMode(int, int)
 .text._Z12ioconPointeri
                0x00000948       0x40 C:\Users\Olli\CloudStation\uC_Stuff\Selfbus\software-arm-lib\sblib\Debug_BCU1\libsblib.a(platform.o)
                0x00000948                ioconPointer(int)
 .text.NVIC_SystemReset
                0x00000988       0x1c C:\Users\Olli\CloudStation\uC_Stuff\Selfbus\software-arm-lib\sblib\Debug_BCU1\libsblib.a(bcu.o)
 .text._ZNK3Bus4idleEv
                0x000009a4       0x2c C:\Users\Olli\CloudStation\uC_Stuff\Selfbus\software-arm-lib\sblib\Debug_BCU1\libsblib.a(bcu.o)
                0x000009a4                Bus::idle() const
 .text._ZNK3Bus10ownAddressEv
                0x000009d0       0x18 C:\Users\Olli\CloudStation\uC_Stuff\Selfbus\software-arm-lib\sblib\Debug_BCU1\libsblib.a(bcu.o)
                0x000009d0                Bus::ownAddress() const
 .text._ZNK3Bus15sendingTelegramEv
                0x000009e8       0x1c C:\Users\Olli\CloudStation\uC_Stuff\Selfbus\software-arm-lib\sblib\Debug_BCU1\libsblib.a(bcu.o)
                0x000009e8                Bus::sendingTelegram() const
 .text._ZN3Bus23discardReceivedTelegramEv
                0x00000a04       0x14 C:\Users\Olli\CloudStation\uC_Stuff\Selfbus\software-arm-lib\sblib\Debug_BCU1\libsblib.a(bcu.o)
                0x00000a04                Bus::discardReceivedTelegram()
 .text._ZN3Bus10setSendAckEi
                0x00000a18       0x18 C:\Users\Olli\CloudStation\uC_Stuff\Selfbus\software-arm-lib\sblib\Debug_BCU1\libsblib.a(bcu.o)
                0x00000a18                Bus::setSendAck(int)
 .text._ZN10UserEeprom8modifiedEv
                0x00000a30       0x24 C:\Users\Olli\CloudStation\uC_Stuff\Selfbus\software-arm-lib\sblib\Debug_BCU1\libsblib.a(bcu.o)
                0x00000a30                UserEeprom::modified()
 .text._ZNK10UserEeprom10isModifiedEv
                0x00000a54       0x20 C:\Users\Olli\CloudStation\uC_Stuff\Selfbus\software-arm-lib\sblib\Debug_BCU1\libsblib.a(bcu.o)
                0x00000a54                UserEeprom::isModified() const
 .text._ZNK7BcuBase15programmingModeEv
                0x00000a74       0x2c C:\Users\Olli\CloudStation\uC_Stuff\Selfbus\software-arm-lib\sblib\Debug_BCU1\libsblib.a(bcu.o)
                0x00000a74                BcuBase::programmingMode() const
 .text._ZNK7BcuBase11maskVersionEv
                0x00000aa0       0x14 C:\Users\Olli\CloudStation\uC_Stuff\Selfbus\software-arm-lib\sblib\Debug_BCU1\libsblib.a(bcu.o)
                0x00000aa0                BcuBase::maskVersion() const
 .text._ZN3BCU6_beginEv
                0x00000ab4       0x14 C:\Users\Olli\CloudStation\uC_Stuff\Selfbus\software-arm-lib\sblib\Debug_BCU1\libsblib.a(bcu.o)
                0x00000ab4                BCU::_begin()
 .text._ZN3BCU3endEv
                0x00000ac8       0x1c C:\Users\Olli\CloudStation\uC_Stuff\Selfbus\software-arm-lib\sblib\Debug_BCU1\libsblib.a(bcu.o)
                0x00000ac8                BCU::end()
 .text._ZN3BCU4loopEv
                0x00000ae4       0xf0 C:\Users\Olli\CloudStation\uC_Stuff\Selfbus\software-arm-lib\sblib\Debug_BCU1\libsblib.a(bcu.o)
                0x00000ae4                BCU::loop()
 .text._ZN3BCU22sendConControlTelegramEii
                0x00000bd4       0x88 C:\Users\Olli\CloudStation\uC_Stuff\Selfbus\software-arm-lib\sblib\Debug_BCU1\libsblib.a(bcu.o)
                0x00000bd4                BCU::sendConControlTelegram(int, int)
 .text._ZN3BCU15processTelegramEv
                0x00000c5c      0x170 C:\Users\Olli\CloudStation\uC_Stuff\Selfbus\software-arm-lib\sblib\Debug_BCU1\libsblib.a(bcu.o)
                0x00000c5c                BCU::processTelegram()
 .text._ZN3BCU35processDeviceDescriptorReadTelegramEi
                0x00000dcc       0x50 C:\Users\Olli\CloudStation\uC_Stuff\Selfbus\software-arm-lib\sblib\Debug_BCU1\libsblib.a(bcu.o)
                0x00000dcc                BCU::processDeviceDescriptorReadTelegram(int)
 .text._ZL12cpyToUserRamjPhj
                0x00000e1c       0x84 C:\Users\Olli\CloudStation\uC_Stuff\Selfbus\software-arm-lib\sblib\Debug_BCU1\libsblib.a(bcu.o)
 .text._ZL14cpyFromUserRamjPhj
                0x00000ea0       0x84 C:\Users\Olli\CloudStation\uC_Stuff\Selfbus\software-arm-lib\sblib\Debug_BCU1\libsblib.a(bcu.o)
 .text._ZN3BCU21processDirectTelegramEi
                0x00000f24      0x414 C:\Users\Olli\CloudStation\uC_Stuff\Selfbus\software-arm-lib\sblib\Debug_BCU1\libsblib.a(bcu.o)
                0x00000f24                BCU::processDirectTelegram(int)
 .text._ZN3BCU25processConControlTelegramEi
                0x00001338      0x110 C:\Users\Olli\CloudStation\uC_Stuff\Selfbus\software-arm-lib\sblib\Debug_BCU1\libsblib.a(bcu.o)
                0x00001338                BCU::processConControlTelegram(int)
 .text._ZNK9Debouncer5valueEv
                0x00001448       0x14 C:\Users\Olli\CloudStation\uC_Stuff\Selfbus\software-arm-lib\sblib\Debug_BCU1\libsblib.a(bcu_base.o)
                0x00001448                Debouncer::value() const
 .text._ZNK3Bus16telegramReceivedEv
                0x0000145c       0x1c C:\Users\Olli\CloudStation\uC_Stuff\Selfbus\software-arm-lib\sblib\Debug_BCU1\libsblib.a(bcu_base.o)
                0x0000145c                Bus::telegramReceived() const
 .text._ZN3Bus3endEv
                0x00001478       0x10 C:\Users\Olli\CloudStation\uC_Stuff\Selfbus\software-arm-lib\sblib\Debug_BCU1\libsblib.a(bcu_base.o)
                0x00001478                Bus::end()
 .text.TIMER16_1_IRQHandler
                0x00001488       0x14 C:\Users\Olli\CloudStation\uC_Stuff\Selfbus\software-arm-lib\sblib\Debug_BCU1\libsblib.a(bcu_base.o)
                0x00001488                TIMER16_1_IRQHandler
 .text._ZN7BcuBaseC2Ev
                0x0000149c       0x40 C:\Users\Olli\CloudStation\uC_Stuff\Selfbus\software-arm-lib\sblib\Debug_BCU1\libsblib.a(bcu_base.o)
                0x0000149c                BcuBase::BcuBase()
                0x0000149c                BcuBase::BcuBase()
 .text._ZN7BcuBase6_beginEv
                0x000014dc       0x10 C:\Users\Olli\CloudStation\uC_Stuff\Selfbus\software-arm-lib\sblib\Debug_BCU1\libsblib.a(bcu_base.o)
                0x000014dc                BcuBase::_begin()
 .text._ZN7BcuBase3endEv
                0x000014ec       0x24 C:\Users\Olli\CloudStation\uC_Stuff\Selfbus\software-arm-lib\sblib\Debug_BCU1\libsblib.a(bcu_base.o)
                0x000014ec                BcuBase::end()
 .text._ZN7BcuBase13setOwnAddressEi
                0x00001510       0x40 C:\Users\Olli\CloudStation\uC_Stuff\Selfbus\software-arm-lib\sblib\Debug_BCU1\libsblib.a(bcu_base.o)
                0x00001510                BcuBase::setOwnAddress(int)
 .text._ZN7BcuBase4loopEv
                0x00001550      0x17c C:\Users\Olli\CloudStation\uC_Stuff\Selfbus\software-arm-lib\sblib\Debug_BCU1\libsblib.a(bcu_base.o)
                0x00001550                BcuBase::loop()
 .text._ZN7BcuBase15processTelegramEv
                0x000016cc       0x10 C:\Users\Olli\CloudStation\uC_Stuff\Selfbus\software-arm-lib\sblib\Debug_BCU1\libsblib.a(bcu_base.o)
                0x000016cc                BcuBase::processTelegram()
 .text._ZN3BusC2ER5Timerii12TimerCapture10TimerMatch
                0x000016dc       0x60 C:\Users\Olli\CloudStation\uC_Stuff\Selfbus\software-arm-lib\sblib\Debug_BCU1\libsblib.a(bus.o)
                0x000016dc                Bus::Bus(Timer&, int, int, TimerCapture, TimerMatch)
                0x000016dc                Bus::Bus(Timer&, int, int, TimerCapture, TimerMatch)
 .text._ZN3Bus9idleStateEv
                0x0000173c       0x94 C:\Users\Olli\CloudStation\uC_Stuff\Selfbus\software-arm-lib\sblib\Debug_BCU1\libsblib.a(bus.o)
                0x0000173c                Bus::idleState()
 .text._ZN3Bus14handleTelegramEb
                0x000017d0      0x1d4 C:\Users\Olli\CloudStation\uC_Stuff\Selfbus\software-arm-lib\sblib\Debug_BCU1\libsblib.a(bus.o)
                0x000017d0                Bus::handleTelegram(bool)
 .text._ZN3Bus16sendNextTelegramEv
                0x000019a4       0x30 C:\Users\Olli\CloudStation\uC_Stuff\Selfbus\software-arm-lib\sblib\Debug_BCU1\libsblib.a(bus.o)
                0x000019a4                Bus::sendNextTelegram()
 .text._ZN3Bus21timerInterruptHandlerEv
                0x000019d4      0x928 C:\Users\Olli\CloudStation\uC_Stuff\Selfbus\software-arm-lib\sblib\Debug_BCU1\libsblib.a(bus.o)
                0x000019d4                Bus::timerInterruptHandler()
 .text._ZNK3Bus15prepareTelegramEPht
                0x000022fc       0x88 C:\Users\Olli\CloudStation\uC_Stuff\Selfbus\software-arm-lib\sblib\Debug_BCU1\libsblib.a(bus.o)
                0x000022fc                Bus::prepareTelegram(unsigned char*, unsigned short) const
 .text._ZN3Bus12sendTelegramEPht
                0x00002384       0xc0 C:\Users\Olli\CloudStation\uC_Stuff\Selfbus\software-arm-lib\sblib\Debug_BCU1\libsblib.a(bus.o)
                0x00002384                Bus::sendTelegram(unsigned char*, unsigned short)
 .text._Z10objectTypei
                0x00002444       0x1c C:\Users\Olli\CloudStation\uC_Stuff\Selfbus\software-arm-lib\sblib\Debug_BCU1\libsblib.a(com_objects.o)
                0x00002444                objectType(int)
 .text._Z12objectConfigi
                0x00002460       0x24 C:\Users\Olli\CloudStation\uC_Stuff\Selfbus\software-arm-lib\sblib\Debug_BCU1\libsblib.a(com_objects.o)
                0x00002460                objectConfig(int)
 .text._Z18telegramObjectSizei
                0x00002484       0x34 C:\Users\Olli\CloudStation\uC_Stuff\Selfbus\software-arm-lib\sblib\Debug_BCU1\libsblib.a(com_objects.o)
                0x00002484                telegramObjectSize(int)
 .text._Z14addObjectFlagsii
                0x000024b8       0x54 C:\Users\Olli\CloudStation\uC_Stuff\Selfbus\software-arm-lib\sblib\Debug_BCU1\libsblib.a(com_objects.o)
                0x000024b8                addObjectFlags(int, int)
 .text._Z14objectValuePtri
                0x0000250c       0x48 C:\Users\Olli\CloudStation\uC_Stuff\Selfbus\software-arm-lib\sblib\Debug_BCU1\libsblib.a(com_objects.o)
                0x0000250c                objectValuePtr(int)
 .text._Z11objectCountv
                0x00002554       0x14 C:\Users\Olli\CloudStation\uC_Stuff\Selfbus\software-arm-lib\sblib\Debug_BCU1\libsblib.a(com_objects.o)
                0x00002554                objectCount()
 .text._Z15firstObjectAddri
                0x00002568       0x70 C:\Users\Olli\CloudStation\uC_Stuff\Selfbus\software-arm-lib\sblib\Debug_BCU1\libsblib.a(com_objects.o)
                0x00002568                firstObjectAddr(int)
 .text._Z21sendGroupReadTelegramii
                0x000025d8       0x60 C:\Users\Olli\CloudStation\uC_Stuff\Selfbus\software-arm-lib\sblib\Debug_BCU1\libsblib.a(com_objects.o)
                0x000025d8                sendGroupReadTelegram(int, int)
 .text._Z22sendGroupWriteTelegramiib
                0x00002638       0xec C:\Users\Olli\CloudStation\uC_Stuff\Selfbus\software-arm-lib\sblib\Debug_BCU1\libsblib.a(com_objects.o)
                0x00002638                sendGroupWriteTelegram(int, int, bool)
 .text._Z21sendNextGroupTelegramv
                0x00002724      0x110 C:\Users\Olli\CloudStation\uC_Stuff\Selfbus\software-arm-lib\sblib\Debug_BCU1\libsblib.a(com_objects.o)
                0x00002724                sendNextGroupTelegram()
 .text._Z25processGroupWriteTelegrami
                0x00002834       0x60 C:\Users\Olli\CloudStation\uC_Stuff\Selfbus\software-arm-lib\sblib\Debug_BCU1\libsblib.a(com_objects.o)
                0x00002834                processGroupWriteTelegram(int)
 .text._Z20processGroupTelegramii
                0x00002894       0xc0 C:\Users\Olli\CloudStation\uC_Stuff\Selfbus\software-arm-lib\sblib\Debug_BCU1\libsblib.a(com_objects.o)
                0x00002894                processGroupTelegram(int, int)
 .text._Z17objectConfigTablev
                0x00002954       0x20 C:\Users\Olli\CloudStation\uC_Stuff\Selfbus\software-arm-lib\sblib\Debug_BCU1\libsblib.a(com_objects.o)
                0x00002954                objectConfigTable()
 .text._Z16objectFlagsTablev
                0x00002974       0x28 C:\Users\Olli\CloudStation\uC_Stuff\Selfbus\software-arm-lib\sblib\Debug_BCU1\libsblib.a(com_objects.o)
                0x00002974                objectFlagsTable()
 .text._Z13findValidPagev
                0x0000299c       0x50 C:\Users\Olli\CloudStation\uC_Stuff\Selfbus\software-arm-lib\sblib\Debug_BCU1\libsblib.a(user_memory.o)
                0x0000299c                findValidPage()
 .text._Z14readUserEepromv
                0x000029ec       0x4c C:\Users\Olli\CloudStation\uC_Stuff\Selfbus\software-arm-lib\sblib\Debug_BCU1\libsblib.a(user_memory.o)
                0x000029ec                readUserEeprom()
 .text._Z15writeUserEepromv
                0x00002a38       0xfc C:\Users\Olli\CloudStation\uC_Stuff\Selfbus\software-arm-lib\sblib\Debug_BCU1\libsblib.a(user_memory.o)
                0x00002a38                writeUserEeprom()
 .text._ZN9DebouncerC2Ev
                0x00002b34       0x18 C:\Users\Olli\CloudStation\uC_Stuff\Selfbus\software-arm-lib\sblib\Debug_BCU1\libsblib.a(debounce.o)
                0x00002b34                Debouncer::Debouncer()
                0x00002b34                Debouncer::Debouncer()
 .text._ZN9Debouncer8debounceEij
                0x00002b4c       0x5c C:\Users\Olli\CloudStation\uC_Stuff\Selfbus\software-arm-lib\sblib\Debug_BCU1\libsblib.a(debounce.o)
                0x00002b4c                Debouncer::debounce(int, unsigned int)
 .text._Z22IAP_Call_InterruptSafePjS_
                0x00002ba8       0x24 C:\Users\Olli\CloudStation\uC_Stuff\Selfbus\software-arm-lib\sblib\Debug_BCU1\libsblib.a(iap.o)
                0x00002ba8                IAP_Call_InterruptSafe(unsigned int*, unsigned int*)
 .text._ZL14_prepareSectori
                0x00002bcc       0x44 C:\Users\Olli\CloudStation\uC_Stuff\Selfbus\software-arm-lib\sblib\Debug_BCU1\libsblib.a(iap.o)
 .text._Z14iapEraseSectori
                0x00002c10       0xb0 C:\Users\Olli\CloudStation\uC_Stuff\Selfbus\software-arm-lib\sblib\Debug_BCU1\libsblib.a(iap.o)
                0x00002c10                iapEraseSector(int)
 .text._Z12iapErasePagei
                0x00002cc0       0x88 C:\Users\Olli\CloudStation\uC_Stuff\Selfbus\software-arm-lib\sblib\Debug_BCU1\libsblib.a(iap.o)
                0x00002cc0                iapErasePage(int)
 .text._Z10iapProgramPhPKhj
                0x00002d48       0xd0 C:\Users\Olli\CloudStation\uC_Stuff\Selfbus\software-arm-lib\sblib\Debug_BCU1\libsblib.a(iap.o)
                0x00002d48                iapProgram(unsigned char*, unsigned char const*, unsigned int)
 .text._Z18iapSectorOfAddressPKh
                0x00002e18       0x24 C:\Users\Olli\CloudStation\uC_Stuff\Selfbus\software-arm-lib\sblib\Debug_BCU1\libsblib.a(iap.o)
                0x00002e18                iapSectorOfAddress(unsigned char const*)
 .text._Z12iapFlashSizev
                0x00002e3c       0x74 C:\Users\Olli\CloudStation\uC_Stuff\Selfbus\software-arm-lib\sblib\Debug_BCU1\libsblib.a(iap.o)
                0x00002e3c                iapFlashSize()
 .text._Z20getPinFunctionNumberis
                0x00002eb0       0x54 C:\Users\Olli\CloudStation\uC_Stuff\Selfbus\software-arm-lib\sblib\Debug_BCU1\libsblib.a(ioports.o)
                0x00002eb0                getPinFunctionNumber(int, short)
 .text.NVIC_SetPriority
                0x00002f04       0xd4 C:\Users\Olli\CloudStation\uC_Stuff\Selfbus\software-arm-lib\sblib\Debug_BCU1\libsblib.a(main.o)
 .text.SysTick_Config
                0x00002fd8       0x48 C:\Users\Olli\CloudStation\uC_Stuff\Selfbus\software-arm-lib\sblib\Debug_BCU1\libsblib.a(main.o)
 .text._ZNK7BcuBase18applicationRunningEv
                0x00003020       0x64 C:\Users\Olli\CloudStation\uC_Stuff\Selfbus\software-arm-lib\sblib\Debug_BCU1\libsblib.a(main.o)
                0x00003020                BcuBase::applicationRunning() const
 .text._ZL9lib_setupv
                0x00003084       0x2c C:\Users\Olli\CloudStation\uC_Stuff\Selfbus\software-arm-lib\sblib\Debug_BCU1\libsblib.a(main.o)
 .text.main     0x000030b0       0x3c C:\Users\Olli\CloudStation\uC_Stuff\Selfbus\software-arm-lib\sblib\Debug_BCU1\libsblib.a(main.o)
                0x000030b0                main
 .text._ZNK9MemMapper7doFlashEv
                0x000030ec       0xe8 C:\Users\Olli\CloudStation\uC_Stuff\Selfbus\software-arm-lib\sblib\Debug_BCU1\libsblib.a(mem_mapper.o)
                0x000030ec                MemMapper::doFlash() const
 .text._ZN9MemMapper12allocatePageEi
                0x000031d4       0xec C:\Users\Olli\CloudStation\uC_Stuff\Selfbus\software-arm-lib\sblib\Debug_BCU1\libsblib.a(mem_mapper.o)
                0x000031d4                MemMapper::allocatePage(int)
 .text._ZNK9MemMapper15getFlashPageNumEi
                0x000032c0       0x38 C:\Users\Olli\CloudStation\uC_Stuff\Selfbus\software-arm-lib\sblib\Debug_BCU1\libsblib.a(mem_mapper.o)
                0x000032c0                MemMapper::getFlashPageNum(int) const
 .text._ZN9MemMapper8writeMemEih
                0x000032f8       0xdc C:\Users\Olli\CloudStation\uC_Stuff\Selfbus\software-arm-lib\sblib\Debug_BCU1\libsblib.a(mem_mapper.o)
                0x000032f8                MemMapper::writeMem(int, unsigned char)
 .text._ZN9MemMapper11writeMemPtrEiPhi
                0x000033d4       0x54 C:\Users\Olli\CloudStation\uC_Stuff\Selfbus\software-arm-lib\sblib\Debug_BCU1\libsblib.a(mem_mapper.o)
                0x000033d4                MemMapper::writeMemPtr(int, unsigned char*, int)
 .text._ZN9MemMapper7readMemEiRhb
                0x00003428       0xa4 C:\Users\Olli\CloudStation\uC_Stuff\Selfbus\software-arm-lib\sblib\Debug_BCU1\libsblib.a(mem_mapper.o)
                0x00003428                MemMapper::readMem(int, unsigned char&, bool)
 .text._ZN9MemMapper10readMemPtrEiPhib
                0x000034cc       0x54 C:\Users\Olli\CloudStation\uC_Stuff\Selfbus\software-arm-lib\sblib\Debug_BCU1\libsblib.a(mem_mapper.o)
                0x000034cc                MemMapper::readMemPtr(int, unsigned char*, int, bool)
 .text._ZN9MemMapper8isMappedEi
                0x00003520       0x34 C:\Users\Olli\CloudStation\uC_Stuff\Selfbus\software-arm-lib\sblib\Debug_BCU1\libsblib.a(mem_mapper.o)
                0x00003520                MemMapper::isMapped(int)
 .text.NVIC_DisableIRQ
                0x00003554       0x30 C:\Users\Olli\CloudStation\uC_Stuff\Selfbus\software-arm-lib\sblib\Debug_BCU1\libsblib.a(spi.o)
 .text._ZN3SPIC2Eii
                0x00003584       0xac C:\Users\Olli\CloudStation\uC_Stuff\Selfbus\software-arm-lib\sblib\Debug_BCU1\libsblib.a(spi.o)
                0x00003584                SPI::SPI(int, int)
                0x00003584                SPI::SPI(int, int)
 .text._ZN3SPI15setClockDividerEi
                0x00003630       0x30 C:\Users\Olli\CloudStation\uC_Stuff\Selfbus\software-arm-lib\sblib\Debug_BCU1\libsblib.a(spi.o)
                0x00003630                SPI::setClockDivider(int)
 .text._ZN3SPI5beginEv
                0x00003660       0x20 C:\Users\Olli\CloudStation\uC_Stuff\Selfbus\software-arm-lib\sblib\Debug_BCU1\libsblib.a(spi.o)
                0x00003660                SPI::begin()
 .text._ZN3SPI8transferEi15SpiTransferMode
                0x00003680       0x60 C:\Users\Olli\CloudStation\uC_Stuff\Selfbus\software-arm-lib\sblib\Debug_BCU1\libsblib.a(spi.o)
                0x00003680                SPI::transfer(int, SpiTransferMode)
 .text._ZN3SPI21continueBlockTransferEv
                0x000036e0      0x160 C:\Users\Olli\CloudStation\uC_Stuff\Selfbus\software-arm-lib\sblib\Debug_BCU1\libsblib.a(spi.o)
                0x000036e0                SPI::continueBlockTransfer()
 .text.SSP0_IRQHandler
                0x00003840       0x24 C:\Users\Olli\CloudStation\uC_Stuff\Selfbus\software-arm-lib\sblib\Debug_BCU1\libsblib.a(spi.o)
                0x00003840                SSP0_IRQHandler
 .text.SSP1_IRQHandler
                0x00003864       0x18 C:\Users\Olli\CloudStation\uC_Stuff\Selfbus\software-arm-lib\sblib\Debug_BCU1\libsblib.a(spi.o)
                0x00003864                SSP1_IRQHandler
 .text._Z5delayj
                0x0000387c       0x44 C:\Users\Olli\CloudStation\uC_Stuff\Selfbus\software-arm-lib\sblib\Debug_BCU1\libsblib.a(timer.o)
                0x0000387c                delay(unsigned int)
 .text._ZN5TimerC2Eh
                0x000038c0       0x34 C:\Users\Olli\CloudStation\uC_Stuff\Selfbus\software-arm-lib\sblib\Debug_BCU1\libsblib.a(timer.o)
                0x000038c0                Timer::Timer(unsigned char)
                0x000038c0                Timer::Timer(unsigned char)
 .text._ZN5Timer9matchModeEii
                0x000038f4       0x94 C:\Users\Olli\CloudStation\uC_Stuff\Selfbus\software-arm-lib\sblib\Debug_BCU1\libsblib.a(timer.o)
                0x000038f4                Timer::matchMode(int, int)
 .text._ZN5Timer11captureModeEii
                0x00003988       0x90 C:\Users\Olli\CloudStation\uC_Stuff\Selfbus\software-arm-lib\sblib\Debug_BCU1\libsblib.a(timer.o)
                0x00003988                Timer::captureMode(int, int)
 .text.SysTick_Handler
                0x00003a18       0x18 C:\Users\Olli\CloudStation\uC_Stuff\Selfbus\software-arm-lib\sblib\Debug_BCU1\libsblib.a(timer.o)
                0x00003a18                SysTick_Handler
 .text._Z41__static_initialization_and_destruction_0ii
                0x00003a30       0x5c C:\Users\Olli\CloudStation\uC_Stuff\Selfbus\software-arm-lib\sblib\Debug_BCU1\libsblib.a(timer.o)
 .text._GLOBAL__sub_I_systemTime
                0x00003a8c       0x18 C:\Users\Olli\CloudStation\uC_Stuff\Selfbus\software-arm-lib\sblib\Debug_BCU1\libsblib.a(timer.o)
 .text.NVIC_SetPriority
                0x00003aa4       0xd4 C:\Users\Olli\CloudStation\uC_Stuff\Selfbus\software-arm-lib\sblib\Debug_BCU1\libsblib.a(utils.o)
 .text.SysTick_Config
                0x00003b78       0x48 C:\Users\Olli\CloudStation\uC_Stuff\Selfbus\software-arm-lib\sblib\Debug_BCU1\libsblib.a(utils.o)
 .text._Z11reverseCopyPhPKhi
                0x00003bc0       0x3c C:\Users\Olli\CloudStation\uC_Stuff\Selfbus\software-arm-lib\sblib\Debug_BCU1\libsblib.a(utils.o)
                0x00003bc0                reverseCopy(unsigned char*, unsigned char const*, int)
 .text._Z10fatalErrorv
                0x00003bfc       0x78 C:\Users\Olli\CloudStation\uC_Stuff\Selfbus\software-arm-lib\sblib\Debug_BCU1\libsblib.a(utils.o)
                0x00003bfc                fatalError()
 .text._Z11indexOfAddri
                0x00003c74       0x70 C:\Users\Olli\CloudStation\uC_Stuff\Selfbus\software-arm-lib\sblib\Debug_BCU1\libsblib.a(addr_tables.o)
                0x00003c74                indexOfAddr(int)
 .text._Z9addrTablev
                0x00003ce4       0x14 C:\Users\Olli\CloudStation\uC_Stuff\Selfbus\software-arm-lib\sblib\Debug_BCU1\libsblib.a(addr_tables.o)
                0x00003ce4                addrTable()
 .text._Z10assocTablev
                0x00003cf8       0x20 C:\Users\Olli\CloudStation\uC_Stuff\Selfbus\software-arm-lib\sblib\Debug_BCU1\libsblib.a(addr_tables.o)
                0x00003cf8                assocTable()
 .text          0x00003d18      0x120 c:/nxp/lpcxpresso_7.9.2_493/lpcxpresso/tools/bin/../lib/gcc/arm-none-eabi/4.9.3/armv6-m\libgcc.a(_udivsi3.o)
                0x00003d18                __aeabi_uidiv
                0x00003d18                __udivsi3
                0x00003e24                __aeabi_uidivmod
 .text          0x00003e38        0x4 c:/nxp/lpcxpresso_7.9.2_493/lpcxpresso/tools/bin/../lib/gcc/arm-none-eabi/4.9.3/armv6-m\libgcc.a(_dvmd_tls.o)
                0x00003e38                __aeabi_idiv0
                0x00003e38                __aeabi_ldiv0
 .text.__libc_init_array
                0x00003e3c       0x4c c:/nxp/lpcxpresso_7.9.2_493/lpcxpresso/tools/bin/../lib/gcc/arm-none-eabi/4.9.3/../../../../arm-none-eabi/lib/armv6-m\libc_nano.a(lib_a-init.o)
                0x00003e3c                __libc_init_array
 .text.memcpy   0x00003e88       0x12 c:/nxp/lpcxpresso_7.9.2_493/lpcxpresso/tools/bin/../lib/gcc/arm-none-eabi/4.9.3/../../../../arm-none-eabi/lib/armv6-m\libc_nano.a(lib_a-memcpy.o)
                0x00003e88                memcpy
 .text.memset   0x00003e9a       0x10 c:/nxp/lpcxpresso_7.9.2_493/lpcxpresso/tools/bin/../lib/gcc/arm-none-eabi/4.9.3/../../../../arm-none-eabi/lib/armv6-m\libc_nano.a(lib_a-memset.o)
                0x00003e9a                memset
 *fill*         0x00003eaa        0x2 
 .text          0x00003eac       0x60 c:/nxp/lpcxpresso_7.9.2_493/lpcxpresso/tools/bin/../lib/gcc/arm-none-eabi/4.9.3/armv6-m\crtbegin.o
 *(.rodata .rodata.* .constdata .constdata.*)
 .rodata.bcu    0x00003f0c        0x4 ./src/app_main.o
                0x00003f0c                bcu
 .rodata._ZL13rxPinLocation
                0x00003f10       0x10 C:\Users\Olli\CloudStation\uC_Stuff\Selfbus\software-arm-lib\sblib\Debug_BCU1\libsblib.a(digital_pin.o)
 .rodata.gpioPorts
                0x00003f20       0x10 C:\Users\Olli\CloudStation\uC_Stuff\Selfbus\software-arm-lib\sblib\Debug_BCU1\libsblib.a(platform.o)
                0x00003f20                gpioPorts
 .rodata._ZL12ioconOffsets
                0x00003f30       0x60 C:\Users\Olli\CloudStation\uC_Stuff\Selfbus\software-arm-lib\sblib\Debug_BCU1\libsblib.a(platform.o)
 .rodata._ZTV3BCU
                0x00003f90       0x18 C:\Users\Olli\CloudStation\uC_Stuff\Selfbus\software-arm-lib\sblib\Debug_BCU1\libsblib.a(bcu.o)
                0x00003f90                vtable for BCU
 .rodata._ZTV7BcuBase
                0x00003fa8       0x18 C:\Users\Olli\CloudStation\uC_Stuff\Selfbus\software-arm-lib\sblib\Debug_BCU1\libsblib.a(bcu_base.o)
                0x00003fa8                vtable for BcuBase
 .rodata._ZN3Bus21timerInterruptHandlerEv
                0x00003fc0       0x28 C:\Users\Olli\CloudStation\uC_Stuff\Selfbus\software-arm-lib\sblib\Debug_BCU1\libsblib.a(bus.o)
 .rodata._ZL15objectTypeSizes
                0x00003fe8        0xa C:\Users\Olli\CloudStation\uC_Stuff\Selfbus\software-arm-lib\sblib\Debug_BCU1\libsblib.a(com_objects.o)
 *fill*         0x00003ff2        0x2 
 .rodata.userRam
                0x00003ff4        0x4 C:\Users\Olli\CloudStation\uC_Stuff\Selfbus\software-arm-lib\sblib\Debug_BCU1\libsblib.a(user_memory.o)
                0x00003ff4                userRam
 .rodata.userEeprom
                0x00003ff8        0x4 C:\Users\Olli\CloudStation\uC_Stuff\Selfbus\software-arm-lib\sblib\Debug_BCU1\libsblib.a(user_memory.o)
                0x00003ff8                userEeprom
 .rodata._ZL5ports
                0x00003ffc        0x8 C:\Users\Olli\CloudStation\uC_Stuff\Selfbus\software-arm-lib\sblib\Debug_BCU1\libsblib.a(spi.o)
 .rodata._ZL6timers
                0x00004004       0x10 C:\Users\Olli\CloudStation\uC_Stuff\Selfbus\software-arm-lib\sblib\Debug_BCU1\libsblib.a(timer.o)
                0x00004014                . = ALIGN (0x4)
                0x00004014                . = ALIGN (0x4)
 *(.init)
 .init          0x00004014        0x4 c:/nxp/lpcxpresso_7.9.2_493/lpcxpresso/tools/bin/../lib/gcc/arm-none-eabi/4.9.3/armv6-m\crti.o
                0x00004014                _init
 .init          0x00004018        0x8 c:/nxp/lpcxpresso_7.9.2_493/lpcxpresso/tools/bin/../lib/gcc/arm-none-eabi/4.9.3/armv6-m\crtn.o
                0x00004020                . = ALIGN (0x4)
                0x00004020                __preinit_array_start = .
 *(.preinit_array)
                0x00004020                __preinit_array_end = .
                0x00004020                . = ALIGN (0x4)
                0x00004020                __init_array_start = .
 *(SORT(.init_array.*))
 *(.init_array)
 .init_array    0x00004020        0x4 ./src/app_main.o
 .init_array    0x00004024        0x4 C:\Users\Olli\CloudStation\uC_Stuff\Selfbus\software-arm-lib\sblib\Debug_BCU1\libsblib.a(timer.o)
 .init_array    0x00004028        0x4 c:/nxp/lpcxpresso_7.9.2_493/lpcxpresso/tools/bin/../lib/gcc/arm-none-eabi/4.9.3/armv6-m\crtbegin.o
                0x0000402c                __init_array_end = .
 *(.fini)
 .fini          0x0000402c        0x4 c:/nxp/lpcxpresso_7.9.2_493/lpcxpresso/tools/bin/../lib/gcc/arm-none-eabi/4.9.3/armv6-m\crti.o
                0x0000402c                _fini
 .fini          0x00004030        0x8 c:/nxp/lpcxpresso_7.9.2_493/lpcxpresso/tools/bin/../lib/gcc/arm-none-eabi/4.9.3/armv6-m\crtn.o
                0x00004038                . = ALIGN (0x4)
 *crtbegin.o(.ctors)
 *(EXCLUDE_FILE(*crtend.o) .ctors)
 *(SORT(.ctors.*))
 *crtend.o(.ctors)
                0x00004038                . = ALIGN (0x4)
 *crtbegin.o(.dtors)
 *(EXCLUDE_FILE(*crtend.o) .dtors)
 *(SORT(.dtors.*))
 *crtend.o(.dtors)
                0x00004038                . = ALIGN (0x4)

.glue_7         0x00004038        0x0
 .glue_7        0x00000000        0x0 linker stubs

.glue_7t        0x00004038        0x0
 .glue_7t       0x00000000        0x0 linker stubs

.vfp11_veneer   0x00004038        0x0
 .vfp11_veneer  0x00000000        0x0 linker stubs

.v4_bx          0x00004038        0x0
 .v4_bx         0x00000000        0x0 linker stubs

.iplt           0x00004038        0x0
 .iplt          0x00000000        0x0 ./src/app_main.o

.rel.dyn        0x00004038        0x0
 .rel.iplt      0x00000000        0x0 ./src/app_main.o

.eh_frame       0x00004038        0x0
 .eh_frame      0x00004038        0x0 c:/nxp/lpcxpresso_7.9.2_493/lpcxpresso/tools/bin/../lib/gcc/arm-none-eabi/4.9.3/armv6-m\crtbegin.o

.ARM.extab
 *(.ARM.extab* .gnu.linkonce.armextab.*)
                0x00004038                __exidx_start = .

.ARM.exidx
 *(.ARM.exidx* .gnu.linkonce.armexidx.*)
                0x00004038                __exidx_end = .
                0x00004038                _etext = .

.uninit_RESERVED
                0x10000000        0x0
 *(.bss.$RESERVED*)
                0x10000000                . = ALIGN (0x4)
                0x10000000                _end_uninit_RESERVED = .

.data           0x10000000        0x8 load address 0x00004038
 FILL mask 0xff
                0x10000000                _data = .
 *(vtable)
 *(.ramfunc*)
 *(.data*)
 .data.blinkPin
                0x10000000        0x4 ./src/app_main.o
                0x10000000                blinkPin
 .data.SystemCoreClock
                0x10000004        0x4 C:\Users\Olli\CloudStation\uC_Stuff\LPC_workspaces\LPC1115_Selfbus\CMSIS_CORE_LPC11xx\Debug\libCMSIS_CORE_LPC11xx.a(system_LPC11xx.o)
                0x10000004                SystemCoreClock
                0x10000008                . = ALIGN (0x4)
                0x10000008                _edata = .

.igot.plt       0x10000008        0x0 load address 0x00004040
 .igot.plt      0x00000000        0x0 ./src/app_main.o

.jcr            0x10000008        0x0 load address 0x00004040
 .jcr           0x10000008        0x0 c:/nxp/lpcxpresso_7.9.2_493/lpcxpresso/tools/bin/../lib/gcc/arm-none-eabi/4.9.3/armv6-m\crtbegin.o

.bss            0x10000008      0x330 load address 0x00004040
                0x10000008                _bss = .
 *(.bss*)
 .bss._ZL4_bcu  0x10000008       0x54 ./src/app_main.o
 .bss.bus       0x1000005c       0x6c ./src/app_main.o
                0x1000005c                bus
 .bss.spi       0x100000c8        0x8 ./src/app_main.o
                0x100000c8                spi
 .bss._ZZ4loopvE3val
                0x100000d0        0x4 ./src/app_main.o
 .bss._ZL9debugLine
                0x100000d4        0x4 C:\Users\Olli\CloudStation\uC_Stuff\Selfbus\software-arm-lib\sblib\Debug_BCU1\libsblib.a(bus.o)
 .bss.sndStartIdx
                0x100000d8        0x4 C:\Users\Olli\CloudStation\uC_Stuff\Selfbus\software-arm-lib\sblib\Debug_BCU1\libsblib.a(com_objects.o)
                0x100000d8                sndStartIdx
 .bss.userRamData
                0x100000dc      0x103 C:\Users\Olli\CloudStation\uC_Stuff\Selfbus\software-arm-lib\sblib\Debug_BCU1\libsblib.a(user_memory.o)
                0x100000dc                userRamData
 *fill*         0x100001df        0x1 
 .bss.userEepromData
                0x100001e0      0x100 C:\Users\Olli\CloudStation\uC_Stuff\Selfbus\software-arm-lib\sblib\Debug_BCU1\libsblib.a(user_memory.o)
                0x100001e0                userEepromData
 .bss.userEepromModified
                0x100002e0        0x1 C:\Users\Olli\CloudStation\uC_Stuff\Selfbus\software-arm-lib\sblib\Debug_BCU1\libsblib.a(user_memory.o)
                0x100002e0                userEepromModified
 *fill*         0x100002e1        0x3 
 .bss.writeUserEepromTime
                0x100002e4        0x4 C:\Users\Olli\CloudStation\uC_Stuff\Selfbus\software-arm-lib\sblib\Debug_BCU1\libsblib.a(user_memory.o)
                0x100002e4                writeUserEepromTime
 .bss.iapFlashBytes
                0x100002e8        0x4 C:\Users\Olli\CloudStation\uC_Stuff\Selfbus\software-arm-lib\sblib\Debug_BCU1\libsblib.a(iap.o)
                0x100002e8                iapFlashBytes
 .bss._ZL9instances
                0x100002ec        0x8 C:\Users\Olli\CloudStation\uC_Stuff\Selfbus\software-arm-lib\sblib\Debug_BCU1\libsblib.a(spi.o)
 .bss.int_ssp_0
                0x100002f4        0x4 C:\Users\Olli\CloudStation\uC_Stuff\Selfbus\software-arm-lib\sblib\Debug_BCU1\libsblib.a(spi.o)
                0x100002f4                int_ssp_0
 .bss.systemTime
                0x100002f8        0x4 C:\Users\Olli\CloudStation\uC_Stuff\Selfbus\software-arm-lib\sblib\Debug_BCU1\libsblib.a(timer.o)
                0x100002f8                systemTime
 .bss.timer16_0
                0x100002fc        0x8 C:\Users\Olli\CloudStation\uC_Stuff\Selfbus\software-arm-lib\sblib\Debug_BCU1\libsblib.a(timer.o)
                0x100002fc                timer16_0
 .bss.timer16_1
                0x10000304        0x8 C:\Users\Olli\CloudStation\uC_Stuff\Selfbus\software-arm-lib\sblib\Debug_BCU1\libsblib.a(timer.o)
                0x10000304                timer16_1
 .bss.timer32_0
                0x1000030c        0x8 C:\Users\Olli\CloudStation\uC_Stuff\Selfbus\software-arm-lib\sblib\Debug_BCU1\libsblib.a(timer.o)
                0x1000030c                timer32_0
 .bss.timer32_1
                0x10000314        0x8 C:\Users\Olli\CloudStation\uC_Stuff\Selfbus\software-arm-lib\sblib\Debug_BCU1\libsblib.a(timer.o)
                0x10000314                timer32_1
 .bss           0x1000031c       0x1c c:/nxp/lpcxpresso_7.9.2_493/lpcxpresso/tools/bin/../lib/gcc/arm-none-eabi/4.9.3/armv6-m\crtbegin.o
 *(COMMON)
                0x10000338                . = ALIGN (0x4)
                0x10000338                _ebss = .
                0x10000338                PROVIDE (end, .)

.noinit         0x10000338        0x0 load address 0x00004040
                0x10000338                _noinit = .
 *(.noinit*)
                0x10000338                . = ALIGN (0x4)
                0x10000338                _end_noinit = .
                0x10000338                PROVIDE (_pvHeapStart, DEFINED (__user_heap_base)?__user_heap_base:.)
                0x10002000                PROVIDE (_vStackTop, DEFINED (__user_stack_top)?__user_stack_top:(__top_RamLoc8 - 0x0))
                0xefffdd51                PROVIDE (__valid_user_code_checksum, (0x0 - (((_vStackTop + (ResetISR + 0x1)) + (DEFINED (NMI_Handler)?NMI_Handler:M0_NMI_Handler + 0x1)) + (DEFINED (HardFault_Handler)?HardFault_Handler:M0_HardFault_Handler + 0x1))))
OUTPUT(example-spi-out.axf elf32-littlearm)

.debug_info     0x00000000     0xf732
 .debug_info    0x00000000     0x1697 ./src/app_main.o
 .debug_info    0x00001697      0x271 ./src/cr_startup_lpc11xx.o
 .debug_info    0x00001908       0x3f ./src/crp.o
 .debug_info    0x00001947      0x456 C:\Users\Olli\CloudStation\uC_Stuff\LPC_workspaces\LPC1115_Selfbus\CMSIS_CORE_LPC11xx\Debug\libCMSIS_CORE_LPC11xx.a(system_LPC11xx.o)
 .debug_info    0x00001d9d      0x968 C:\Users\Olli\CloudStation\uC_Stuff\Selfbus\software-arm-lib\sblib\Debug_BCU1\libsblib.a(digital_pin.o)
 .debug_info    0x00002705      0x6a2 C:\Users\Olli\CloudStation\uC_Stuff\Selfbus\software-arm-lib\sblib\Debug_BCU1\libsblib.a(platform.o)
 .debug_info    0x00002da7     0x1bfd C:\Users\Olli\CloudStation\uC_Stuff\Selfbus\software-arm-lib\sblib\Debug_BCU1\libsblib.a(bcu.o)
 .debug_info    0x000049a4     0x186d C:\Users\Olli\CloudStation\uC_Stuff\Selfbus\software-arm-lib\sblib\Debug_BCU1\libsblib.a(bcu_base.o)
 .debug_info    0x00006211     0x1d9a C:\Users\Olli\CloudStation\uC_Stuff\Selfbus\software-arm-lib\sblib\Debug_BCU1\libsblib.a(bus.o)
 .debug_info    0x00007fab     0x192d C:\Users\Olli\CloudStation\uC_Stuff\Selfbus\software-arm-lib\sblib\Debug_BCU1\libsblib.a(com_objects.o)
 .debug_info    0x000098d8     0x124e C:\Users\Olli\CloudStation\uC_Stuff\Selfbus\software-arm-lib\sblib\Debug_BCU1\libsblib.a(user_memory.o)
 .debug_info    0x0000ab26      0x23f C:\Users\Olli\CloudStation\uC_Stuff\Selfbus\software-arm-lib\sblib\Debug_BCU1\libsblib.a(debounce.o)
 .debug_info    0x0000ad65      0x4f4 C:\Users\Olli\CloudStation\uC_Stuff\Selfbus\software-arm-lib\sblib\Debug_BCU1\libsblib.a(iap.o)
 .debug_info    0x0000b259      0x1b2 C:\Users\Olli\CloudStation\uC_Stuff\Selfbus\software-arm-lib\sblib\Debug_BCU1\libsblib.a(ioports.o)
 .debug_info    0x0000b40b     0x12eb C:\Users\Olli\CloudStation\uC_Stuff\Selfbus\software-arm-lib\sblib\Debug_BCU1\libsblib.a(main.o)
 .debug_info    0x0000c6f6      0xc64 C:\Users\Olli\CloudStation\uC_Stuff\Selfbus\software-arm-lib\sblib\Debug_BCU1\libsblib.a(mem_mapper.o)
 .debug_info    0x0000d35a      0x8ce C:\Users\Olli\CloudStation\uC_Stuff\Selfbus\software-arm-lib\sblib\Debug_BCU1\libsblib.a(spi.o)
 .debug_info    0x0000dc28      0xeb5 C:\Users\Olli\CloudStation\uC_Stuff\Selfbus\software-arm-lib\sblib\Debug_BCU1\libsblib.a(timer.o)
 .debug_info    0x0000eadd      0x7ee C:\Users\Olli\CloudStation\uC_Stuff\Selfbus\software-arm-lib\sblib\Debug_BCU1\libsblib.a(utils.o)
 .debug_info    0x0000f2cb      0x467 C:\Users\Olli\CloudStation\uC_Stuff\Selfbus\software-arm-lib\sblib\Debug_BCU1\libsblib.a(addr_tables.o)

.debug_abbrev   0x00000000     0x357a
 .debug_abbrev  0x00000000      0x4c0 ./src/app_main.o
 .debug_abbrev  0x000004c0      0x126 ./src/cr_startup_lpc11xx.o
 .debug_abbrev  0x000005e6       0x36 ./src/crp.o
 .debug_abbrev  0x0000061c      0x106 C:\Users\Olli\CloudStation\uC_Stuff\LPC_workspaces\LPC1115_Selfbus\CMSIS_CORE_LPC11xx\Debug\libCMSIS_CORE_LPC11xx.a(system_LPC11xx.o)
 .debug_abbrev  0x00000722      0x1d5 C:\Users\Olli\CloudStation\uC_Stuff\Selfbus\software-arm-lib\sblib\Debug_BCU1\libsblib.a(digital_pin.o)
 .debug_abbrev  0x000008f7      0x189 C:\Users\Olli\CloudStation\uC_Stuff\Selfbus\software-arm-lib\sblib\Debug_BCU1\libsblib.a(platform.o)
 .debug_abbrev  0x00000a80      0x4fc C:\Users\Olli\CloudStation\uC_Stuff\Selfbus\software-arm-lib\sblib\Debug_BCU1\libsblib.a(bcu.o)
 .debug_abbrev  0x00000f7c      0x4f1 C:\Users\Olli\CloudStation\uC_Stuff\Selfbus\software-arm-lib\sblib\Debug_BCU1\libsblib.a(bcu_base.o)
 .debug_abbrev  0x0000146d      0x4df C:\Users\Olli\CloudStation\uC_Stuff\Selfbus\software-arm-lib\sblib\Debug_BCU1\libsblib.a(bus.o)
 .debug_abbrev  0x0000194c      0x437 C:\Users\Olli\CloudStation\uC_Stuff\Selfbus\software-arm-lib\sblib\Debug_BCU1\libsblib.a(com_objects.o)
 .debug_abbrev  0x00001d83      0x3f2 C:\Users\Olli\CloudStation\uC_Stuff\Selfbus\software-arm-lib\sblib\Debug_BCU1\libsblib.a(user_memory.o)
 .debug_abbrev  0x00002175      0x198 C:\Users\Olli\CloudStation\uC_Stuff\Selfbus\software-arm-lib\sblib\Debug_BCU1\libsblib.a(debounce.o)
 .debug_abbrev  0x0000230d      0x1cb C:\Users\Olli\CloudStation\uC_Stuff\Selfbus\software-arm-lib\sblib\Debug_BCU1\libsblib.a(iap.o)
 .debug_abbrev  0x000024d8       0xce C:\Users\Olli\CloudStation\uC_Stuff\Selfbus\software-arm-lib\sblib\Debug_BCU1\libsblib.a(ioports.o)
 .debug_abbrev  0x000025a6      0x3c0 C:\Users\Olli\CloudStation\uC_Stuff\Selfbus\software-arm-lib\sblib\Debug_BCU1\libsblib.a(main.o)
 .debug_abbrev  0x00002966      0x252 C:\Users\Olli\CloudStation\uC_Stuff\Selfbus\software-arm-lib\sblib\Debug_BCU1\libsblib.a(mem_mapper.o)
 .debug_abbrev  0x00002bb8      0x2a4 C:\Users\Olli\CloudStation\uC_Stuff\Selfbus\software-arm-lib\sblib\Debug_BCU1\libsblib.a(spi.o)
 .debug_abbrev  0x00002e5c      0x377 C:\Users\Olli\CloudStation\uC_Stuff\Selfbus\software-arm-lib\sblib\Debug_BCU1\libsblib.a(timer.o)
 .debug_abbrev  0x000031d3      0x229 C:\Users\Olli\CloudStation\uC_Stuff\Selfbus\software-arm-lib\sblib\Debug_BCU1\libsblib.a(utils.o)
 .debug_abbrev  0x000033fc      0x17e C:\Users\Olli\CloudStation\uC_Stuff\Selfbus\software-arm-lib\sblib\Debug_BCU1\libsblib.a(addr_tables.o)

.debug_aranges  0x00000000      0x6f8
 .debug_aranges
                0x00000000       0x50 ./src/app_main.o
 .debug_aranges
                0x00000050       0x60 ./src/cr_startup_lpc11xx.o
 .debug_aranges
                0x000000b0       0x18 ./src/crp.o
 .debug_aranges
                0x000000c8       0x28 C:\Users\Olli\CloudStation\uC_Stuff\LPC_workspaces\LPC1115_Selfbus\CMSIS_CORE_LPC11xx\Debug\libCMSIS_CORE_LPC11xx.a(system_LPC11xx.o)
 .debug_aranges
                0x000000f0       0x38 C:\Users\Olli\CloudStation\uC_Stuff\Selfbus\software-arm-lib\sblib\Debug_BCU1\libsblib.a(digital_pin.o)
 .debug_aranges
                0x00000128       0x28 C:\Users\Olli\CloudStation\uC_Stuff\Selfbus\software-arm-lib\sblib\Debug_BCU1\libsblib.a(platform.o)
 .debug_aranges
                0x00000150       0xb8 C:\Users\Olli\CloudStation\uC_Stuff\Selfbus\software-arm-lib\sblib\Debug_BCU1\libsblib.a(bcu.o)
 .debug_aranges
                0x00000208       0x88 C:\Users\Olli\CloudStation\uC_Stuff\Selfbus\software-arm-lib\sblib\Debug_BCU1\libsblib.a(bcu_base.o)
 .debug_aranges
                0x00000290       0x60 C:\Users\Olli\CloudStation\uC_Stuff\Selfbus\software-arm-lib\sblib\Debug_BCU1\libsblib.a(bus.o)
 .debug_aranges
                0x000002f0       0xb8 C:\Users\Olli\CloudStation\uC_Stuff\Selfbus\software-arm-lib\sblib\Debug_BCU1\libsblib.a(com_objects.o)
 .debug_aranges
                0x000003a8       0x38 C:\Users\Olli\CloudStation\uC_Stuff\Selfbus\software-arm-lib\sblib\Debug_BCU1\libsblib.a(user_memory.o)
 .debug_aranges
                0x000003e0       0x28 C:\Users\Olli\CloudStation\uC_Stuff\Selfbus\software-arm-lib\sblib\Debug_BCU1\libsblib.a(debounce.o)
 .debug_aranges
                0x00000408       0x68 C:\Users\Olli\CloudStation\uC_Stuff\Selfbus\software-arm-lib\sblib\Debug_BCU1\libsblib.a(iap.o)
 .debug_aranges
                0x00000470       0x20 C:\Users\Olli\CloudStation\uC_Stuff\Selfbus\software-arm-lib\sblib\Debug_BCU1\libsblib.a(ioports.o)
 .debug_aranges
                0x00000490       0x40 C:\Users\Olli\CloudStation\uC_Stuff\Selfbus\software-arm-lib\sblib\Debug_BCU1\libsblib.a(main.o)
 .debug_aranges
                0x000004d0       0xb8 C:\Users\Olli\CloudStation\uC_Stuff\Selfbus\software-arm-lib\sblib\Debug_BCU1\libsblib.a(mem_mapper.o)
 .debug_aranges
                0x00000588       0x80 C:\Users\Olli\CloudStation\uC_Stuff\Selfbus\software-arm-lib\sblib\Debug_BCU1\libsblib.a(spi.o)
 .debug_aranges
                0x00000608       0x78 C:\Users\Olli\CloudStation\uC_Stuff\Selfbus\software-arm-lib\sblib\Debug_BCU1\libsblib.a(timer.o)
 .debug_aranges
                0x00000680       0x38 C:\Users\Olli\CloudStation\uC_Stuff\Selfbus\software-arm-lib\sblib\Debug_BCU1\libsblib.a(utils.o)
 .debug_aranges
                0x000006b8       0x40 C:\Users\Olli\CloudStation\uC_Stuff\Selfbus\software-arm-lib\sblib\Debug_BCU1\libsblib.a(addr_tables.o)

.debug_ranges   0x00000000      0x5c8
 .debug_ranges  0x00000000       0x40 ./src/app_main.o
 .debug_ranges  0x00000040       0x68 ./src/cr_startup_lpc11xx.o
 .debug_ranges  0x000000a8       0x18 C:\Users\Olli\CloudStation\uC_Stuff\LPC_workspaces\LPC1115_Selfbus\CMSIS_CORE_LPC11xx\Debug\libCMSIS_CORE_LPC11xx.a(system_LPC11xx.o)
 .debug_ranges  0x000000c0       0x28 C:\Users\Olli\CloudStation\uC_Stuff\Selfbus\software-arm-lib\sblib\Debug_BCU1\libsblib.a(digital_pin.o)
 .debug_ranges  0x000000e8       0x18 C:\Users\Olli\CloudStation\uC_Stuff\Selfbus\software-arm-lib\sblib\Debug_BCU1\libsblib.a(platform.o)
 .debug_ranges  0x00000100       0xa8 C:\Users\Olli\CloudStation\uC_Stuff\Selfbus\software-arm-lib\sblib\Debug_BCU1\libsblib.a(bcu.o)
 .debug_ranges  0x000001a8       0x78 C:\Users\Olli\CloudStation\uC_Stuff\Selfbus\software-arm-lib\sblib\Debug_BCU1\libsblib.a(bcu_base.o)
 .debug_ranges  0x00000220       0x50 C:\Users\Olli\CloudStation\uC_Stuff\Selfbus\software-arm-lib\sblib\Debug_BCU1\libsblib.a(bus.o)
 .debug_ranges  0x00000270       0xa8 C:\Users\Olli\CloudStation\uC_Stuff\Selfbus\software-arm-lib\sblib\Debug_BCU1\libsblib.a(com_objects.o)
 .debug_ranges  0x00000318       0x28 C:\Users\Olli\CloudStation\uC_Stuff\Selfbus\software-arm-lib\sblib\Debug_BCU1\libsblib.a(user_memory.o)
 .debug_ranges  0x00000340       0x18 C:\Users\Olli\CloudStation\uC_Stuff\Selfbus\software-arm-lib\sblib\Debug_BCU1\libsblib.a(debounce.o)
 .debug_ranges  0x00000358       0x58 C:\Users\Olli\CloudStation\uC_Stuff\Selfbus\software-arm-lib\sblib\Debug_BCU1\libsblib.a(iap.o)
 .debug_ranges  0x000003b0       0x10 C:\Users\Olli\CloudStation\uC_Stuff\Selfbus\software-arm-lib\sblib\Debug_BCU1\libsblib.a(ioports.o)
 .debug_ranges  0x000003c0       0x30 C:\Users\Olli\CloudStation\uC_Stuff\Selfbus\software-arm-lib\sblib\Debug_BCU1\libsblib.a(main.o)
 .debug_ranges  0x000003f0       0xa8 C:\Users\Olli\CloudStation\uC_Stuff\Selfbus\software-arm-lib\sblib\Debug_BCU1\libsblib.a(mem_mapper.o)
 .debug_ranges  0x00000498       0x70 C:\Users\Olli\CloudStation\uC_Stuff\Selfbus\software-arm-lib\sblib\Debug_BCU1\libsblib.a(spi.o)
 .debug_ranges  0x00000508       0x68 C:\Users\Olli\CloudStation\uC_Stuff\Selfbus\software-arm-lib\sblib\Debug_BCU1\libsblib.a(timer.o)
 .debug_ranges  0x00000570       0x28 C:\Users\Olli\CloudStation\uC_Stuff\Selfbus\software-arm-lib\sblib\Debug_BCU1\libsblib.a(utils.o)
 .debug_ranges  0x00000598       0x30 C:\Users\Olli\CloudStation\uC_Stuff\Selfbus\software-arm-lib\sblib\Debug_BCU1\libsblib.a(addr_tables.o)

.debug_macro    0x00000000     0x58e8
 .debug_macro   0x00000000      0x1d2 ./src/app_main.o
 .debug_macro   0x000001d2      0x86e ./src/app_main.o
 .debug_macro   0x00000a40       0x44 ./src/app_main.o
 .debug_macro   0x00000a84       0x11 ./src/app_main.o
 .debug_macro   0x00000a95       0x1c ./src/app_main.o
 .debug_macro   0x00000ab1       0x3a ./src/app_main.o
 .debug_macro   0x00000aeb       0x22 ./src/app_main.o
 .debug_macro   0x00000b0d       0x44 ./src/app_main.o
 .debug_macro   0x00000b51       0x58 ./src/app_main.o
 .debug_macro   0x00000ba9       0x22 ./src/app_main.o
 .debug_macro   0x00000bcb      0x1df ./src/app_main.o
 .debug_macro   0x00000daa       0x1f ./src/app_main.o
 .debug_macro   0x00000dc9      0x242 ./src/app_main.o
 .debug_macro   0x0000100b      0x131 ./src/app_main.o
 .debug_macro   0x0000113c       0x16 ./src/app_main.o
 .debug_macro   0x00001152       0x2e ./src/app_main.o
 .debug_macro   0x00001180       0x1f ./src/app_main.o
 .debug_macro   0x0000119f       0x10 ./src/app_main.o
 .debug_macro   0x000011af       0x5e ./src/app_main.o
 .debug_macro   0x0000120d       0x1c ./src/app_main.o
 .debug_macro   0x00001229       0x2e ./src/app_main.o
 .debug_macro   0x00001257       0x10 ./src/app_main.o
 .debug_macro   0x00001267       0x10 ./src/app_main.o
 .debug_macro   0x00001277       0x67 ./src/app_main.o
 .debug_macro   0x000012de       0x36 ./src/app_main.o
 .debug_macro   0x00001314       0x26 ./src/app_main.o
 .debug_macro   0x0000133a       0x11 ./src/app_main.o
 .debug_macro   0x0000134b       0x28 ./src/app_main.o
 .debug_macro   0x00001373       0x10 ./src/app_main.o
 .debug_macro   0x00001383       0x2e ./src/app_main.o
 .debug_macro   0x000013b1       0x10 ./src/app_main.o
 .debug_macro   0x000013c1       0xe2 ./src/app_main.o
 .debug_macro   0x000014a3       0x1d ./src/cr_startup_lpc11xx.o
 .debug_macro   0x000014c0      0x874 ./src/cr_startup_lpc11xx.o
 .debug_macro   0x00001d34       0x1a ./src/crp.o
 .debug_macro   0x00001d4e      0x844 ./src/crp.o
 .debug_macro   0x00002592       0x34 ./src/crp.o
 .debug_macro   0x000025c6      0x13b C:\Users\Olli\CloudStation\uC_Stuff\LPC_workspaces\LPC1115_Selfbus\CMSIS_CORE_LPC11xx\Debug\libCMSIS_CORE_LPC11xx.a(system_LPC11xx.o)
 .debug_macro   0x00002701      0x838 C:\Users\Olli\CloudStation\uC_Stuff\LPC_workspaces\LPC1115_Selfbus\CMSIS_CORE_LPC11xx\Debug\libCMSIS_CORE_LPC11xx.a(system_LPC11xx.o)
 .debug_macro   0x00002f39       0x10 C:\Users\Olli\CloudStation\uC_Stuff\LPC_workspaces\LPC1115_Selfbus\CMSIS_CORE_LPC11xx\Debug\libCMSIS_CORE_LPC11xx.a(system_LPC11xx.o)
 .debug_macro   0x00002f49      0x12d C:\Users\Olli\CloudStation\uC_Stuff\LPC_workspaces\LPC1115_Selfbus\CMSIS_CORE_LPC11xx\Debug\libCMSIS_CORE_LPC11xx.a(system_LPC11xx.o)
 .debug_macro   0x00003076      0x5b2 C:\Users\Olli\CloudStation\uC_Stuff\LPC_workspaces\LPC1115_Selfbus\CMSIS_CORE_LPC11xx\Debug\libCMSIS_CORE_LPC11xx.a(system_LPC11xx.o)
 .debug_macro   0x00003628      0x242 C:\Users\Olli\CloudStation\uC_Stuff\LPC_workspaces\LPC1115_Selfbus\CMSIS_CORE_LPC11xx\Debug\libCMSIS_CORE_LPC11xx.a(system_LPC11xx.o)
 .debug_macro   0x0000386a       0xd5 C:\Users\Olli\CloudStation\uC_Stuff\Selfbus\software-arm-lib\sblib\Debug_BCU1\libsblib.a(digital_pin.o)
 .debug_macro   0x0000393f      0x86e C:\Users\Olli\CloudStation\uC_Stuff\Selfbus\software-arm-lib\sblib\Debug_BCU1\libsblib.a(digital_pin.o)
 .debug_macro   0x000041ad       0x19 C:\Users\Olli\CloudStation\uC_Stuff\Selfbus\software-arm-lib\sblib\Debug_BCU1\libsblib.a(digital_pin.o)
 .debug_macro   0x000041c6      0x120 C:\Users\Olli\CloudStation\uC_Stuff\Selfbus\software-arm-lib\sblib\Debug_BCU1\libsblib.a(platform.o)
 .debug_macro   0x000042e6       0x34 C:\Users\Olli\CloudStation\uC_Stuff\Selfbus\software-arm-lib\sblib\Debug_BCU1\libsblib.a(platform.o)
 .debug_macro   0x0000431a      0x26f C:\Users\Olli\CloudStation\uC_Stuff\Selfbus\software-arm-lib\sblib\Debug_BCU1\libsblib.a(bcu.o)
 .debug_macro   0x00004589      0x166 C:\Users\Olli\CloudStation\uC_Stuff\Selfbus\software-arm-lib\sblib\Debug_BCU1\libsblib.a(bcu.o)
 .debug_macro   0x000046ef       0x10 C:\Users\Olli\CloudStation\uC_Stuff\Selfbus\software-arm-lib\sblib\Debug_BCU1\libsblib.a(bcu.o)
 .debug_macro   0x000046ff       0x35 C:\Users\Olli\CloudStation\uC_Stuff\Selfbus\software-arm-lib\sblib\Debug_BCU1\libsblib.a(bcu.o)
 .debug_macro   0x00004734       0x10 C:\Users\Olli\CloudStation\uC_Stuff\Selfbus\software-arm-lib\sblib\Debug_BCU1\libsblib.a(bcu.o)
 .debug_macro   0x00004744      0x243 C:\Users\Olli\CloudStation\uC_Stuff\Selfbus\software-arm-lib\sblib\Debug_BCU1\libsblib.a(bcu_base.o)
 .debug_macro   0x00004987      0x1a7 C:\Users\Olli\CloudStation\uC_Stuff\Selfbus\software-arm-lib\sblib\Debug_BCU1\libsblib.a(bus.o)
 .debug_macro   0x00004b2e      0x1cc C:\Users\Olli\CloudStation\uC_Stuff\Selfbus\software-arm-lib\sblib\Debug_BCU1\libsblib.a(com_objects.o)
 .debug_macro   0x00004cfa      0x200 C:\Users\Olli\CloudStation\uC_Stuff\Selfbus\software-arm-lib\sblib\Debug_BCU1\libsblib.a(user_memory.o)
 .debug_macro   0x00004efa       0xc3 C:\Users\Olli\CloudStation\uC_Stuff\Selfbus\software-arm-lib\sblib\Debug_BCU1\libsblib.a(debounce.o)
 .debug_macro   0x00004fbd       0x16 C:\Users\Olli\CloudStation\uC_Stuff\Selfbus\software-arm-lib\sblib\Debug_BCU1\libsblib.a(debounce.o)
 .debug_macro   0x00004fd3      0x17d C:\Users\Olli\CloudStation\uC_Stuff\Selfbus\software-arm-lib\sblib\Debug_BCU1\libsblib.a(iap.o)
 .debug_macro   0x00005150       0x1a C:\Users\Olli\CloudStation\uC_Stuff\Selfbus\software-arm-lib\sblib\Debug_BCU1\libsblib.a(ioports.o)
 .debug_macro   0x0000516a      0x1c9 C:\Users\Olli\CloudStation\uC_Stuff\Selfbus\software-arm-lib\sblib\Debug_BCU1\libsblib.a(main.o)
 .debug_macro   0x00005333      0x177 C:\Users\Olli\CloudStation\uC_Stuff\Selfbus\software-arm-lib\sblib\Debug_BCU1\libsblib.a(mem_mapper.o)
 .debug_macro   0x000054aa      0x12f C:\Users\Olli\CloudStation\uC_Stuff\Selfbus\software-arm-lib\sblib\Debug_BCU1\libsblib.a(spi.o)
 .debug_macro   0x000055d9       0xfe C:\Users\Olli\CloudStation\uC_Stuff\Selfbus\software-arm-lib\sblib\Debug_BCU1\libsblib.a(timer.o)
 .debug_macro   0x000056d7       0x20 C:\Users\Olli\CloudStation\uC_Stuff\Selfbus\software-arm-lib\sblib\Debug_BCU1\libsblib.a(timer.o)
 .debug_macro   0x000056f7       0xd1 C:\Users\Olli\CloudStation\uC_Stuff\Selfbus\software-arm-lib\sblib\Debug_BCU1\libsblib.a(utils.o)
 .debug_macro   0x000057c8       0x28 C:\Users\Olli\CloudStation\uC_Stuff\Selfbus\software-arm-lib\sblib\Debug_BCU1\libsblib.a(utils.o)
 .debug_macro   0x000057f0       0xf8 C:\Users\Olli\CloudStation\uC_Stuff\Selfbus\software-arm-lib\sblib\Debug_BCU1\libsblib.a(addr_tables.o)

.debug_line     0x00000000     0x5a49
 .debug_line    0x00000000      0x565 ./src/app_main.o
 .debug_line    0x00000565       0xae ./src/cr_startup_lpc11xx.o
 .debug_line    0x00000613       0x7d ./src/crp.o
 .debug_line    0x00000690      0x21e C:\Users\Olli\CloudStation\uC_Stuff\LPC_workspaces\LPC1115_Selfbus\CMSIS_CORE_LPC11xx\Debug\libCMSIS_CORE_LPC11xx.a(system_LPC11xx.o)
 .debug_line    0x000008ae      0x3d6 C:\Users\Olli\CloudStation\uC_Stuff\Selfbus\software-arm-lib\sblib\Debug_BCU1\libsblib.a(digital_pin.o)
 .debug_line    0x00000c84      0x386 C:\Users\Olli\CloudStation\uC_Stuff\Selfbus\software-arm-lib\sblib\Debug_BCU1\libsblib.a(platform.o)
 .debug_line    0x0000100a      0x8a6 C:\Users\Olli\CloudStation\uC_Stuff\Selfbus\software-arm-lib\sblib\Debug_BCU1\libsblib.a(bcu.o)
 .debug_line    0x000018b0      0x6b6 C:\Users\Olli\CloudStation\uC_Stuff\Selfbus\software-arm-lib\sblib\Debug_BCU1\libsblib.a(bcu_base.o)
 .debug_line    0x00001f66      0x84b C:\Users\Olli\CloudStation\uC_Stuff\Selfbus\software-arm-lib\sblib\Debug_BCU1\libsblib.a(bus.o)
 .debug_line    0x000027b1      0x7ad C:\Users\Olli\CloudStation\uC_Stuff\Selfbus\software-arm-lib\sblib\Debug_BCU1\libsblib.a(com_objects.o)
 .debug_line    0x00002f5e      0x56e C:\Users\Olli\CloudStation\uC_Stuff\Selfbus\software-arm-lib\sblib\Debug_BCU1\libsblib.a(user_memory.o)
 .debug_line    0x000034cc      0x314 C:\Users\Olli\CloudStation\uC_Stuff\Selfbus\software-arm-lib\sblib\Debug_BCU1\libsblib.a(debounce.o)
 .debug_line    0x000037e0      0x4c2 C:\Users\Olli\CloudStation\uC_Stuff\Selfbus\software-arm-lib\sblib\Debug_BCU1\libsblib.a(iap.o)
 .debug_line    0x00003ca2       0xb3 C:\Users\Olli\CloudStation\uC_Stuff\Selfbus\software-arm-lib\sblib\Debug_BCU1\libsblib.a(ioports.o)
 .debug_line    0x00003d55      0x585 C:\Users\Olli\CloudStation\uC_Stuff\Selfbus\software-arm-lib\sblib\Debug_BCU1\libsblib.a(main.o)
 .debug_line    0x000042da      0x656 C:\Users\Olli\CloudStation\uC_Stuff\Selfbus\software-arm-lib\sblib\Debug_BCU1\libsblib.a(mem_mapper.o)
 .debug_line    0x00004930      0x455 C:\Users\Olli\CloudStation\uC_Stuff\Selfbus\software-arm-lib\sblib\Debug_BCU1\libsblib.a(spi.o)
 .debug_line    0x00004d85      0x504 C:\Users\Olli\CloudStation\uC_Stuff\Selfbus\software-arm-lib\sblib\Debug_BCU1\libsblib.a(timer.o)
 .debug_line    0x00005289      0x367 C:\Users\Olli\CloudStation\uC_Stuff\Selfbus\software-arm-lib\sblib\Debug_BCU1\libsblib.a(utils.o)
 .debug_line    0x000055f0      0x459 C:\Users\Olli\CloudStation\uC_Stuff\Selfbus\software-arm-lib\sblib\Debug_BCU1\libsblib.a(addr_tables.o)

.debug_str      0x00000000     0xd37b
 .debug_str     0x00000000     0x64ae ./src/app_main.o
                               0x67e1 (size before relaxing)
 .debug_str     0x000064ae      0x2a1 ./src/cr_startup_lpc11xx.o
                               0x260a (size before relaxing)
 .debug_str     0x0000674f      0x25c ./src/crp.o
                               0x2488 (size before relaxing)
 .debug_str     0x000069ab     0x1dbd C:\Users\Olli\CloudStation\uC_Stuff\LPC_workspaces\LPC1115_Selfbus\CMSIS_CORE_LPC11xx\Debug\libCMSIS_CORE_LPC11xx.a(system_LPC11xx.o)
                               0x570d (size before relaxing)
 .debug_str     0x00008768      0x20b C:\Users\Olli\CloudStation\uC_Stuff\Selfbus\software-arm-lib\sblib\Debug_BCU1\libsblib.a(digital_pin.o)
                               0x4e58 (size before relaxing)
 .debug_str     0x00008973       0xa0 C:\Users\Olli\CloudStation\uC_Stuff\Selfbus\software-arm-lib\sblib\Debug_BCU1\libsblib.a(platform.o)
                               0x5310 (size before relaxing)
 .debug_str     0x00008a13     0x2efb C:\Users\Olli\CloudStation\uC_Stuff\Selfbus\software-arm-lib\sblib\Debug_BCU1\libsblib.a(bcu.o)
                               0x8dfb (size before relaxing)
 .debug_str     0x0000b90e      0x3bf C:\Users\Olli\CloudStation\uC_Stuff\Selfbus\software-arm-lib\sblib\Debug_BCU1\libsblib.a(bcu_base.o)
                               0x8bc5 (size before relaxing)
 .debug_str     0x0000bccd      0x427 C:\Users\Olli\CloudStation\uC_Stuff\Selfbus\software-arm-lib\sblib\Debug_BCU1\libsblib.a(bus.o)
                               0x63bb (size before relaxing)
 .debug_str     0x0000c0f4      0x625 C:\Users\Olli\CloudStation\uC_Stuff\Selfbus\software-arm-lib\sblib\Debug_BCU1\libsblib.a(com_objects.o)
                               0x69a9 (size before relaxing)
 .debug_str     0x0000c719      0x292 C:\Users\Olli\CloudStation\uC_Stuff\Selfbus\software-arm-lib\sblib\Debug_BCU1\libsblib.a(user_memory.o)
                               0x85a3 (size before relaxing)
 .debug_str     0x0000c9ab       0x2e C:\Users\Olli\CloudStation\uC_Stuff\Selfbus\software-arm-lib\sblib\Debug_BCU1\libsblib.a(debounce.o)
                               0x487a (size before relaxing)
 .debug_str     0x0000c9d9      0x2d5 C:\Users\Olli\CloudStation\uC_Stuff\Selfbus\software-arm-lib\sblib\Debug_BCU1\libsblib.a(iap.o)
                               0x708b (size before relaxing)
 .debug_str     0x0000ccae       0x57 C:\Users\Olli\CloudStation\uC_Stuff\Selfbus\software-arm-lib\sblib\Debug_BCU1\libsblib.a(ioports.o)
                               0x26a3 (size before relaxing)
 .debug_str     0x0000cd05       0x71 C:\Users\Olli\CloudStation\uC_Stuff\Selfbus\software-arm-lib\sblib\Debug_BCU1\libsblib.a(main.o)
                               0x6273 (size before relaxing)
 .debug_str     0x0000cd76       0x76 C:\Users\Olli\CloudStation\uC_Stuff\Selfbus\software-arm-lib\sblib\Debug_BCU1\libsblib.a(mem_mapper.o)
                               0x7311 (size before relaxing)
 .debug_str     0x0000cdec      0x34a C:\Users\Olli\CloudStation\uC_Stuff\Selfbus\software-arm-lib\sblib\Debug_BCU1\libsblib.a(spi.o)
                               0x4feb (size before relaxing)
 .debug_str     0x0000d136      0x124 C:\Users\Olli\CloudStation\uC_Stuff\Selfbus\software-arm-lib\sblib\Debug_BCU1\libsblib.a(timer.o)
                               0x5457 (size before relaxing)
 .debug_str     0x0000d25a       0x53 C:\Users\Olli\CloudStation\uC_Stuff\Selfbus\software-arm-lib\sblib\Debug_BCU1\libsblib.a(utils.o)
                               0x4e54 (size before relaxing)
 .debug_str     0x0000d2ad       0xce C:\Users\Olli\CloudStation\uC_Stuff\Selfbus\software-arm-lib\sblib\Debug_BCU1\libsblib.a(addr_tables.o)
                               0x4e9d (size before relaxing)

.comment        0x00000000       0x70
 .comment       0x00000000       0x70 ./src/app_main.o
                                 0x71 (size before relaxing)
 .comment       0x00000000       0x71 ./src/cr_startup_lpc11xx.o
 .comment       0x00000000       0x71 ./src/crp.o
 .comment       0x00000000       0x71 C:\Users\Olli\CloudStation\uC_Stuff\LPC_workspaces\LPC1115_Selfbus\CMSIS_CORE_LPC11xx\Debug\libCMSIS_CORE_LPC11xx.a(system_LPC11xx.o)
 .comment       0x00000000       0x71 C:\Users\Olli\CloudStation\uC_Stuff\Selfbus\software-arm-lib\sblib\Debug_BCU1\libsblib.a(digital_pin.o)
 .comment       0x00000000       0x71 C:\Users\Olli\CloudStation\uC_Stuff\Selfbus\software-arm-lib\sblib\Debug_BCU1\libsblib.a(platform.o)
 .comment       0x00000000       0x71 C:\Users\Olli\CloudStation\uC_Stuff\Selfbus\software-arm-lib\sblib\Debug_BCU1\libsblib.a(bcu.o)
 .comment       0x00000000       0x71 C:\Users\Olli\CloudStation\uC_Stuff\Selfbus\software-arm-lib\sblib\Debug_BCU1\libsblib.a(bcu_base.o)
 .comment       0x00000000       0x71 C:\Users\Olli\CloudStation\uC_Stuff\Selfbus\software-arm-lib\sblib\Debug_BCU1\libsblib.a(bus.o)
 .comment       0x00000000       0x71 C:\Users\Olli\CloudStation\uC_Stuff\Selfbus\software-arm-lib\sblib\Debug_BCU1\libsblib.a(com_objects.o)
 .comment       0x00000000       0x71 C:\Users\Olli\CloudStation\uC_Stuff\Selfbus\software-arm-lib\sblib\Debug_BCU1\libsblib.a(user_memory.o)
 .comment       0x00000000       0x71 C:\Users\Olli\CloudStation\uC_Stuff\Selfbus\software-arm-lib\sblib\Debug_BCU1\libsblib.a(debounce.o)
 .comment       0x00000000       0x71 C:\Users\Olli\CloudStation\uC_Stuff\Selfbus\software-arm-lib\sblib\Debug_BCU1\libsblib.a(iap.o)
 .comment       0x00000000       0x71 C:\Users\Olli\CloudStation\uC_Stuff\Selfbus\software-arm-lib\sblib\Debug_BCU1\libsblib.a(ioports.o)
 .comment       0x00000000       0x71 C:\Users\Olli\CloudStation\uC_Stuff\Selfbus\software-arm-lib\sblib\Debug_BCU1\libsblib.a(main.o)
 .comment       0x00000000       0x71 C:\Users\Olli\CloudStation\uC_Stuff\Selfbus\software-arm-lib\sblib\Debug_BCU1\libsblib.a(mem_mapper.o)
 .comment       0x00000000       0x71 C:\Users\Olli\CloudStation\uC_Stuff\Selfbus\software-arm-lib\sblib\Debug_BCU1\libsblib.a(spi.o)
 .comment       0x00000000       0x71 C:\Users\Olli\CloudStation\uC_Stuff\Selfbus\software-arm-lib\sblib\Debug_BCU1\libsblib.a(timer.o)
 .comment       0x00000000       0x71 C:\Users\Olli\CloudStation\uC_Stuff\Selfbus\software-arm-lib\sblib\Debug_BCU1\libsblib.a(utils.o)
 .comment       0x00000000       0x71 C:\Users\Olli\CloudStation\uC_Stuff\Selfbus\software-arm-lib\sblib\Debug_BCU1\libsblib.a(addr_tables.o)

.ARM.attributes
                0x00000000       0x31
 .ARM.attributes
                0x00000000       0x31 ./src/app_main.o
 .ARM.attributes
                0x00000031       0x31 ./src/cr_startup_lpc11xx.o
 .ARM.attributes
                0x00000062       0x31 ./src/crp.o
 .ARM.attributes
                0x00000093       0x31 C:\Users\Olli\CloudStation\uC_Stuff\LPC_workspaces\LPC1115_Selfbus\CMSIS_CORE_LPC11xx\Debug\libCMSIS_CORE_LPC11xx.a(system_LPC11xx.o)
 .ARM.attributes
                0x000000c4       0x31 C:\Users\Olli\CloudStation\uC_Stuff\Selfbus\software-arm-lib\sblib\Debug_BCU1\libsblib.a(digital_pin.o)
 .ARM.attributes
                0x000000f5       0x31 C:\Users\Olli\CloudStation\uC_Stuff\Selfbus\software-arm-lib\sblib\Debug_BCU1\libsblib.a(platform.o)
 .ARM.attributes
                0x00000126       0x31 C:\Users\Olli\CloudStation\uC_Stuff\Selfbus\software-arm-lib\sblib\Debug_BCU1\libsblib.a(bcu.o)
 .ARM.attributes
                0x00000157       0x31 C:\Users\Olli\CloudStation\uC_Stuff\Selfbus\software-arm-lib\sblib\Debug_BCU1\libsblib.a(bcu_base.o)
 .ARM.attributes
                0x00000188       0x31 C:\Users\Olli\CloudStation\uC_Stuff\Selfbus\software-arm-lib\sblib\Debug_BCU1\libsblib.a(bus.o)
 .ARM.attributes
                0x000001b9       0x31 C:\Users\Olli\CloudStation\uC_Stuff\Selfbus\software-arm-lib\sblib\Debug_BCU1\libsblib.a(com_objects.o)
 .ARM.attributes
                0x000001ea       0x31 C:\Users\Olli\CloudStation\uC_Stuff\Selfbus\software-arm-lib\sblib\Debug_BCU1\libsblib.a(user_memory.o)
 .ARM.attributes
                0x0000021b       0x31 C:\Users\Olli\CloudStation\uC_Stuff\Selfbus\software-arm-lib\sblib\Debug_BCU1\libsblib.a(debounce.o)
 .ARM.attributes
                0x0000024c       0x31 C:\Users\Olli\CloudStation\uC_Stuff\Selfbus\software-arm-lib\sblib\Debug_BCU1\libsblib.a(iap.o)
 .ARM.attributes
                0x0000027d       0x31 C:\Users\Olli\CloudStation\uC_Stuff\Selfbus\software-arm-lib\sblib\Debug_BCU1\libsblib.a(ioports.o)
 .ARM.attributes
                0x000002ae       0x31 C:\Users\Olli\CloudStation\uC_Stuff\Selfbus\software-arm-lib\sblib\Debug_BCU1\libsblib.a(main.o)
 .ARM.attributes
                0x000002df       0x31 C:\Users\Olli\CloudStation\uC_Stuff\Selfbus\software-arm-lib\sblib\Debug_BCU1\libsblib.a(mem_mapper.o)
 .ARM.attributes
                0x00000310       0x31 C:\Users\Olli\CloudStation\uC_Stuff\Selfbus\software-arm-lib\sblib\Debug_BCU1\libsblib.a(spi.o)
 .ARM.attributes
                0x00000341       0x31 C:\Users\Olli\CloudStation\uC_Stuff\Selfbus\software-arm-lib\sblib\Debug_BCU1\libsblib.a(timer.o)
 .ARM.attributes
                0x00000372       0x31 C:\Users\Olli\CloudStation\uC_Stuff\Selfbus\software-arm-lib\sblib\Debug_BCU1\libsblib.a(utils.o)
 .ARM.attributes
                0x000003a3       0x31 C:\Users\Olli\CloudStation\uC_Stuff\Selfbus\software-arm-lib\sblib\Debug_BCU1\libsblib.a(addr_tables.o)
 .ARM.attributes
                0x000003d4       0x1e c:/nxp/lpcxpresso_7.9.2_493/lpcxpresso/tools/bin/../lib/gcc/arm-none-eabi/4.9.3/armv6-m\libgcc.a(_udivsi3.o)
 .ARM.attributes
                0x000003f2       0x1e c:/nxp/lpcxpresso_7.9.2_493/lpcxpresso/tools/bin/../lib/gcc/arm-none-eabi/4.9.3/armv6-m\libgcc.a(_dvmd_tls.o)
 .ARM.attributes
                0x00000410       0x2c c:/nxp/lpcxpresso_7.9.2_493/lpcxpresso/tools/bin/../lib/gcc/arm-none-eabi/4.9.3/../../../../arm-none-eabi/lib/armv6-m\libc_nano.a(lib_a-init.o)
 .ARM.attributes
                0x0000043c       0x2c c:/nxp/lpcxpresso_7.9.2_493/lpcxpresso/tools/bin/../lib/gcc/arm-none-eabi/4.9.3/../../../../arm-none-eabi/lib/armv6-m\libc_nano.a(lib_a-memcpy.o)
 .ARM.attributes
                0x00000468       0x2c c:/nxp/lpcxpresso_7.9.2_493/lpcxpresso/tools/bin/../lib/gcc/arm-none-eabi/4.9.3/../../../../arm-none-eabi/lib/armv6-m\libc_nano.a(lib_a-memset.o)
 .ARM.attributes
                0x00000494       0x1e c:/nxp/lpcxpresso_7.9.2_493/lpcxpresso/tools/bin/../lib/gcc/arm-none-eabi/4.9.3/armv6-m\crti.o
 .ARM.attributes
                0x000004b2       0x1e c:/nxp/lpcxpresso_7.9.2_493/lpcxpresso/tools/bin/../lib/gcc/arm-none-eabi/4.9.3/armv6-m\crtn.o
 .ARM.attributes
                0x000004d0       0x2c c:/nxp/lpcxpresso_7.9.2_493/lpcxpresso/tools/bin/../lib/gcc/arm-none-eabi/4.9.3/armv6-m\crtbegin.o

.debug_frame    0x00000000     0x1568
 .debug_frame   0x00000000       0xec ./src/app_main.o
 .debug_frame   0x000000ec       0xb0 ./src/cr_startup_lpc11xx.o
 .debug_frame   0x0000019c       0x44 C:\Users\Olli\CloudStation\uC_Stuff\LPC_workspaces\LPC1115_Selfbus\CMSIS_CORE_LPC11xx\Debug\libCMSIS_CORE_LPC11xx.a(system_LPC11xx.o)
 .debug_frame   0x000001e0       0x90 C:\Users\Olli\CloudStation\uC_Stuff\Selfbus\software-arm-lib\sblib\Debug_BCU1\libsblib.a(digital_pin.o)
 .debug_frame   0x00000270       0x50 C:\Users\Olli\CloudStation\uC_Stuff\Selfbus\software-arm-lib\sblib\Debug_BCU1\libsblib.a(platform.o)
 .debug_frame   0x000002c0      0x28c C:\Users\Olli\CloudStation\uC_Stuff\Selfbus\software-arm-lib\sblib\Debug_BCU1\libsblib.a(bcu.o)
 .debug_frame   0x0000054c      0x1cc C:\Users\Olli\CloudStation\uC_Stuff\Selfbus\software-arm-lib\sblib\Debug_BCU1\libsblib.a(bcu_base.o)
 .debug_frame   0x00000718      0x130 C:\Users\Olli\CloudStation\uC_Stuff\Selfbus\software-arm-lib\sblib\Debug_BCU1\libsblib.a(bus.o)
 .debug_frame   0x00000848      0x284 C:\Users\Olli\CloudStation\uC_Stuff\Selfbus\software-arm-lib\sblib\Debug_BCU1\libsblib.a(com_objects.o)
 .debug_frame   0x00000acc       0x90 C:\Users\Olli\CloudStation\uC_Stuff\Selfbus\software-arm-lib\sblib\Debug_BCU1\libsblib.a(user_memory.o)
 .debug_frame   0x00000b5c       0x50 C:\Users\Olli\CloudStation\uC_Stuff\Selfbus\software-arm-lib\sblib\Debug_BCU1\libsblib.a(debounce.o)
 .debug_frame   0x00000bac      0x150 C:\Users\Olli\CloudStation\uC_Stuff\Selfbus\software-arm-lib\sblib\Debug_BCU1\libsblib.a(iap.o)
 .debug_frame   0x00000cfc       0x30 C:\Users\Olli\CloudStation\uC_Stuff\Selfbus\software-arm-lib\sblib\Debug_BCU1\libsblib.a(ioports.o)
 .debug_frame   0x00000d2c       0xac C:\Users\Olli\CloudStation\uC_Stuff\Selfbus\software-arm-lib\sblib\Debug_BCU1\libsblib.a(main.o)
 .debug_frame   0x00000dd8      0x290 C:\Users\Olli\CloudStation\uC_Stuff\Selfbus\software-arm-lib\sblib\Debug_BCU1\libsblib.a(mem_mapper.o)
 .debug_frame   0x00001068      0x1a8 C:\Users\Olli\CloudStation\uC_Stuff\Selfbus\software-arm-lib\sblib\Debug_BCU1\libsblib.a(spi.o)
 .debug_frame   0x00001210      0x188 C:\Users\Olli\CloudStation\uC_Stuff\Selfbus\software-arm-lib\sblib\Debug_BCU1\libsblib.a(timer.o)
 .debug_frame   0x00001398       0x94 C:\Users\Olli\CloudStation\uC_Stuff\Selfbus\software-arm-lib\sblib\Debug_BCU1\libsblib.a(utils.o)
 .debug_frame   0x0000142c       0xa8 C:\Users\Olli\CloudStation\uC_Stuff\Selfbus\software-arm-lib\sblib\Debug_BCU1\libsblib.a(addr_tables.o)
 .debug_frame   0x000014d4       0x20 c:/nxp/lpcxpresso_7.9.2_493/lpcxpresso/tools/bin/../lib/gcc/arm-none-eabi/4.9.3/armv6-m\libgcc.a(_udivsi3.o)
 .debug_frame   0x000014f4       0x2c c:/nxp/lpcxpresso_7.9.2_493/lpcxpresso/tools/bin/../lib/gcc/arm-none-eabi/4.9.3/../../../../arm-none-eabi/lib/armv6-m\libc_nano.a(lib_a-init.o)
 .debug_frame   0x00001520       0x28 c:/nxp/lpcxpresso_7.9.2_493/lpcxpresso/tools/bin/../lib/gcc/arm-none-eabi/4.9.3/../../../../arm-none-eabi/lib/armv6-m\libc_nano.a(lib_a-memcpy.o)
 .debug_frame   0x00001548       0x20 c:/nxp/lpcxpresso_7.9.2_493/lpcxpresso/tools/bin/../lib/gcc/arm-none-eabi/4.9.3/../../../../arm-none-eabi/lib/armv6-m\libc_nano.a(lib_a-memset.o)

.debug_loc      0x00000000      0x228
 .debug_loc     0x00000000      0x1a4 ./src/cr_startup_lpc11xx.o
 .debug_loc     0x000001a4       0x84 C:\Users\Olli\CloudStation\uC_Stuff\LPC_workspaces\LPC1115_Selfbus\CMSIS_CORE_LPC11xx\Debug\libCMSIS_CORE_LPC11xx.a(system_LPC11xx.o)
