Archive member included because of file (symbol)

C:\Users\Olli\CloudStation\uC_Stuff\LPC_workspaces\LPC1115_Selfbus\CMSIS_CORE_LPC11xx\Debug\libCMSIS_CORE_LPC11xx.a(system_LPC11xx.o)
                              ./src/cr_startup_lpc11xx.o (SystemInit)
C:\Users\Olli\CloudStation\uC_Stuff\Selfbus\software-arm-lib\sblib\Debug_BCU1\libsblib.a(digital_pin.o)
                              ./src/app_main.o (pinMode(int, int))
C:\Users\Olli\CloudStation\uC_Stuff\Selfbus\software-arm-lib\sblib\Debug_BCU1\libsblib.a(platform.o)
                              ./src/app_main.o (gpioPorts)
C:\Users\Olli\CloudStation\uC_Stuff\Selfbus\software-arm-lib\sblib\Debug_BCU1\libsblib.a(bcu.o)
                              ./src/app_main.o (vtable for BCU)
C:\Users\Olli\CloudStation\uC_Stuff\Selfbus\software-arm-lib\sblib\Debug_BCU1\libsblib.a(bcu_base.o)
                              ./src/app_main.o (BcuBase::BcuBase())
C:\Users\Olli\CloudStation\uC_Stuff\Selfbus\software-arm-lib\sblib\Debug_BCU1\libsblib.a(bus.o)
                              ./src/app_main.o (Bus::Bus(Timer&, int, int, TimerCapture, TimerMatch))
C:\Users\Olli\CloudStation\uC_Stuff\Selfbus\software-arm-lib\sblib\Debug_BCU1\libsblib.a(com_objects.o)
                              C:\Users\Olli\CloudStation\uC_Stuff\Selfbus\software-arm-lib\sblib\Debug_BCU1\libsblib.a(bcu.o) (sendNextGroupTelegram())
C:\Users\Olli\CloudStation\uC_Stuff\Selfbus\software-arm-lib\sblib\Debug_BCU1\libsblib.a(user_memory.o)
                              C:\Users\Olli\CloudStation\uC_Stuff\Selfbus\software-arm-lib\sblib\Debug_BCU1\libsblib.a(bcu.o) (userRamData)
C:\Users\Olli\CloudStation\uC_Stuff\Selfbus\software-arm-lib\sblib\Debug_BCU1\libsblib.a(analog_pin.o)
                              ./src/app_main.o (analogBegin())
C:\Users\Olli\CloudStation\uC_Stuff\Selfbus\software-arm-lib\sblib\Debug_BCU1\libsblib.a(debounce.o)
                              C:\Users\Olli\CloudStation\uC_Stuff\Selfbus\software-arm-lib\sblib\Debug_BCU1\libsblib.a(bcu_base.o) (Debouncer::Debouncer())
C:\Users\Olli\CloudStation\uC_Stuff\Selfbus\software-arm-lib\sblib\Debug_BCU1\libsblib.a(iap.o)
                              C:\Users\Olli\CloudStation\uC_Stuff\Selfbus\software-arm-lib\sblib\Debug_BCU1\libsblib.a(user_memory.o) (iapEraseSector(int))
C:\Users\Olli\CloudStation\uC_Stuff\Selfbus\software-arm-lib\sblib\Debug_BCU1\libsblib.a(ioports.o)
                              C:\Users\Olli\CloudStation\uC_Stuff\Selfbus\software-arm-lib\sblib\Debug_BCU1\libsblib.a(digital_pin.o) (getPinFunctionNumber(int, short))
C:\Users\Olli\CloudStation\uC_Stuff\Selfbus\software-arm-lib\sblib\Debug_BCU1\libsblib.a(main.o)
                              ./src/cr_startup_lpc11xx.o (main)
C:\Users\Olli\CloudStation\uC_Stuff\Selfbus\software-arm-lib\sblib\Debug_BCU1\libsblib.a(mem_mapper.o)
                              C:\Users\Olli\CloudStation\uC_Stuff\Selfbus\software-arm-lib\sblib\Debug_BCU1\libsblib.a(bcu.o) (MemMapper::doFlash() const)
C:\Users\Olli\CloudStation\uC_Stuff\Selfbus\software-arm-lib\sblib\Debug_BCU1\libsblib.a(print.o)
                              ./src/app_main.o (Print::print(int, Base, int))
C:\Users\Olli\CloudStation\uC_Stuff\Selfbus\software-arm-lib\sblib\Debug_BCU1\libsblib.a(serial.o)
                              ./src/app_main.o (Serial::Serial(int, int))
C:\Users\Olli\CloudStation\uC_Stuff\Selfbus\software-arm-lib\sblib\Debug_BCU1\libsblib.a(serial0.o)
                              ./src/app_main.o (serial)
C:\Users\Olli\CloudStation\uC_Stuff\Selfbus\software-arm-lib\sblib\Debug_BCU1\libsblib.a(spi.o)
                              ./src/app_main.o (SPI::SPI(int, int))
C:\Users\Olli\CloudStation\uC_Stuff\Selfbus\software-arm-lib\sblib\Debug_BCU1\libsblib.a(timer.o)
                              C:\Users\Olli\CloudStation\uC_Stuff\Selfbus\software-arm-lib\sblib\Debug_BCU1\libsblib.a(bcu.o) (systemTime)
C:\Users\Olli\CloudStation\uC_Stuff\Selfbus\software-arm-lib\sblib\Debug_BCU1\libsblib.a(utils.o)
                              C:\Users\Olli\CloudStation\uC_Stuff\Selfbus\software-arm-lib\sblib\Debug_BCU1\libsblib.a(com_objects.o) (reverseCopy(unsigned char*, unsigned char const*, int))
C:\Users\Olli\CloudStation\uC_Stuff\Selfbus\software-arm-lib\sblib\Debug_BCU1\libsblib.a(addr_tables.o)
                              C:\Users\Olli\CloudStation\uC_Stuff\Selfbus\software-arm-lib\sblib\Debug_BCU1\libsblib.a(bus.o) (indexOfAddr(int))
C:\Users\Olli\CloudStation\uC_Stuff\Selfbus\software-arm-lib\sblib\Debug_BCU1\libsblib.a(buffered_stream.o)
                              C:\Users\Olli\CloudStation\uC_Stuff\Selfbus\software-arm-lib\sblib\Debug_BCU1\libsblib.a(serial.o) (BufferedStream::read())
C:\Users\Olli\CloudStation\uC_Stuff\Selfbus\software-arm-lib\sblib\Debug_BCU1\libsblib.a(new.o)
                              C:\Users\Olli\CloudStation\uC_Stuff\Selfbus\software-arm-lib\sblib\Debug_BCU1\libsblib.a(print.o) (__cxa_pure_virtual)
[...]
Memory Configuration

Name             Origin             Length             Attributes
MFlash64         0x00000000         0x00010000         xr
RamLoc8          0x10000000         0x00002000         xrw
*default*        0x00000000         0xffffffff

Linker script and memory map

LOAD ./src/app_main.o
LOAD ./src/cr_cpp_config.o
LOAD ./src/cr_startup_lpc11xx.o
LOAD ./src/crp.o
LOAD ./src/timer32.o
LOAD C:\Users\Olli\CloudStation\uC_Stuff\LPC_workspaces\LPC1115_Selfbus\CMSIS_CORE_LPC11xx\Debug\libCMSIS_CORE_LPC11xx.a
LOAD C:\Users\Olli\CloudStation\uC_Stuff\Selfbus\software-arm-lib\sblib\Debug_BCU1\libsblib.a
START GROUP
LOAD c:/nxp/lpcxpresso_7.9.2_493/lpcxpresso/tools/bin/../lib/gcc/arm-none-eabi/4.9.3/armv6-m\libgcc.a
LOAD c:/nxp/lpcxpresso_7.9.2_493/lpcxpresso/tools/bin/../lib/gcc/arm-none-eabi/4.9.3/../../../../arm-none-eabi/lib/armv6-m\libc_nano.a
LOAD c:/nxp/lpcxpresso_7.9.2_493/lpcxpresso/tools/bin/../lib/gcc/arm-none-eabi/4.9.3/../../../../arm-none-eabi/lib/armv6-m\libstdc++_nano.a
LOAD c:/nxp/lpcxpresso_7.9.2_493/lpcxpresso/tools/bin/../lib/gcc/arm-none-eabi/4.9.3/../../../../arm-none-eabi/lib/armv6-m\libm.a
LOAD c:/nxp/lpcxpresso_7.9.2_493/lpcxpresso/tools/bin/../lib/gcc/arm-none-eabi/4.9.3/armv6-m\crti.o
LOAD c:/nxp/lpcxpresso_7.9.2_493/lpcxpresso/tools/bin/../lib/gcc/arm-none-eabi/4.9.3/armv6-m\crtn.o
LOAD c:/nxp/lpcxpresso_7.9.2_493/lpcxpresso/tools/bin/../lib/gcc/arm-none-eabi/4.9.3/armv6-m\crtbegin.o
LOAD c:/nxp/lpcxpresso_7.9.2_493/lpcxpresso/tools/bin/../lib/gcc/arm-none-eabi/4.9.3/armv6-m\crtend.o
END GROUP
                0x00000000                __base_MFlash64 = 0x0
                0x00000000                __base_Flash = 0x0
                0x00010000                __top_MFlash64 = 0x10000
                0x00010000                __top_Flash = 0x10000
                0x10000000                __base_RamLoc8 = 0x10000000
                0x10000000                __base_RAM = 0x10000000
                0x10002000                __top_RamLoc8 = 0x10002000
                0x10002000                __top_RAM = 0x10002000

.text           0x00000000     0x5310
 FILL mask 0xff
                0x00000000                __vectors_start__ = ABSOLUTE (.)
 *(.isr_vector)
 .isr_vector    0x00000000       0xc0 ./src/cr_startup_lpc11xx.o
                0x00000000                g_pfnVectors
                0x000000c0                . = ALIGN (0x4)
                0x000000c0                __section_table_start = .
                0x000000c0                __data_section_table = .
                0x000000c0        0x4 LONG 0x5310 LOADADDR (.data)
                0x000000c4        0x4 LONG 0x10000000 ADDR (.data)
                0x000000c8        0x4 LONG 0x8 SIZEOF (.data)
                0x000000cc                __data_section_table_end = .
                0x000000cc                __bss_section_table = .
                0x000000cc        0x4 LONG 0x10000008 ADDR (.bss)
                0x000000d0        0x4 LONG 0x600 SIZEOF (.bss)
                0x000000d4                __bss_section_table_end = .
                0x000000d4                __section_table_end = .
 *(.after_vectors*)
 .after_vectors
                0x000000d4       0x74 ./src/cr_startup_lpc11xx.o
                0x000000d4                NMI_Handler
                0x000000d6                HardFault_Handler
                0x000000d8                SVC_Handler
                0x000000da                PendSV_Handler
                0x000000de                IntDefaultHandler
                0x000000de                PIOINT1_IRQHandler
                0x000000de                CAN_IRQHandler
                0x000000de                ADC_IRQHandler
                0x000000de                PIOINT2_IRQHandler
                0x000000de                PIOINT3_IRQHandler
                0x000000de                BOD_IRQHandler
                0x000000de                WAKEUP_IRQHandler
                0x000000de                PIOINT0_IRQHandler
                0x000000de                I2C_IRQHandler
                0x000000de                TIMER16_0_IRQHandler
                0x000000de                WDT_IRQHandler
                0x000000e0                data_init(unsigned int, unsigned int, unsigned int)
                0x000000f2                bss_init(unsigned int, unsigned int)
                0x00000102                ResetISR
                0x000002fc                . = 0x2fc
 *fill*         0x00000148      0x1b4 ff
                0x000002fc                PROVIDE (__CRP_WORD_START__, .)
 *(.crp)
 .crp           0x000002fc        0x4 ./src/crp.o
                0x000002fc                CRP_WORD
                0x00000300                PROVIDE (__CRP_WORD_END__, .)
                0x00000001                ASSERT (! ((__CRP_WORD_START__ == __CRP_WORD_END__)), Linker CRP Enabled, but no CRP_WORD provided within application)
 *(.text*)
 .text._ZN3SPI8transferEi
                0x00000300       0x24 ./src/app_main.o
                0x00000300                SPI::transfer(int)
 .text._ZN5Print7printlnEPKc
                0x00000324       0x2c ./src/app_main.o
                0x00000324                Print::println(char const*)
 .text._ZN5Print7printlnEi4Basei
                0x00000350       0x34 ./src/app_main.o
                0x00000350                Print::println(int, Base, int)
 .text._ZN6Serial5beginEi
                0x00000384       0x20 ./src/app_main.o
                0x00000384                Serial::begin(int)
 .text._ZN7BcuBase10setProgPinEi
                0x000003a4       0x18 ./src/app_main.o
                0x000003a4                BcuBase::setProgPin(int)
 .text._ZN3BCUC2Ev
                0x000003bc       0x24 ./src/app_main.o
                0x000003bc                BCU::BCU()
                0x000003bc                BCU::BCU()
 .text.TIMER32_0_IRQHandler
                0x000003e0      0x328 ./src/app_main.o
                0x000003e0                TIMER32_0_IRQHandler
 .text._Z5setupv
                0x00000708      0x208 ./src/app_main.o
                0x00000708                setup()
 .text._Z8spi_sendPh
                0x00000910       0x44 ./src/app_main.o
                0x00000910                spi_send(unsigned char*)
 .text._Z4loopv
                0x00000954      0x1cc ./src/app_main.o
                0x00000954                loop()
 .text._Z41__static_initialization_and_destruction_0ii
                0x00000b20       0x94 ./src/app_main.o
 .text._GLOBAL__sub_I_bcu
                0x00000bb4       0x18 ./src/app_main.o
 .text.NVIC_EnableIRQ
                0x00000bcc       0x2c ./src/timer32.o
 .text.TIMER32_1_IRQHandler
                0x00000bf8       0x24 ./src/timer32.o
                0x00000bf8                TIMER32_1_IRQHandler
 .text.enable_timer32
                0x00000c1c       0x34 ./src/timer32.o
                0x00000c1c                enable_timer32
 .text.init_timer32
                0x00000c50       0xb4 ./src/timer32.o
                0x00000c50                init_timer32
 .text.SystemInit
                0x00000d04       0x90 C:\Users\Olli\CloudStation\uC_Stuff\LPC_workspaces\LPC1115_Selfbus\CMSIS_CORE_LPC11xx\Debug\libCMSIS_CORE_LPC11xx.a(system_LPC11xx.o)
                0x00000d04                SystemInit
 .text._Z11pinLocationiPKis
                0x00000d94       0x6c C:\Users\Olli\CloudStation\uC_Stuff\Selfbus\software-arm-lib\sblib\Debug_BCU1\libsblib.a(digital_pin.o)
                0x00000d94                pinLocation(int, int const*, short)
 .text._Z7pinModeii
                0x00000e00      0x308 C:\Users\Olli\CloudStation\uC_Stuff\Selfbus\software-arm-lib\sblib\Debug_BCU1\libsblib.a(digital_pin.o)
                0x00000e00                pinMode(int, int)
 .text._Z12ioconPointeri
                0x00001108       0x40 C:\Users\Olli\CloudStation\uC_Stuff\Selfbus\software-arm-lib\sblib\Debug_BCU1\libsblib.a(platform.o)
                0x00001108                ioconPointer(int)
 .text.NVIC_SystemReset
                0x00001148       0x1c C:\Users\Olli\CloudStation\uC_Stuff\Selfbus\software-arm-lib\sblib\Debug_BCU1\libsblib.a(bcu.o)
 .text._ZNK3Bus4idleEv
                0x00001164       0x2c C:\Users\Olli\CloudStation\uC_Stuff\Selfbus\software-arm-lib\sblib\Debug_BCU1\libsblib.a(bcu.o)
                0x00001164                Bus::idle() const
 .text._ZNK3Bus10ownAddressEv
                0x00001190       0x18 C:\Users\Olli\CloudStation\uC_Stuff\Selfbus\software-arm-lib\sblib\Debug_BCU1\libsblib.a(bcu.o)
                0x00001190                Bus::ownAddress() const
 .text._ZNK3Bus15sendingTelegramEv
                0x000011a8       0x1c C:\Users\Olli\CloudStation\uC_Stuff\Selfbus\software-arm-lib\sblib\Debug_BCU1\libsblib.a(bcu.o)
                0x000011a8                Bus::sendingTelegram() const
 .text._ZN3Bus23discardReceivedTelegramEv
                0x000011c4       0x14 C:\Users\Olli\CloudStation\uC_Stuff\Selfbus\software-arm-lib\sblib\Debug_BCU1\libsblib.a(bcu.o)
                0x000011c4                Bus::discardReceivedTelegram()
 .text._ZN3Bus10setSendAckEi
                0x000011d8       0x18 C:\Users\Olli\CloudStation\uC_Stuff\Selfbus\software-arm-lib\sblib\Debug_BCU1\libsblib.a(bcu.o)
                0x000011d8                Bus::setSendAck(int)
 .text._ZN10UserEeprom8modifiedEv
                0x000011f0       0x24 C:\Users\Olli\CloudStation\uC_Stuff\Selfbus\software-arm-lib\sblib\Debug_BCU1\libsblib.a(bcu.o)
                0x000011f0                UserEeprom::modified()
 .text._ZNK10UserEeprom10isModifiedEv
                0x00001214       0x20 C:\Users\Olli\CloudStation\uC_Stuff\Selfbus\software-arm-lib\sblib\Debug_BCU1\libsblib.a(bcu.o)
                0x00001214                UserEeprom::isModified() const
 .text._ZNK7BcuBase15programmingModeEv
                0x00001234       0x2c C:\Users\Olli\CloudStation\uC_Stuff\Selfbus\software-arm-lib\sblib\Debug_BCU1\libsblib.a(bcu.o)
                0x00001234                BcuBase::programmingMode() const
 .text._ZNK7BcuBase11maskVersionEv
                0x00001260       0x14 C:\Users\Olli\CloudStation\uC_Stuff\Selfbus\software-arm-lib\sblib\Debug_BCU1\libsblib.a(bcu.o)
                0x00001260                BcuBase::maskVersion() const
 .text._ZN3BCU6_beginEv
                0x00001274       0x14 C:\Users\Olli\CloudStation\uC_Stuff\Selfbus\software-arm-lib\sblib\Debug_BCU1\libsblib.a(bcu.o)
                0x00001274                BCU::_begin()
 .text._ZN3BCU3endEv
                0x00001288       0x1c C:\Users\Olli\CloudStation\uC_Stuff\Selfbus\software-arm-lib\sblib\Debug_BCU1\libsblib.a(bcu.o)
                0x00001288                BCU::end()
 .text._ZN3BCU4loopEv
                0x000012a4       0xf0 C:\Users\Olli\CloudStation\uC_Stuff\Selfbus\software-arm-lib\sblib\Debug_BCU1\libsblib.a(bcu.o)
                0x000012a4                BCU::loop()
 .text._ZN3BCU22sendConControlTelegramEii
                0x00001394       0x88 C:\Users\Olli\CloudStation\uC_Stuff\Selfbus\software-arm-lib\sblib\Debug_BCU1\libsblib.a(bcu.o)
                0x00001394                BCU::sendConControlTelegram(int, int)
 .text._ZN3BCU15processTelegramEv
                0x0000141c      0x170 C:\Users\Olli\CloudStation\uC_Stuff\Selfbus\software-arm-lib\sblib\Debug_BCU1\libsblib.a(bcu.o)
                0x0000141c                BCU::processTelegram()
 .text._ZN3BCU35processDeviceDescriptorReadTelegramEi
                0x0000158c       0x50 C:\Users\Olli\CloudStation\uC_Stuff\Selfbus\software-arm-lib\sblib\Debug_BCU1\libsblib.a(bcu.o)
                0x0000158c                BCU::processDeviceDescriptorReadTelegram(int)
 .text._ZL12cpyToUserRamjPhj
                0x000015dc       0x84 C:\Users\Olli\CloudStation\uC_Stuff\Selfbus\software-arm-lib\sblib\Debug_BCU1\libsblib.a(bcu.o)
 .text._ZL14cpyFromUserRamjPhj
                0x00001660       0x84 C:\Users\Olli\CloudStation\uC_Stuff\Selfbus\software-arm-lib\sblib\Debug_BCU1\libsblib.a(bcu.o)
 .text._ZN3BCU21processDirectTelegramEi
                0x000016e4      0x414 C:\Users\Olli\CloudStation\uC_Stuff\Selfbus\software-arm-lib\sblib\Debug_BCU1\libsblib.a(bcu.o)
                0x000016e4                BCU::processDirectTelegram(int)
 .text._ZN3BCU25processConControlTelegramEi
                0x00001af8      0x110 C:\Users\Olli\CloudStation\uC_Stuff\Selfbus\software-arm-lib\sblib\Debug_BCU1\libsblib.a(bcu.o)
                0x00001af8                BCU::processConControlTelegram(int)
 .text._ZNK9Debouncer5valueEv
                0x00001c08       0x14 C:\Users\Olli\CloudStation\uC_Stuff\Selfbus\software-arm-lib\sblib\Debug_BCU1\libsblib.a(bcu_base.o)
                0x00001c08                Debouncer::value() const
 .text._ZNK3Bus16telegramReceivedEv
                0x00001c1c       0x1c C:\Users\Olli\CloudStation\uC_Stuff\Selfbus\software-arm-lib\sblib\Debug_BCU1\libsblib.a(bcu_base.o)
                0x00001c1c                Bus::telegramReceived() const
 .text._ZN3Bus3endEv
                0x00001c38       0x10 C:\Users\Olli\CloudStation\uC_Stuff\Selfbus\software-arm-lib\sblib\Debug_BCU1\libsblib.a(bcu_base.o)
                0x00001c38                Bus::end()
 .text.TIMER16_1_IRQHandler
                0x00001c48       0x14 C:\Users\Olli\CloudStation\uC_Stuff\Selfbus\software-arm-lib\sblib\Debug_BCU1\libsblib.a(bcu_base.o)
                0x00001c48                TIMER16_1_IRQHandler
 .text._ZN7BcuBaseC2Ev
                0x00001c5c       0x40 C:\Users\Olli\CloudStation\uC_Stuff\Selfbus\software-arm-lib\sblib\Debug_BCU1\libsblib.a(bcu_base.o)
                0x00001c5c                BcuBase::BcuBase()
                0x00001c5c                BcuBase::BcuBase()
 .text._ZN7BcuBase6_beginEv
                0x00001c9c       0x10 C:\Users\Olli\CloudStation\uC_Stuff\Selfbus\software-arm-lib\sblib\Debug_BCU1\libsblib.a(bcu_base.o)
                0x00001c9c                BcuBase::_begin()
 .text._ZN7BcuBase3endEv
                0x00001cac       0x24 C:\Users\Olli\CloudStation\uC_Stuff\Selfbus\software-arm-lib\sblib\Debug_BCU1\libsblib.a(bcu_base.o)
                0x00001cac                BcuBase::end()
 .text._ZN7BcuBase13setOwnAddressEi
                0x00001cd0       0x40 C:\Users\Olli\CloudStation\uC_Stuff\Selfbus\software-arm-lib\sblib\Debug_BCU1\libsblib.a(bcu_base.o)
                0x00001cd0                BcuBase::setOwnAddress(int)
 .text._ZN7BcuBase4loopEv
                0x00001d10      0x17c C:\Users\Olli\CloudStation\uC_Stuff\Selfbus\software-arm-lib\sblib\Debug_BCU1\libsblib.a(bcu_base.o)
                0x00001d10                BcuBase::loop()
 .text._ZN7BcuBase15processTelegramEv
                0x00001e8c       0x10 C:\Users\Olli\CloudStation\uC_Stuff\Selfbus\software-arm-lib\sblib\Debug_BCU1\libsblib.a(bcu_base.o)
                0x00001e8c                BcuBase::processTelegram()
 .text._ZN3BusC2ER5Timerii12TimerCapture10TimerMatch
                0x00001e9c       0x60 C:\Users\Olli\CloudStation\uC_Stuff\Selfbus\software-arm-lib\sblib\Debug_BCU1\libsblib.a(bus.o)
                0x00001e9c                Bus::Bus(Timer&, int, int, TimerCapture, TimerMatch)
                0x00001e9c                Bus::Bus(Timer&, int, int, TimerCapture, TimerMatch)
 .text._ZN3Bus9idleStateEv
                0x00001efc       0x94 C:\Users\Olli\CloudStation\uC_Stuff\Selfbus\software-arm-lib\sblib\Debug_BCU1\libsblib.a(bus.o)
                0x00001efc                Bus::idleState()
 .text._ZN3Bus14handleTelegramEb
                0x00001f90      0x1d4 C:\Users\Olli\CloudStation\uC_Stuff\Selfbus\software-arm-lib\sblib\Debug_BCU1\libsblib.a(bus.o)
                0x00001f90                Bus::handleTelegram(bool)
 .text._ZN3Bus16sendNextTelegramEv
                0x00002164       0x30 C:\Users\Olli\CloudStation\uC_Stuff\Selfbus\software-arm-lib\sblib\Debug_BCU1\libsblib.a(bus.o)
                0x00002164                Bus::sendNextTelegram()
 .text._ZN3Bus21timerInterruptHandlerEv
                0x00002194      0x928 C:\Users\Olli\CloudStation\uC_Stuff\Selfbus\software-arm-lib\sblib\Debug_BCU1\libsblib.a(bus.o)
                0x00002194                Bus::timerInterruptHandler()
 .text._ZNK3Bus15prepareTelegramEPht
                0x00002abc       0x88 C:\Users\Olli\CloudStation\uC_Stuff\Selfbus\software-arm-lib\sblib\Debug_BCU1\libsblib.a(bus.o)
                0x00002abc                Bus::prepareTelegram(unsigned char*, unsigned short) const
 .text._ZN3Bus12sendTelegramEPht
                0x00002b44       0xc0 C:\Users\Olli\CloudStation\uC_Stuff\Selfbus\software-arm-lib\sblib\Debug_BCU1\libsblib.a(bus.o)
                0x00002b44                Bus::sendTelegram(unsigned char*, unsigned short)
 .text._Z10objectTypei
                0x00002c04       0x1c C:\Users\Olli\CloudStation\uC_Stuff\Selfbus\software-arm-lib\sblib\Debug_BCU1\libsblib.a(com_objects.o)
                0x00002c04                objectType(int)
 .text._Z12objectConfigi
                0x00002c20       0x24 C:\Users\Olli\CloudStation\uC_Stuff\Selfbus\software-arm-lib\sblib\Debug_BCU1\libsblib.a(com_objects.o)
                0x00002c20                objectConfig(int)
 .text._Z18telegramObjectSizei
                0x00002c44       0x34 C:\Users\Olli\CloudStation\uC_Stuff\Selfbus\software-arm-lib\sblib\Debug_BCU1\libsblib.a(com_objects.o)
                0x00002c44                telegramObjectSize(int)
 .text._Z14addObjectFlagsii
                0x00002c78       0x54 C:\Users\Olli\CloudStation\uC_Stuff\Selfbus\software-arm-lib\sblib\Debug_BCU1\libsblib.a(com_objects.o)
                0x00002c78                addObjectFlags(int, int)
 .text._Z14objectValuePtri
                0x00002ccc       0x48 C:\Users\Olli\CloudStation\uC_Stuff\Selfbus\software-arm-lib\sblib\Debug_BCU1\libsblib.a(com_objects.o)
                0x00002ccc                objectValuePtr(int)
 .text._Z11objectCountv
                0x00002d14       0x14 C:\Users\Olli\CloudStation\uC_Stuff\Selfbus\software-arm-lib\sblib\Debug_BCU1\libsblib.a(com_objects.o)
                0x00002d14                objectCount()
 .text._Z15firstObjectAddri
                0x00002d28       0x70 C:\Users\Olli\CloudStation\uC_Stuff\Selfbus\software-arm-lib\sblib\Debug_BCU1\libsblib.a(com_objects.o)
                0x00002d28                firstObjectAddr(int)
 .text._Z21sendGroupReadTelegramii
                0x00002d98       0x60 C:\Users\Olli\CloudStation\uC_Stuff\Selfbus\software-arm-lib\sblib\Debug_BCU1\libsblib.a(com_objects.o)
                0x00002d98                sendGroupReadTelegram(int, int)
 .text._Z22sendGroupWriteTelegramiib
                0x00002df8       0xec C:\Users\Olli\CloudStation\uC_Stuff\Selfbus\software-arm-lib\sblib\Debug_BCU1\libsblib.a(com_objects.o)
                0x00002df8                sendGroupWriteTelegram(int, int, bool)
 .text._Z21sendNextGroupTelegramv
                0x00002ee4      0x110 C:\Users\Olli\CloudStation\uC_Stuff\Selfbus\software-arm-lib\sblib\Debug_BCU1\libsblib.a(com_objects.o)
                0x00002ee4                sendNextGroupTelegram()
 .text._Z25processGroupWriteTelegrami
                0x00002ff4       0x60 C:\Users\Olli\CloudStation\uC_Stuff\Selfbus\software-arm-lib\sblib\Debug_BCU1\libsblib.a(com_objects.o)
                0x00002ff4                processGroupWriteTelegram(int)
 .text._Z20processGroupTelegramii
                0x00003054       0xc0 C:\Users\Olli\CloudStation\uC_Stuff\Selfbus\software-arm-lib\sblib\Debug_BCU1\libsblib.a(com_objects.o)
                0x00003054                processGroupTelegram(int, int)
 .text._Z17objectConfigTablev
                0x00003114       0x20 C:\Users\Olli\CloudStation\uC_Stuff\Selfbus\software-arm-lib\sblib\Debug_BCU1\libsblib.a(com_objects.o)
                0x00003114                objectConfigTable()
 .text._Z16objectFlagsTablev
                0x00003134       0x28 C:\Users\Olli\CloudStation\uC_Stuff\Selfbus\software-arm-lib\sblib\Debug_BCU1\libsblib.a(com_objects.o)
                0x00003134                objectFlagsTable()
 .text._Z13findValidPagev
                0x0000315c       0x50 C:\Users\Olli\CloudStation\uC_Stuff\Selfbus\software-arm-lib\sblib\Debug_BCU1\libsblib.a(user_memory.o)
                0x0000315c                findValidPage()
 .text._Z14readUserEepromv
                0x000031ac       0x4c C:\Users\Olli\CloudStation\uC_Stuff\Selfbus\software-arm-lib\sblib\Debug_BCU1\libsblib.a(user_memory.o)
                0x000031ac                readUserEeprom()
 .text._Z15writeUserEepromv
                0x000031f8       0xfc C:\Users\Olli\CloudStation\uC_Stuff\Selfbus\software-arm-lib\sblib\Debug_BCU1\libsblib.a(user_memory.o)
                0x000031f8                writeUserEeprom()
 .text._Z11analogBeginv
                0x000032f4       0x64 C:\Users\Olli\CloudStation\uC_Stuff\Selfbus\software-arm-lib\sblib\Debug_BCU1\libsblib.a(analog_pin.o)
                0x000032f4                analogBegin()
 .text._Z10analogReadi
                0x00003358       0x7c C:\Users\Olli\CloudStation\uC_Stuff\Selfbus\software-arm-lib\sblib\Debug_BCU1\libsblib.a(analog_pin.o)
                0x00003358                analogRead(int)
 .text._ZN9DebouncerC2Ev
                0x000033d4       0x18 C:\Users\Olli\CloudStation\uC_Stuff\Selfbus\software-arm-lib\sblib\Debug_BCU1\libsblib.a(debounce.o)
                0x000033d4                Debouncer::Debouncer()
                0x000033d4                Debouncer::Debouncer()
 .text._ZN9Debouncer8debounceEij
                0x000033ec       0x5c C:\Users\Olli\CloudStation\uC_Stuff\Selfbus\software-arm-lib\sblib\Debug_BCU1\libsblib.a(debounce.o)
                0x000033ec                Debouncer::debounce(int, unsigned int)
 .text._Z22IAP_Call_InterruptSafePjS_
                0x00003448       0x24 C:\Users\Olli\CloudStation\uC_Stuff\Selfbus\software-arm-lib\sblib\Debug_BCU1\libsblib.a(iap.o)
                0x00003448                IAP_Call_InterruptSafe(unsigned int*, unsigned int*)
 .text._ZL14_prepareSectori
                0x0000346c       0x44 C:\Users\Olli\CloudStation\uC_Stuff\Selfbus\software-arm-lib\sblib\Debug_BCU1\libsblib.a(iap.o)
 .text._Z14iapEraseSectori
                0x000034b0       0xb0 C:\Users\Olli\CloudStation\uC_Stuff\Selfbus\software-arm-lib\sblib\Debug_BCU1\libsblib.a(iap.o)
                0x000034b0                iapEraseSector(int)
 .text._Z12iapErasePagei
                0x00003560       0x88 C:\Users\Olli\CloudStation\uC_Stuff\Selfbus\software-arm-lib\sblib\Debug_BCU1\libsblib.a(iap.o)
                0x00003560                iapErasePage(int)
 .text._Z10iapProgramPhPKhj
                0x000035e8       0xd0 C:\Users\Olli\CloudStation\uC_Stuff\Selfbus\software-arm-lib\sblib\Debug_BCU1\libsblib.a(iap.o)
                0x000035e8                iapProgram(unsigned char*, unsigned char const*, unsigned int)
 .text._Z18iapSectorOfAddressPKh
                0x000036b8       0x24 C:\Users\Olli\CloudStation\uC_Stuff\Selfbus\software-arm-lib\sblib\Debug_BCU1\libsblib.a(iap.o)
                0x000036b8                iapSectorOfAddress(unsigned char const*)
 .text._Z12iapFlashSizev
                0x000036dc       0x74 C:\Users\Olli\CloudStation\uC_Stuff\Selfbus\software-arm-lib\sblib\Debug_BCU1\libsblib.a(iap.o)
                0x000036dc                iapFlashSize()
 .text._Z20getPinFunctionNumberis
                0x00003750       0x54 C:\Users\Olli\CloudStation\uC_Stuff\Selfbus\software-arm-lib\sblib\Debug_BCU1\libsblib.a(ioports.o)
                0x00003750                getPinFunctionNumber(int, short)
 .text.NVIC_SetPriority
                0x000037a4       0xd4 C:\Users\Olli\CloudStation\uC_Stuff\Selfbus\software-arm-lib\sblib\Debug_BCU1\libsblib.a(main.o)
 .text.SysTick_Config
                0x00003878       0x48 C:\Users\Olli\CloudStation\uC_Stuff\Selfbus\software-arm-lib\sblib\Debug_BCU1\libsblib.a(main.o)
 .text._ZNK7BcuBase18applicationRunningEv
                0x000038c0       0x64 C:\Users\Olli\CloudStation\uC_Stuff\Selfbus\software-arm-lib\sblib\Debug_BCU1\libsblib.a(main.o)
                0x000038c0                BcuBase::applicationRunning() const
 .text._ZL9lib_setupv
                0x00003924       0x2c C:\Users\Olli\CloudStation\uC_Stuff\Selfbus\software-arm-lib\sblib\Debug_BCU1\libsblib.a(main.o)
 .text.main     0x00003950       0x3c C:\Users\Olli\CloudStation\uC_Stuff\Selfbus\software-arm-lib\sblib\Debug_BCU1\libsblib.a(main.o)
                0x00003950                main
 .text._ZNK9MemMapper7doFlashEv
                0x0000398c       0xe8 C:\Users\Olli\CloudStation\uC_Stuff\Selfbus\software-arm-lib\sblib\Debug_BCU1\libsblib.a(mem_mapper.o)
                0x0000398c                MemMapper::doFlash() const
 .text._ZN9MemMapper12allocatePageEi
                0x00003a74       0xec C:\Users\Olli\CloudStation\uC_Stuff\Selfbus\software-arm-lib\sblib\Debug_BCU1\libsblib.a(mem_mapper.o)
                0x00003a74                MemMapper::allocatePage(int)
 .text._ZNK9MemMapper15getFlashPageNumEi
                0x00003b60       0x38 C:\Users\Olli\CloudStation\uC_Stuff\Selfbus\software-arm-lib\sblib\Debug_BCU1\libsblib.a(mem_mapper.o)
                0x00003b60                MemMapper::getFlashPageNum(int) const
 .text._ZN9MemMapper8writeMemEih
                0x00003b98       0xdc C:\Users\Olli\CloudStation\uC_Stuff\Selfbus\software-arm-lib\sblib\Debug_BCU1\libsblib.a(mem_mapper.o)
                0x00003b98                MemMapper::writeMem(int, unsigned char)
 .text._ZN9MemMapper11writeMemPtrEiPhi
                0x00003c74       0x54 C:\Users\Olli\CloudStation\uC_Stuff\Selfbus\software-arm-lib\sblib\Debug_BCU1\libsblib.a(mem_mapper.o)
                0x00003c74                MemMapper::writeMemPtr(int, unsigned char*, int)
 .text._ZN9MemMapper7readMemEiRhb
                0x00003cc8       0xa4 C:\Users\Olli\CloudStation\uC_Stuff\Selfbus\software-arm-lib\sblib\Debug_BCU1\libsblib.a(mem_mapper.o)
                0x00003cc8                MemMapper::readMem(int, unsigned char&, bool)
 .text._ZN9MemMapper10readMemPtrEiPhib
                0x00003d6c       0x54 C:\Users\Olli\CloudStation\uC_Stuff\Selfbus\software-arm-lib\sblib\Debug_BCU1\libsblib.a(mem_mapper.o)
                0x00003d6c                MemMapper::readMemPtr(int, unsigned char*, int, bool)
 .text._ZN9MemMapper8isMappedEi
                0x00003dc0       0x34 C:\Users\Olli\CloudStation\uC_Stuff\Selfbus\software-arm-lib\sblib\Debug_BCU1\libsblib.a(mem_mapper.o)
                0x00003dc0                MemMapper::isMapped(int)
 .text._ZN5Print5printEi4Basei
                0x00003df4       0x5c C:\Users\Olli\CloudStation\uC_Stuff\Selfbus\software-arm-lib\sblib\Debug_BCU1\libsblib.a(print.o)
                0x00003df4                Print::print(int, Base, int)
 .text._ZN5Print5printEj4Basei
                0x00003e50       0xd0 C:\Users\Olli\CloudStation\uC_Stuff\Selfbus\software-arm-lib\sblib\Debug_BCU1\libsblib.a(print.o)
                0x00003e50                Print::print(unsigned int, Base, int)
 .text._ZN5Print7printlnEv
                0x00003f20       0x38 C:\Users\Olli\CloudStation\uC_Stuff\Selfbus\software-arm-lib\sblib\Debug_BCU1\libsblib.a(print.o)
                0x00003f20                Print::println()
 .text._ZN5Print5writeEPKhi
                0x00003f58       0x4c C:\Users\Olli\CloudStation\uC_Stuff\Selfbus\software-arm-lib\sblib\Debug_BCU1\libsblib.a(print.o)
                0x00003f58                Print::write(unsigned char const*, int)
 .text._ZN5Print5writeEPKc
                0x00003fa4       0x3c C:\Users\Olli\CloudStation\uC_Stuff\Selfbus\software-arm-lib\sblib\Debug_BCU1\libsblib.a(print.o)
                0x00003fa4                Print::write(char const*)
 .text._ZN5PrintC2Ev
                0x00003fe0       0x1c C:\Users\Olli\CloudStation\uC_Stuff\Selfbus\software-arm-lib\sblib\Debug_BCU1\libsblib.a(serial.o)
                0x00003fe0                Print::Print()
                0x00003fe0                Print::Print()
 .text._ZN6StreamC2Ev
                0x00003ffc       0x2c C:\Users\Olli\CloudStation\uC_Stuff\Selfbus\software-arm-lib\sblib\Debug_BCU1\libsblib.a(serial.o)
                0x00003ffc                Stream::Stream()
                0x00003ffc                Stream::Stream()
 .text._ZN14BufferedStream12clearBuffersEv
                0x00004028       0x28 C:\Users\Olli\CloudStation\uC_Stuff\Selfbus\software-arm-lib\sblib\Debug_BCU1\libsblib.a(serial.o)
                0x00004028                BufferedStream::clearBuffers()
 .text._ZN14BufferedStreamC2Ev
                0x00004050       0x24 C:\Users\Olli\CloudStation\uC_Stuff\Selfbus\software-arm-lib\sblib\Debug_BCU1\libsblib.a(serial.o)
                0x00004050                BufferedStream::BufferedStream()
                0x00004050                BufferedStream::BufferedStream()
 .text._ZN6SerialC2Eii
                0x00004074       0x40 C:\Users\Olli\CloudStation\uC_Stuff\Selfbus\software-arm-lib\sblib\Debug_BCU1\libsblib.a(serial.o)
                0x00004074                Serial::Serial(int, int)
                0x00004074                Serial::Serial(int, int)
 .text._ZN6Serial8setRxPinEi
                0x000040b4       0x20 C:\Users\Olli\CloudStation\uC_Stuff\Selfbus\software-arm-lib\sblib\Debug_BCU1\libsblib.a(serial.o)
                0x000040b4                Serial::setRxPin(int)
 .text._ZN6Serial8setTxPinEi
                0x000040d4       0x20 C:\Users\Olli\CloudStation\uC_Stuff\Selfbus\software-arm-lib\sblib\Debug_BCU1\libsblib.a(serial.o)
                0x000040d4                Serial::setTxPin(int)
 .text._ZN6Serial5beginEi12SerialConfig
                0x000040f4      0x11c C:\Users\Olli\CloudStation\uC_Stuff\Selfbus\software-arm-lib\sblib\Debug_BCU1\libsblib.a(serial.o)
                0x000040f4                Serial::begin(int, SerialConfig)
 .text._ZN6Serial5writeEh
                0x00004210       0x98 C:\Users\Olli\CloudStation\uC_Stuff\Selfbus\software-arm-lib\sblib\Debug_BCU1\libsblib.a(serial.o)
                0x00004210                Serial::write(unsigned char)
 .text._ZN6Serial5flushEv
                0x000042a8       0x24 C:\Users\Olli\CloudStation\uC_Stuff\Selfbus\software-arm-lib\sblib\Debug_BCU1\libsblib.a(serial.o)
                0x000042a8                Serial::flush()
 .text._ZN6Serial4readEv
                0x000042cc       0xac C:\Users\Olli\CloudStation\uC_Stuff\Selfbus\software-arm-lib\sblib\Debug_BCU1\libsblib.a(serial.o)
                0x000042cc                Serial::read()
 .text._ZN6Serial16interruptHandlerEv
                0x00004378       0xd0 C:\Users\Olli\CloudStation\uC_Stuff\Selfbus\software-arm-lib\sblib\Debug_BCU1\libsblib.a(serial.o)
                0x00004378                Serial::interruptHandler()
 .text.UART_IRQHandler
                0x00004448       0x14 C:\Users\Olli\CloudStation\uC_Stuff\Selfbus\software-arm-lib\sblib\Debug_BCU1\libsblib.a(serial0.o)
                0x00004448                UART_IRQHandler
 .text._Z41__static_initialization_and_destruction_0ii
                0x0000445c       0x3c C:\Users\Olli\CloudStation\uC_Stuff\Selfbus\software-arm-lib\sblib\Debug_BCU1\libsblib.a(serial0.o)
 .text._GLOBAL__sub_I_serial
                0x00004498       0x18 C:\Users\Olli\CloudStation\uC_Stuff\Selfbus\software-arm-lib\sblib\Debug_BCU1\libsblib.a(serial0.o)
 .text.NVIC_DisableIRQ
                0x000044b0       0x30 C:\Users\Olli\CloudStation\uC_Stuff\Selfbus\software-arm-lib\sblib\Debug_BCU1\libsblib.a(spi.o)
 .text._ZN3SPIC2Eii
                0x000044e0       0xac C:\Users\Olli\CloudStation\uC_Stuff\Selfbus\software-arm-lib\sblib\Debug_BCU1\libsblib.a(spi.o)
                0x000044e0                SPI::SPI(int, int)
                0x000044e0                SPI::SPI(int, int)
 .text._ZN3SPI15setClockDividerEi
                0x0000458c       0x30 C:\Users\Olli\CloudStation\uC_Stuff\Selfbus\software-arm-lib\sblib\Debug_BCU1\libsblib.a(spi.o)
                0x0000458c                SPI::setClockDivider(int)
 .text._ZN3SPI5beginEv
                0x000045bc       0x20 C:\Users\Olli\CloudStation\uC_Stuff\Selfbus\software-arm-lib\sblib\Debug_BCU1\libsblib.a(spi.o)
                0x000045bc                SPI::begin()
 .text._ZN3SPI8transferEi15SpiTransferMode
                0x000045dc       0x60 C:\Users\Olli\CloudStation\uC_Stuff\Selfbus\software-arm-lib\sblib\Debug_BCU1\libsblib.a(spi.o)
                0x000045dc                SPI::transfer(int, SpiTransferMode)
 .text._ZN3SPI21continueBlockTransferEv
                0x0000463c      0x160 C:\Users\Olli\CloudStation\uC_Stuff\Selfbus\software-arm-lib\sblib\Debug_BCU1\libsblib.a(spi.o)
                0x0000463c                SPI::continueBlockTransfer()
 .text.SSP0_IRQHandler
                0x0000479c       0x24 C:\Users\Olli\CloudStation\uC_Stuff\Selfbus\software-arm-lib\sblib\Debug_BCU1\libsblib.a(spi.o)
                0x0000479c                SSP0_IRQHandler
 .text.SSP1_IRQHandler
                0x000047c0       0x18 C:\Users\Olli\CloudStation\uC_Stuff\Selfbus\software-arm-lib\sblib\Debug_BCU1\libsblib.a(spi.o)
                0x000047c0                SSP1_IRQHandler
 .text._Z17delayMicrosecondsj
                0x000047d8       0x68 C:\Users\Olli\CloudStation\uC_Stuff\Selfbus\software-arm-lib\sblib\Debug_BCU1\libsblib.a(timer.o)
                0x000047d8                delayMicroseconds(unsigned int)
 .text._ZN5TimerC2Eh
                0x00004840       0x34 C:\Users\Olli\CloudStation\uC_Stuff\Selfbus\software-arm-lib\sblib\Debug_BCU1\libsblib.a(timer.o)
                0x00004840                Timer::Timer(unsigned char)
                0x00004840                Timer::Timer(unsigned char)
 .text._ZN5Timer9matchModeEii
                0x00004874       0x94 C:\Users\Olli\CloudStation\uC_Stuff\Selfbus\software-arm-lib\sblib\Debug_BCU1\libsblib.a(timer.o)
                0x00004874                Timer::matchMode(int, int)
 .text._ZN5Timer11captureModeEii
                0x00004908       0x90 C:\Users\Olli\CloudStation\uC_Stuff\Selfbus\software-arm-lib\sblib\Debug_BCU1\libsblib.a(timer.o)
                0x00004908                Timer::captureMode(int, int)
 .text.SysTick_Handler
                0x00004998       0x18 C:\Users\Olli\CloudStation\uC_Stuff\Selfbus\software-arm-lib\sblib\Debug_BCU1\libsblib.a(timer.o)
                0x00004998                SysTick_Handler
 .text._Z41__static_initialization_and_destruction_0ii
                0x000049b0       0x5c C:\Users\Olli\CloudStation\uC_Stuff\Selfbus\software-arm-lib\sblib\Debug_BCU1\libsblib.a(timer.o)
 .text._GLOBAL__sub_I_systemTime
                0x00004a0c       0x18 C:\Users\Olli\CloudStation\uC_Stuff\Selfbus\software-arm-lib\sblib\Debug_BCU1\libsblib.a(timer.o)
 .text.NVIC_SetPriority
                0x00004a24       0xd4 C:\Users\Olli\CloudStation\uC_Stuff\Selfbus\software-arm-lib\sblib\Debug_BCU1\libsblib.a(utils.o)
 .text.SysTick_Config
                0x00004af8       0x48 C:\Users\Olli\CloudStation\uC_Stuff\Selfbus\software-arm-lib\sblib\Debug_BCU1\libsblib.a(utils.o)
 .text._Z11reverseCopyPhPKhi
                0x00004b40       0x3c C:\Users\Olli\CloudStation\uC_Stuff\Selfbus\software-arm-lib\sblib\Debug_BCU1\libsblib.a(utils.o)
                0x00004b40                reverseCopy(unsigned char*, unsigned char const*, int)
 .text._Z10fatalErrorv
                0x00004b7c       0x78 C:\Users\Olli\CloudStation\uC_Stuff\Selfbus\software-arm-lib\sblib\Debug_BCU1\libsblib.a(utils.o)
                0x00004b7c                fatalError()
 .text._Z11indexOfAddri
                0x00004bf4       0x70 C:\Users\Olli\CloudStation\uC_Stuff\Selfbus\software-arm-lib\sblib\Debug_BCU1\libsblib.a(addr_tables.o)
                0x00004bf4                indexOfAddr(int)
 .text._Z9addrTablev
                0x00004c64       0x14 C:\Users\Olli\CloudStation\uC_Stuff\Selfbus\software-arm-lib\sblib\Debug_BCU1\libsblib.a(addr_tables.o)
                0x00004c64                addrTable()
 .text._Z10assocTablev
                0x00004c78       0x20 C:\Users\Olli\CloudStation\uC_Stuff\Selfbus\software-arm-lib\sblib\Debug_BCU1\libsblib.a(addr_tables.o)
                0x00004c78                assocTable()
 .text._ZN14BufferedStream4readEv
                0x00004c98       0x50 C:\Users\Olli\CloudStation\uC_Stuff\Selfbus\software-arm-lib\sblib\Debug_BCU1\libsblib.a(buffered_stream.o)
                0x00004c98                BufferedStream::read()
 .text._ZN14BufferedStream4peekEv
                0x00004ce8       0x34 C:\Users\Olli\CloudStation\uC_Stuff\Selfbus\software-arm-lib\sblib\Debug_BCU1\libsblib.a(buffered_stream.o)
                0x00004ce8                BufferedStream::peek()
 .text._ZN14BufferedStream9availableEv
                0x00004d1c       0x2c C:\Users\Olli\CloudStation\uC_Stuff\Selfbus\software-arm-lib\sblib\Debug_BCU1\libsblib.a(buffered_stream.o)
                0x00004d1c                BufferedStream::available()
 .text.__cxa_pure_virtual
                0x00004d48        0xc C:\Users\Olli\CloudStation\uC_Stuff\Selfbus\software-arm-lib\sblib\Debug_BCU1\libsblib.a(new.o)
                0x00004d48                __cxa_pure_virtual
 .text          0x00004d54      0x120 c:/nxp/lpcxpresso_7.9.2_493/lpcxpresso/tools/bin/../lib/gcc/arm-none-eabi/4.9.3/armv6-m\libgcc.a(_udivsi3.o)
                0x00004d54                __aeabi_uidiv
                0x00004d54                __udivsi3
                0x00004e60                __aeabi_uidivmod
 .text          0x00004e74      0x1e0 c:/nxp/lpcxpresso_7.9.2_493/lpcxpresso/tools/bin/../lib/gcc/arm-none-eabi/4.9.3/armv6-m\libgcc.a(_divsi3.o)
                0x00004e74                __divsi3
                0x00004e74                __aeabi_idiv
                0x00005040                __aeabi_idivmod
 .text          0x00005054        0x4 c:/nxp/lpcxpresso_7.9.2_493/lpcxpresso/tools/bin/../lib/gcc/arm-none-eabi/4.9.3/armv6-m\libgcc.a(_dvmd_tls.o)
                0x00005054                __aeabi_idiv0
                0x00005054                __aeabi_ldiv0
 .text.__libc_init_array
                0x00005058       0x4c c:/nxp/lpcxpresso_7.9.2_493/lpcxpresso/tools/bin/../lib/gcc/arm-none-eabi/4.9.3/../../../../arm-none-eabi/lib/armv6-m\libc_nano.a(lib_a-init.o)
                0x00005058                __libc_init_array
 .text.memcpy   0x000050a4       0x12 c:/nxp/lpcxpresso_7.9.2_493/lpcxpresso/tools/bin/../lib/gcc/arm-none-eabi/4.9.3/../../../../arm-none-eabi/lib/armv6-m\libc_nano.a(lib_a-memcpy.o)
                0x000050a4                memcpy
 .text.memset   0x000050b6       0x10 c:/nxp/lpcxpresso_7.9.2_493/lpcxpresso/tools/bin/../lib/gcc/arm-none-eabi/4.9.3/../../../../arm-none-eabi/lib/armv6-m\libc_nano.a(lib_a-memset.o)
                0x000050b6                memset
 .text.strlen   0x000050c6        0xe c:/nxp/lpcxpresso_7.9.2_493/lpcxpresso/tools/bin/../lib/gcc/arm-none-eabi/4.9.3/../../../../arm-none-eabi/lib/armv6-m\libc_nano.a(lib_a-strlen.o)
                0x000050c6                strlen
 .text          0x000050d4       0x60 c:/nxp/lpcxpresso_7.9.2_493/lpcxpresso/tools/bin/../lib/gcc/arm-none-eabi/4.9.3/armv6-m\crtbegin.o
 *(.rodata .rodata.* .constdata .constdata.*)
 .rodata.bcu    0x00005134        0x4 ./src/app_main.o
                0x00005134                bcu
 .rodata        0x00005138       0x33 ./src/app_main.o
 *fill*         0x0000516b        0x1 
 .rodata._ZL13rxPinLocation
                0x0000516c       0x10 C:\Users\Olli\CloudStation\uC_Stuff\Selfbus\software-arm-lib\sblib\Debug_BCU1\libsblib.a(digital_pin.o)
 .rodata.gpioPorts
                0x0000517c       0x10 C:\Users\Olli\CloudStation\uC_Stuff\Selfbus\software-arm-lib\sblib\Debug_BCU1\libsblib.a(platform.o)
                0x0000517c                gpioPorts
 .rodata._ZL12ioconOffsets
                0x0000518c       0x60 C:\Users\Olli\CloudStation\uC_Stuff\Selfbus\software-arm-lib\sblib\Debug_BCU1\libsblib.a(platform.o)
 *fill*         0x000051ec        0x4 
 .rodata._ZTV3BCU
                0x000051f0       0x18 C:\Users\Olli\CloudStation\uC_Stuff\Selfbus\software-arm-lib\sblib\Debug_BCU1\libsblib.a(bcu.o)
                0x000051f0                vtable for BCU
 .rodata._ZTV7BcuBase
                0x00005208       0x18 C:\Users\Olli\CloudStation\uC_Stuff\Selfbus\software-arm-lib\sblib\Debug_BCU1\libsblib.a(bcu_base.o)
                0x00005208                vtable for BcuBase
 .rodata._ZN3Bus21timerInterruptHandlerEv
                0x00005220       0x28 C:\Users\Olli\CloudStation\uC_Stuff\Selfbus\software-arm-lib\sblib\Debug_BCU1\libsblib.a(bus.o)
 .rodata._ZL15objectTypeSizes
                0x00005248        0xa C:\Users\Olli\CloudStation\uC_Stuff\Selfbus\software-arm-lib\sblib\Debug_BCU1\libsblib.a(com_objects.o)
 *fill*         0x00005252        0x2 
 .rodata.userRam
                0x00005254        0x4 C:\Users\Olli\CloudStation\uC_Stuff\Selfbus\software-arm-lib\sblib\Debug_BCU1\libsblib.a(user_memory.o)
                0x00005254                userRam
 .rodata.userEeprom
                0x00005258        0x4 C:\Users\Olli\CloudStation\uC_Stuff\Selfbus\software-arm-lib\sblib\Debug_BCU1\libsblib.a(user_memory.o)
                0x00005258                userEeprom
 *fill*         0x0000525c        0x4 
 .rodata._ZTV5Print
                0x00005260       0x10 C:\Users\Olli\CloudStation\uC_Stuff\Selfbus\software-arm-lib\sblib\Debug_BCU1\libsblib.a(print.o)
                0x00005260                vtable for Print
 .rodata._ZTV6Serial
                0x00005270       0x20 C:\Users\Olli\CloudStation\uC_Stuff\Selfbus\software-arm-lib\sblib\Debug_BCU1\libsblib.a(serial.o)
                0x00005270                vtable for Serial
 .rodata._ZTV6Stream
                0x00005290       0x20 C:\Users\Olli\CloudStation\uC_Stuff\Selfbus\software-arm-lib\sblib\Debug_BCU1\libsblib.a(serial.o)
                0x00005290                vtable for Stream
 .rodata._ZL5ports
                0x000052b0        0x8 C:\Users\Olli\CloudStation\uC_Stuff\Selfbus\software-arm-lib\sblib\Debug_BCU1\libsblib.a(spi.o)
 .rodata._ZL6timers
                0x000052b8       0x10 C:\Users\Olli\CloudStation\uC_Stuff\Selfbus\software-arm-lib\sblib\Debug_BCU1\libsblib.a(timer.o)
 .rodata._ZTV14BufferedStream
                0x000052c8       0x20 C:\Users\Olli\CloudStation\uC_Stuff\Selfbus\software-arm-lib\sblib\Debug_BCU1\libsblib.a(buffered_stream.o)
                0x000052c8                vtable for BufferedStream
                0x000052e8                . = ALIGN (0x4)
                0x000052e8                . = ALIGN (0x4)
 *(.init)
 .init          0x000052e8        0x4 c:/nxp/lpcxpresso_7.9.2_493/lpcxpresso/tools/bin/../lib/gcc/arm-none-eabi/4.9.3/armv6-m\crti.o
                0x000052e8                _init
 .init          0x000052ec        0x8 c:/nxp/lpcxpresso_7.9.2_493/lpcxpresso/tools/bin/../lib/gcc/arm-none-eabi/4.9.3/armv6-m\crtn.o
                0x000052f4                . = ALIGN (0x4)
                0x000052f4                __preinit_array_start = .
 *(.preinit_array)
                0x000052f4                __preinit_array_end = .
                0x000052f4                . = ALIGN (0x4)
                0x000052f4                __init_array_start = .
 *(SORT(.init_array.*))
 *(.init_array)
 .init_array    0x000052f4        0x4 ./src/app_main.o
 .init_array    0x000052f8        0x4 C:\Users\Olli\CloudStation\uC_Stuff\Selfbus\software-arm-lib\sblib\Debug_BCU1\libsblib.a(serial0.o)
 .init_array    0x000052fc        0x4 C:\Users\Olli\CloudStation\uC_Stuff\Selfbus\software-arm-lib\sblib\Debug_BCU1\libsblib.a(timer.o)
 .init_array    0x00005300        0x4 c:/nxp/lpcxpresso_7.9.2_493/lpcxpresso/tools/bin/../lib/gcc/arm-none-eabi/4.9.3/armv6-m\crtbegin.o
                0x00005304                __init_array_end = .
 *(.fini)
 .fini          0x00005304        0x4 c:/nxp/lpcxpresso_7.9.2_493/lpcxpresso/tools/bin/../lib/gcc/arm-none-eabi/4.9.3/armv6-m\crti.o
                0x00005304                _fini
 .fini          0x00005308        0x8 c:/nxp/lpcxpresso_7.9.2_493/lpcxpresso/tools/bin/../lib/gcc/arm-none-eabi/4.9.3/armv6-m\crtn.o
                0x00005310                . = ALIGN (0x4)
 *crtbegin.o(.ctors)
 *(EXCLUDE_FILE(*crtend.o) .ctors)
 *(SORT(.ctors.*))
 *crtend.o(.ctors)
                0x00005310                . = ALIGN (0x4)
 *crtbegin.o(.dtors)
 *(EXCLUDE_FILE(*crtend.o) .dtors)
 *(SORT(.dtors.*))
 *crtend.o(.dtors)
                0x00005310                . = ALIGN (0x4)

.glue_7         0x00005310        0x0
 .glue_7        0x00000000        0x0 linker stubs

.glue_7t        0x00005310        0x0
 .glue_7t       0x00000000        0x0 linker stubs

.vfp11_veneer   0x00005310        0x0
 .vfp11_veneer  0x00000000        0x0 linker stubs

.v4_bx          0x00005310        0x0
 .v4_bx         0x00000000        0x0 linker stubs

.iplt           0x00005310        0x0
 .iplt          0x00000000        0x0 ./src/app_main.o

.rel.dyn        0x00005310        0x0
 .rel.iplt      0x00000000        0x0 ./src/app_main.o

.eh_frame       0x00005310        0x0
 .eh_frame      0x00005310        0x0 c:/nxp/lpcxpresso_7.9.2_493/lpcxpresso/tools/bin/../lib/gcc/arm-none-eabi/4.9.3/armv6-m\crtbegin.o

.ARM.extab
 *(.ARM.extab* .gnu.linkonce.armextab.*)
                0x00005310                __exidx_start = .

.ARM.exidx
 *(.ARM.exidx* .gnu.linkonce.armexidx.*)
                0x00005310                __exidx_end = .
                0x00005310                _etext = .

.uninit_RESERVED
                0x10000000        0x0
 *(.bss.$RESERVED*)
                0x10000000                . = ALIGN (0x4)
                0x10000000                _end_uninit_RESERVED = .

.data           0x10000000        0x8 load address 0x00005310
 FILL mask 0xff
                0x10000000                _data = .
 *(vtable)
 *(.ramfunc*)
 *(.data*)
 .data.blinkPin
                0x10000000        0x4 ./src/app_main.o
                0x10000000                blinkPin
 .data.SystemCoreClock
                0x10000004        0x4 C:\Users\Olli\CloudStation\uC_Stuff\LPC_workspaces\LPC1115_Selfbus\CMSIS_CORE_LPC11xx\Debug\libCMSIS_CORE_LPC11xx.a(system_LPC11xx.o)
                0x10000004                SystemCoreClock
                0x10000008                . = ALIGN (0x4)
                0x10000008                _edata = .

.igot.plt       0x10000008        0x0 load address 0x00005318
 .igot.plt      0x00000000        0x0 ./src/app_main.o

.jcr            0x10000008        0x0 load address 0x00005318
 .jcr           0x10000008        0x0 c:/nxp/lpcxpresso_7.9.2_493/lpcxpresso/tools/bin/../lib/gcc/arm-none-eabi/4.9.3/armv6-m\crtbegin.o

.bss            0x10000008      0x600 load address 0x00005318
                0x10000008                _bss = .
 *(.bss*)
 .bss._ZL4_bcu  0x10000008       0x54 ./src/app_main.o
 .bss.bus       0x1000005c       0x6c ./src/app_main.o
                0x1000005c                bus
 .bss.spi       0x100000c8        0x8 ./src/app_main.o
                0x100000c8                spi
 .bss.rgb_leds  0x100000d0       0x12 ./src/app_main.o
                0x100000d0                rgb_leds
 *fill*         0x100000e2        0x2 
 .bss.rgb_buffer_ist
                0x100000e4       0x12 ./src/app_main.o
                0x100000e4                rgb_buffer_ist
 *fill*         0x100000f6        0x2 
 .bss.rgb_buffer_soll
                0x100000f8       0x12 ./src/app_main.o
                0x100000f8                rgb_buffer_soll
 *fill*         0x1000010a        0x2 
 .bss.dimmrampen
                0x1000010c       0x48 ./src/app_main.o
                0x1000010c                dimmrampen
 .bss.flag_sens_pos
                0x10000154        0x1 ./src/app_main.o
                0x10000154                flag_sens_pos
 .bss.flag_sens_neg
                0x10000155        0x1 ./src/app_main.o
                0x10000155                flag_sens_neg
 .bss.flag_dimmen
                0x10000156        0x1 ./src/app_main.o
                0x10000156                flag_dimmen
 .bss.flag_led_on
                0x10000157        0x1 ./src/app_main.o
                0x10000157                flag_led_on
 .bss.differenz_median
                0x10000158        0x4 ./src/app_main.o
                0x10000158                differenz_median
 .bss.timer32_0_cnt
                0x1000015c        0x4 ./src/app_main.o
                0x1000015c                timer32_0_cnt
 .bss.led_on_time
                0x10000160        0x4 ./src/app_main.o
                0x10000160                led_on_time
 .bss.wert_ohne_LED
                0x10000164        0x4 ./src/app_main.o
                0x10000164                wert_ohne_LED
 .bss.dimm_steps_cnt
                0x10000168        0x4 ./src/app_main.o
                0x10000168                dimm_steps_cnt
 .bss.Serial    0x1000016c      0x118 ./src/app_main.o
                0x1000016c                Serial
 .bss.timer32_0_counter
                0x10000284        0x4 ./src/timer32.o
                0x10000284                timer32_0_counter
 .bss.timer32_1_counter
                0x10000288        0x4 ./src/timer32.o
                0x10000288                timer32_1_counter
 .bss._ZL9debugLine
                0x1000028c        0x4 C:\Users\Olli\CloudStation\uC_Stuff\Selfbus\software-arm-lib\sblib\Debug_BCU1\libsblib.a(bus.o)
 .bss.sndStartIdx
                0x10000290        0x4 C:\Users\Olli\CloudStation\uC_Stuff\Selfbus\software-arm-lib\sblib\Debug_BCU1\libsblib.a(com_objects.o)
                0x10000290                sndStartIdx
 .bss.userRamData
                0x10000294      0x103 C:\Users\Olli\CloudStation\uC_Stuff\Selfbus\software-arm-lib\sblib\Debug_BCU1\libsblib.a(user_memory.o)
                0x10000294                userRamData
 *fill*         0x10000397        0x1 
 .bss.userEepromData
                0x10000398      0x100 C:\Users\Olli\CloudStation\uC_Stuff\Selfbus\software-arm-lib\sblib\Debug_BCU1\libsblib.a(user_memory.o)
                0x10000398                userEepromData
 .bss.userEepromModified
                0x10000498        0x1 C:\Users\Olli\CloudStation\uC_Stuff\Selfbus\software-arm-lib\sblib\Debug_BCU1\libsblib.a(user_memory.o)
                0x10000498                userEepromModified
 *fill*         0x10000499        0x3 
 .bss.writeUserEepromTime
                0x1000049c        0x4 C:\Users\Olli\CloudStation\uC_Stuff\Selfbus\software-arm-lib\sblib\Debug_BCU1\libsblib.a(user_memory.o)
                0x1000049c                writeUserEepromTime
 .bss.iapFlashBytes
                0x100004a0        0x4 C:\Users\Olli\CloudStation\uC_Stuff\Selfbus\software-arm-lib\sblib\Debug_BCU1\libsblib.a(iap.o)
                0x100004a0                iapFlashBytes
 .bss.serial    0x100004a4      0x118 C:\Users\Olli\CloudStation\uC_Stuff\Selfbus\software-arm-lib\sblib\Debug_BCU1\libsblib.a(serial0.o)
                0x100004a4                serial
 .bss._ZL9instances
                0x100005bc        0x8 C:\Users\Olli\CloudStation\uC_Stuff\Selfbus\software-arm-lib\sblib\Debug_BCU1\libsblib.a(spi.o)
 .bss.int_ssp_0
                0x100005c4        0x4 C:\Users\Olli\CloudStation\uC_Stuff\Selfbus\software-arm-lib\sblib\Debug_BCU1\libsblib.a(spi.o)
                0x100005c4                int_ssp_0
 .bss.systemTime
                0x100005c8        0x4 C:\Users\Olli\CloudStation\uC_Stuff\Selfbus\software-arm-lib\sblib\Debug_BCU1\libsblib.a(timer.o)
                0x100005c8                systemTime
 .bss.timer16_0
                0x100005cc        0x8 C:\Users\Olli\CloudStation\uC_Stuff\Selfbus\software-arm-lib\sblib\Debug_BCU1\libsblib.a(timer.o)
                0x100005cc                timer16_0
 .bss.timer16_1
                0x100005d4        0x8 C:\Users\Olli\CloudStation\uC_Stuff\Selfbus\software-arm-lib\sblib\Debug_BCU1\libsblib.a(timer.o)
                0x100005d4                timer16_1
 .bss.timer32_0
                0x100005dc        0x8 C:\Users\Olli\CloudStation\uC_Stuff\Selfbus\software-arm-lib\sblib\Debug_BCU1\libsblib.a(timer.o)
                0x100005dc                timer32_0
 .bss.timer32_1
                0x100005e4        0x8 C:\Users\Olli\CloudStation\uC_Stuff\Selfbus\software-arm-lib\sblib\Debug_BCU1\libsblib.a(timer.o)
                0x100005e4                timer32_1
 .bss           0x100005ec       0x1c c:/nxp/lpcxpresso_7.9.2_493/lpcxpresso/tools/bin/../lib/gcc/arm-none-eabi/4.9.3/armv6-m\crtbegin.o
 *(COMMON)
                0x10000608                . = ALIGN (0x4)
                0x10000608                _ebss = .
                0x10000608                PROVIDE (end, .)

.noinit         0x10000608        0x0 load address 0x00005318
                0x10000608                _noinit = .
 *(.noinit*)
                0x10000608                . = ALIGN (0x4)
                0x10000608                _end_noinit = .
                0x10000608                PROVIDE (_pvHeapStart, DEFINED (__user_heap_base)?__user_heap_base:.)
                0x10002000                PROVIDE (_vStackTop, DEFINED (__user_stack_top)?__user_stack_top:(__top_RamLoc8 - 0x0))
                0xefffdd51                PROVIDE (__valid_user_code_checksum, (0x0 - (((_vStackTop + (ResetISR + 0x1)) + (DEFINED (NMI_Handler)?NMI_Handler:M0_NMI_Handler + 0x1)) + (DEFINED (HardFault_Handler)?HardFault_Handler:M0_HardFault_Handler + 0x1))))
OUTPUT(Taster_RGB_WS2803.axf elf32-littlearm)

.debug_info     0x00000000    0x135b7
 .debug_info    0x00000000     0x1fda ./src/app_main.o
 .debug_info    0x00001fda      0x271 ./src/cr_startup_lpc11xx.o
 .debug_info    0x0000224b       0x3f ./src/crp.o
 .debug_info    0x0000228a      0xad3 ./src/timer32.o
 .debug_info    0x00002d5d      0x456 C:\Users\Olli\CloudStation\uC_Stuff\LPC_workspaces\LPC1115_Selfbus\CMSIS_CORE_LPC11xx\Debug\libCMSIS_CORE_LPC11xx.a(system_LPC11xx.o)
 .debug_info    0x000031b3      0x968 C:\Users\Olli\CloudStation\uC_Stuff\Selfbus\software-arm-lib\sblib\Debug_BCU1\libsblib.a(digital_pin.o)
 .debug_info    0x00003b1b      0x6a2 C:\Users\Olli\CloudStation\uC_Stuff\Selfbus\software-arm-lib\sblib\Debug_BCU1\libsblib.a(platform.o)
 .debug_info    0x000041bd     0x1bfd C:\Users\Olli\CloudStation\uC_Stuff\Selfbus\software-arm-lib\sblib\Debug_BCU1\libsblib.a(bcu.o)
 .debug_info    0x00005dba     0x186d C:\Users\Olli\CloudStation\uC_Stuff\Selfbus\software-arm-lib\sblib\Debug_BCU1\libsblib.a(bcu_base.o)
 .debug_info    0x00007627     0x1d9a C:\Users\Olli\CloudStation\uC_Stuff\Selfbus\software-arm-lib\sblib\Debug_BCU1\libsblib.a(bus.o)
 .debug_info    0x000093c1     0x192d C:\Users\Olli\CloudStation\uC_Stuff\Selfbus\software-arm-lib\sblib\Debug_BCU1\libsblib.a(com_objects.o)
 .debug_info    0x0000acee     0x124e C:\Users\Olli\CloudStation\uC_Stuff\Selfbus\software-arm-lib\sblib\Debug_BCU1\libsblib.a(user_memory.o)
 .debug_info    0x0000bf3c      0x4dd C:\Users\Olli\CloudStation\uC_Stuff\Selfbus\software-arm-lib\sblib\Debug_BCU1\libsblib.a(analog_pin.o)
 .debug_info    0x0000c419      0x23f C:\Users\Olli\CloudStation\uC_Stuff\Selfbus\software-arm-lib\sblib\Debug_BCU1\libsblib.a(debounce.o)
 .debug_info    0x0000c658      0x4f4 C:\Users\Olli\CloudStation\uC_Stuff\Selfbus\software-arm-lib\sblib\Debug_BCU1\libsblib.a(iap.o)
 .debug_info    0x0000cb4c      0x1b2 C:\Users\Olli\CloudStation\uC_Stuff\Selfbus\software-arm-lib\sblib\Debug_BCU1\libsblib.a(ioports.o)
 .debug_info    0x0000ccfe     0x12eb C:\Users\Olli\CloudStation\uC_Stuff\Selfbus\software-arm-lib\sblib\Debug_BCU1\libsblib.a(main.o)
 .debug_info    0x0000dfe9      0xc64 C:\Users\Olli\CloudStation\uC_Stuff\Selfbus\software-arm-lib\sblib\Debug_BCU1\libsblib.a(mem_mapper.o)
 .debug_info    0x0000ec4d      0x497 C:\Users\Olli\CloudStation\uC_Stuff\Selfbus\software-arm-lib\sblib\Debug_BCU1\libsblib.a(print.o)
 .debug_info    0x0000f0e4     0x1456 C:\Users\Olli\CloudStation\uC_Stuff\Selfbus\software-arm-lib\sblib\Debug_BCU1\libsblib.a(serial.o)
 .debug_info    0x0001053a      0x5c5 C:\Users\Olli\CloudStation\uC_Stuff\Selfbus\software-arm-lib\sblib\Debug_BCU1\libsblib.a(serial0.o)
 .debug_info    0x00010aff      0x8ce C:\Users\Olli\CloudStation\uC_Stuff\Selfbus\software-arm-lib\sblib\Debug_BCU1\libsblib.a(spi.o)
 .debug_info    0x000113cd      0xeb5 C:\Users\Olli\CloudStation\uC_Stuff\Selfbus\software-arm-lib\sblib\Debug_BCU1\libsblib.a(timer.o)
 .debug_info    0x00012282      0x7ee C:\Users\Olli\CloudStation\uC_Stuff\Selfbus\software-arm-lib\sblib\Debug_BCU1\libsblib.a(utils.o)
 .debug_info    0x00012a70      0x467 C:\Users\Olli\CloudStation\uC_Stuff\Selfbus\software-arm-lib\sblib\Debug_BCU1\libsblib.a(addr_tables.o)
 .debug_info    0x00012ed7      0x697 C:\Users\Olli\CloudStation\uC_Stuff\Selfbus\software-arm-lib\sblib\Debug_BCU1\libsblib.a(buffered_stream.o)
 .debug_info    0x0001356e       0x49 C:\Users\Olli\CloudStation\uC_Stuff\Selfbus\software-arm-lib\sblib\Debug_BCU1\libsblib.a(new.o)

.debug_abbrev   0x00000000     0x4322
 .debug_abbrev  0x00000000      0x579 ./src/app_main.o
 .debug_abbrev  0x00000579      0x126 ./src/cr_startup_lpc11xx.o
 .debug_abbrev  0x0000069f       0x36 ./src/crp.o
 .debug_abbrev  0x000006d5      0x1c0 ./src/timer32.o
 .debug_abbrev  0x00000895      0x106 C:\Users\Olli\CloudStation\uC_Stuff\LPC_workspaces\LPC1115_Selfbus\CMSIS_CORE_LPC11xx\Debug\libCMSIS_CORE_LPC11xx.a(system_LPC11xx.o)
 .debug_abbrev  0x0000099b      0x1d5 C:\Users\Olli\CloudStation\uC_Stuff\Selfbus\software-arm-lib\sblib\Debug_BCU1\libsblib.a(digital_pin.o)
 .debug_abbrev  0x00000b70      0x189 C:\Users\Olli\CloudStation\uC_Stuff\Selfbus\software-arm-lib\sblib\Debug_BCU1\libsblib.a(platform.o)
 .debug_abbrev  0x00000cf9      0x4fc C:\Users\Olli\CloudStation\uC_Stuff\Selfbus\software-arm-lib\sblib\Debug_BCU1\libsblib.a(bcu.o)
 .debug_abbrev  0x000011f5      0x4f1 C:\Users\Olli\CloudStation\uC_Stuff\Selfbus\software-arm-lib\sblib\Debug_BCU1\libsblib.a(bcu_base.o)
 .debug_abbrev  0x000016e6      0x4df C:\Users\Olli\CloudStation\uC_Stuff\Selfbus\software-arm-lib\sblib\Debug_BCU1\libsblib.a(bus.o)
 .debug_abbrev  0x00001bc5      0x437 C:\Users\Olli\CloudStation\uC_Stuff\Selfbus\software-arm-lib\sblib\Debug_BCU1\libsblib.a(com_objects.o)
 .debug_abbrev  0x00001ffc      0x3f2 C:\Users\Olli\CloudStation\uC_Stuff\Selfbus\software-arm-lib\sblib\Debug_BCU1\libsblib.a(user_memory.o)
 .debug_abbrev  0x000023ee      0x13e C:\Users\Olli\CloudStation\uC_Stuff\Selfbus\software-arm-lib\sblib\Debug_BCU1\libsblib.a(analog_pin.o)
 .debug_abbrev  0x0000252c      0x198 C:\Users\Olli\CloudStation\uC_Stuff\Selfbus\software-arm-lib\sblib\Debug_BCU1\libsblib.a(debounce.o)
 .debug_abbrev  0x000026c4      0x1cb C:\Users\Olli\CloudStation\uC_Stuff\Selfbus\software-arm-lib\sblib\Debug_BCU1\libsblib.a(iap.o)
 .debug_abbrev  0x0000288f       0xce C:\Users\Olli\CloudStation\uC_Stuff\Selfbus\software-arm-lib\sblib\Debug_BCU1\libsblib.a(ioports.o)
 .debug_abbrev  0x0000295d      0x3c0 C:\Users\Olli\CloudStation\uC_Stuff\Selfbus\software-arm-lib\sblib\Debug_BCU1\libsblib.a(main.o)
 .debug_abbrev  0x00002d1d      0x252 C:\Users\Olli\CloudStation\uC_Stuff\Selfbus\software-arm-lib\sblib\Debug_BCU1\libsblib.a(mem_mapper.o)
 .debug_abbrev  0x00002f6f      0x182 C:\Users\Olli\CloudStation\uC_Stuff\Selfbus\software-arm-lib\sblib\Debug_BCU1\libsblib.a(print.o)
 .debug_abbrev  0x000030f1      0x446 C:\Users\Olli\CloudStation\uC_Stuff\Selfbus\software-arm-lib\sblib\Debug_BCU1\libsblib.a(serial.o)
 .debug_abbrev  0x00003537      0x1d7 C:\Users\Olli\CloudStation\uC_Stuff\Selfbus\software-arm-lib\sblib\Debug_BCU1\libsblib.a(serial0.o)
 .debug_abbrev  0x0000370e      0x2a4 C:\Users\Olli\CloudStation\uC_Stuff\Selfbus\software-arm-lib\sblib\Debug_BCU1\libsblib.a(spi.o)
 .debug_abbrev  0x000039b2      0x377 C:\Users\Olli\CloudStation\uC_Stuff\Selfbus\software-arm-lib\sblib\Debug_BCU1\libsblib.a(timer.o)
 .debug_abbrev  0x00003d29      0x229 C:\Users\Olli\CloudStation\uC_Stuff\Selfbus\software-arm-lib\sblib\Debug_BCU1\libsblib.a(utils.o)
 .debug_abbrev  0x00003f52      0x17e C:\Users\Olli\CloudStation\uC_Stuff\Selfbus\software-arm-lib\sblib\Debug_BCU1\libsblib.a(addr_tables.o)
 .debug_abbrev  0x000040d0      0x21a C:\Users\Olli\CloudStation\uC_Stuff\Selfbus\software-arm-lib\sblib\Debug_BCU1\libsblib.a(buffered_stream.o)
 .debug_abbrev  0x000042ea       0x38 C:\Users\Olli\CloudStation\uC_Stuff\Selfbus\software-arm-lib\sblib\Debug_BCU1\libsblib.a(new.o)

.debug_aranges  0x00000000      0x8e0
 .debug_aranges
                0x00000000       0x78 ./src/app_main.o
 .debug_aranges
                0x00000078       0x60 ./src/cr_startup_lpc11xx.o
 .debug_aranges
                0x000000d8       0x18 ./src/crp.o
 .debug_aranges
                0x000000f0       0x50 ./src/timer32.o
 .debug_aranges
                0x00000140       0x28 C:\Users\Olli\CloudStation\uC_Stuff\LPC_workspaces\LPC1115_Selfbus\CMSIS_CORE_LPC11xx\Debug\libCMSIS_CORE_LPC11xx.a(system_LPC11xx.o)
 .debug_aranges
                0x00000168       0x38 C:\Users\Olli\CloudStation\uC_Stuff\Selfbus\software-arm-lib\sblib\Debug_BCU1\libsblib.a(digital_pin.o)
 .debug_aranges
                0x000001a0       0x28 C:\Users\Olli\CloudStation\uC_Stuff\Selfbus\software-arm-lib\sblib\Debug_BCU1\libsblib.a(platform.o)
 .debug_aranges
                0x000001c8       0xb8 C:\Users\Olli\CloudStation\uC_Stuff\Selfbus\software-arm-lib\sblib\Debug_BCU1\libsblib.a(bcu.o)
 .debug_aranges
                0x00000280       0x88 C:\Users\Olli\CloudStation\uC_Stuff\Selfbus\software-arm-lib\sblib\Debug_BCU1\libsblib.a(bcu_base.o)
 .debug_aranges
                0x00000308       0x60 C:\Users\Olli\CloudStation\uC_Stuff\Selfbus\software-arm-lib\sblib\Debug_BCU1\libsblib.a(bus.o)
 .debug_aranges
                0x00000368       0xb8 C:\Users\Olli\CloudStation\uC_Stuff\Selfbus\software-arm-lib\sblib\Debug_BCU1\libsblib.a(com_objects.o)
 .debug_aranges
                0x00000420       0x38 C:\Users\Olli\CloudStation\uC_Stuff\Selfbus\software-arm-lib\sblib\Debug_BCU1\libsblib.a(user_memory.o)
 .debug_aranges
                0x00000458       0x30 C:\Users\Olli\CloudStation\uC_Stuff\Selfbus\software-arm-lib\sblib\Debug_BCU1\libsblib.a(analog_pin.o)
 .debug_aranges
                0x00000488       0x28 C:\Users\Olli\CloudStation\uC_Stuff\Selfbus\software-arm-lib\sblib\Debug_BCU1\libsblib.a(debounce.o)
 .debug_aranges
                0x000004b0       0x68 C:\Users\Olli\CloudStation\uC_Stuff\Selfbus\software-arm-lib\sblib\Debug_BCU1\libsblib.a(iap.o)
 .debug_aranges
                0x00000518       0x20 C:\Users\Olli\CloudStation\uC_Stuff\Selfbus\software-arm-lib\sblib\Debug_BCU1\libsblib.a(ioports.o)
 .debug_aranges
                0x00000538       0x40 C:\Users\Olli\CloudStation\uC_Stuff\Selfbus\software-arm-lib\sblib\Debug_BCU1\libsblib.a(main.o)
 .debug_aranges
                0x00000578       0xb8 C:\Users\Olli\CloudStation\uC_Stuff\Selfbus\software-arm-lib\sblib\Debug_BCU1\libsblib.a(mem_mapper.o)
 .debug_aranges
                0x00000630       0x40 C:\Users\Olli\CloudStation\uC_Stuff\Selfbus\software-arm-lib\sblib\Debug_BCU1\libsblib.a(print.o)
 .debug_aranges
                0x00000670       0x80 C:\Users\Olli\CloudStation\uC_Stuff\Selfbus\software-arm-lib\sblib\Debug_BCU1\libsblib.a(serial.o)
 .debug_aranges
                0x000006f0       0x30 C:\Users\Olli\CloudStation\uC_Stuff\Selfbus\software-arm-lib\sblib\Debug_BCU1\libsblib.a(serial0.o)
 .debug_aranges
                0x00000720       0x80 C:\Users\Olli\CloudStation\uC_Stuff\Selfbus\software-arm-lib\sblib\Debug_BCU1\libsblib.a(spi.o)
 .debug_aranges
                0x000007a0       0x78 C:\Users\Olli\CloudStation\uC_Stuff\Selfbus\software-arm-lib\sblib\Debug_BCU1\libsblib.a(timer.o)
 .debug_aranges
                0x00000818       0x38 C:\Users\Olli\CloudStation\uC_Stuff\Selfbus\software-arm-lib\sblib\Debug_BCU1\libsblib.a(utils.o)
 .debug_aranges
                0x00000850       0x40 C:\Users\Olli\CloudStation\uC_Stuff\Selfbus\software-arm-lib\sblib\Debug_BCU1\libsblib.a(addr_tables.o)
 .debug_aranges
                0x00000890       0x30 C:\Users\Olli\CloudStation\uC_Stuff\Selfbus\software-arm-lib\sblib\Debug_BCU1\libsblib.a(buffered_stream.o)
 .debug_aranges
                0x000008c0       0x20 C:\Users\Olli\CloudStation\uC_Stuff\Selfbus\software-arm-lib\sblib\Debug_BCU1\libsblib.a(new.o)

.debug_ranges   0x00000000      0x740
 .debug_ranges  0x00000000       0x68 ./src/app_main.o
 .debug_ranges  0x00000068       0x68 ./src/cr_startup_lpc11xx.o
 .debug_ranges  0x000000d0       0x40 ./src/timer32.o
 .debug_ranges  0x00000110       0x18 C:\Users\Olli\CloudStation\uC_Stuff\LPC_workspaces\LPC1115_Selfbus\CMSIS_CORE_LPC11xx\Debug\libCMSIS_CORE_LPC11xx.a(system_LPC11xx.o)
 .debug_ranges  0x00000128       0x28 C:\Users\Olli\CloudStation\uC_Stuff\Selfbus\software-arm-lib\sblib\Debug_BCU1\libsblib.a(digital_pin.o)
 .debug_ranges  0x00000150       0x18 C:\Users\Olli\CloudStation\uC_Stuff\Selfbus\software-arm-lib\sblib\Debug_BCU1\libsblib.a(platform.o)
 .debug_ranges  0x00000168       0xa8 C:\Users\Olli\CloudStation\uC_Stuff\Selfbus\software-arm-lib\sblib\Debug_BCU1\libsblib.a(bcu.o)
 .debug_ranges  0x00000210       0x78 C:\Users\Olli\CloudStation\uC_Stuff\Selfbus\software-arm-lib\sblib\Debug_BCU1\libsblib.a(bcu_base.o)
 .debug_ranges  0x00000288       0x50 C:\Users\Olli\CloudStation\uC_Stuff\Selfbus\software-arm-lib\sblib\Debug_BCU1\libsblib.a(bus.o)
 .debug_ranges  0x000002d8       0xa8 C:\Users\Olli\CloudStation\uC_Stuff\Selfbus\software-arm-lib\sblib\Debug_BCU1\libsblib.a(com_objects.o)
 .debug_ranges  0x00000380       0x28 C:\Users\Olli\CloudStation\uC_Stuff\Selfbus\software-arm-lib\sblib\Debug_BCU1\libsblib.a(user_memory.o)
 .debug_ranges  0x000003a8       0x20 C:\Users\Olli\CloudStation\uC_Stuff\Selfbus\software-arm-lib\sblib\Debug_BCU1\libsblib.a(analog_pin.o)
 .debug_ranges  0x000003c8       0x18 C:\Users\Olli\CloudStation\uC_Stuff\Selfbus\software-arm-lib\sblib\Debug_BCU1\libsblib.a(debounce.o)
 .debug_ranges  0x000003e0       0x58 C:\Users\Olli\CloudStation\uC_Stuff\Selfbus\software-arm-lib\sblib\Debug_BCU1\libsblib.a(iap.o)
 .debug_ranges  0x00000438       0x10 C:\Users\Olli\CloudStation\uC_Stuff\Selfbus\software-arm-lib\sblib\Debug_BCU1\libsblib.a(ioports.o)
 .debug_ranges  0x00000448       0x30 C:\Users\Olli\CloudStation\uC_Stuff\Selfbus\software-arm-lib\sblib\Debug_BCU1\libsblib.a(main.o)
 .debug_ranges  0x00000478       0xa8 C:\Users\Olli\CloudStation\uC_Stuff\Selfbus\software-arm-lib\sblib\Debug_BCU1\libsblib.a(mem_mapper.o)
 .debug_ranges  0x00000520       0x30 C:\Users\Olli\CloudStation\uC_Stuff\Selfbus\software-arm-lib\sblib\Debug_BCU1\libsblib.a(print.o)
 .debug_ranges  0x00000550       0x70 C:\Users\Olli\CloudStation\uC_Stuff\Selfbus\software-arm-lib\sblib\Debug_BCU1\libsblib.a(serial.o)
 .debug_ranges  0x000005c0       0x20 C:\Users\Olli\CloudStation\uC_Stuff\Selfbus\software-arm-lib\sblib\Debug_BCU1\libsblib.a(serial0.o)
 .debug_ranges  0x000005e0       0x70 C:\Users\Olli\CloudStation\uC_Stuff\Selfbus\software-arm-lib\sblib\Debug_BCU1\libsblib.a(spi.o)
 .debug_ranges  0x00000650       0x68 C:\Users\Olli\CloudStation\uC_Stuff\Selfbus\software-arm-lib\sblib\Debug_BCU1\libsblib.a(timer.o)
 .debug_ranges  0x000006b8       0x28 C:\Users\Olli\CloudStation\uC_Stuff\Selfbus\software-arm-lib\sblib\Debug_BCU1\libsblib.a(utils.o)
 .debug_ranges  0x000006e0       0x30 C:\Users\Olli\CloudStation\uC_Stuff\Selfbus\software-arm-lib\sblib\Debug_BCU1\libsblib.a(addr_tables.o)
 .debug_ranges  0x00000710       0x20 C:\Users\Olli\CloudStation\uC_Stuff\Selfbus\software-arm-lib\sblib\Debug_BCU1\libsblib.a(buffered_stream.o)
 .debug_ranges  0x00000730       0x10 C:\Users\Olli\CloudStation\uC_Stuff\Selfbus\software-arm-lib\sblib\Debug_BCU1\libsblib.a(new.o)

.debug_macro    0x00000000     0x66d8
 .debug_macro   0x00000000      0x2d6 ./src/app_main.o
 .debug_macro   0x000002d6      0x86e ./src/app_main.o
 .debug_macro   0x00000b44       0x44 ./src/app_main.o
 .debug_macro   0x00000b88       0x11 ./src/app_main.o
 .debug_macro   0x00000b99       0x1c ./src/app_main.o
 .debug_macro   0x00000bb5       0x3a ./src/app_main.o
 .debug_macro   0x00000bef       0x22 ./src/app_main.o
 .debug_macro   0x00000c11       0x44 ./src/app_main.o
 .debug_macro   0x00000c55       0x58 ./src/app_main.o
 .debug_macro   0x00000cad       0x22 ./src/app_main.o
 .debug_macro   0x00000ccf      0x1df ./src/app_main.o
 .debug_macro   0x00000eae       0x1f ./src/app_main.o
 .debug_macro   0x00000ecd      0x242 ./src/app_main.o
 .debug_macro   0x0000110f      0x131 ./src/app_main.o
 .debug_macro   0x00001240       0x16 ./src/app_main.o
 .debug_macro   0x00001256       0x2e ./src/app_main.o
 .debug_macro   0x00001284       0x1f ./src/app_main.o
 .debug_macro   0x000012a3       0x10 ./src/app_main.o
 .debug_macro   0x000012b3       0x5e ./src/app_main.o
 .debug_macro   0x00001311       0x1c ./src/app_main.o
 .debug_macro   0x0000132d       0x2e ./src/app_main.o
 .debug_macro   0x0000135b       0x10 ./src/app_main.o
 .debug_macro   0x0000136b       0x10 ./src/app_main.o
 .debug_macro   0x0000137b       0x58 ./src/app_main.o
 .debug_macro   0x000013d3       0x35 ./src/app_main.o
 .debug_macro   0x00001408       0x9c ./src/app_main.o
 .debug_macro   0x000014a4      0x166 ./src/app_main.o
 .debug_macro   0x0000160a       0x52 ./src/app_main.o
 .debug_macro   0x0000165c       0x16 ./src/app_main.o
 .debug_macro   0x00001672       0x43 ./src/app_main.o
 .debug_macro   0x000016b5      0x180 ./src/app_main.o
 .debug_macro   0x00001835      0x2b2 ./src/app_main.o
 .debug_macro   0x00001ae7       0x10 ./src/app_main.o
 .debug_macro   0x00001af7       0x35 ./src/app_main.o
 .debug_macro   0x00001b2c       0x67 ./src/app_main.o
 .debug_macro   0x00001b93       0x36 ./src/app_main.o
 .debug_macro   0x00001bc9       0x26 ./src/app_main.o
 .debug_macro   0x00001bef       0x11 ./src/app_main.o
 .debug_macro   0x00001c00       0x28 ./src/app_main.o
 .debug_macro   0x00001c28       0x10 ./src/app_main.o
 .debug_macro   0x00001c38       0x2e ./src/app_main.o
 .debug_macro   0x00001c66       0x10 ./src/app_main.o
 .debug_macro   0x00001c76       0xe2 ./src/app_main.o
 .debug_macro   0x00001d58       0x1d ./src/cr_startup_lpc11xx.o
 .debug_macro   0x00001d75      0x874 ./src/cr_startup_lpc11xx.o
 .debug_macro   0x000025e9       0x1a ./src/crp.o
 .debug_macro   0x00002603      0x844 ./src/crp.o
 .debug_macro   0x00002e47       0x34 ./src/crp.o
 .debug_macro   0x00002e7b       0x9e ./src/timer32.o
 .debug_macro   0x00002f19      0x242 ./src/timer32.o
 .debug_macro   0x0000315b      0x13b C:\Users\Olli\CloudStation\uC_Stuff\LPC_workspaces\LPC1115_Selfbus\CMSIS_CORE_LPC11xx\Debug\libCMSIS_CORE_LPC11xx.a(system_LPC11xx.o)
 .debug_macro   0x00003296      0x838 C:\Users\Olli\CloudStation\uC_Stuff\LPC_workspaces\LPC1115_Selfbus\CMSIS_CORE_LPC11xx\Debug\libCMSIS_CORE_LPC11xx.a(system_LPC11xx.o)
 .debug_macro   0x00003ace       0x10 C:\Users\Olli\CloudStation\uC_Stuff\LPC_workspaces\LPC1115_Selfbus\CMSIS_CORE_LPC11xx\Debug\libCMSIS_CORE_LPC11xx.a(system_LPC11xx.o)
 .debug_macro   0x00003ade      0x12d C:\Users\Olli\CloudStation\uC_Stuff\LPC_workspaces\LPC1115_Selfbus\CMSIS_CORE_LPC11xx\Debug\libCMSIS_CORE_LPC11xx.a(system_LPC11xx.o)
 .debug_macro   0x00003c0b      0x5b2 C:\Users\Olli\CloudStation\uC_Stuff\LPC_workspaces\LPC1115_Selfbus\CMSIS_CORE_LPC11xx\Debug\libCMSIS_CORE_LPC11xx.a(system_LPC11xx.o)
 .debug_macro   0x000041bd       0xd5 C:\Users\Olli\CloudStation\uC_Stuff\Selfbus\software-arm-lib\sblib\Debug_BCU1\libsblib.a(digital_pin.o)
 .debug_macro   0x00004292      0x86e C:\Users\Olli\CloudStation\uC_Stuff\Selfbus\software-arm-lib\sblib\Debug_BCU1\libsblib.a(digital_pin.o)
 .debug_macro   0x00004b00       0x19 C:\Users\Olli\CloudStation\uC_Stuff\Selfbus\software-arm-lib\sblib\Debug_BCU1\libsblib.a(digital_pin.o)
 .debug_macro   0x00004b19      0x120 C:\Users\Olli\CloudStation\uC_Stuff\Selfbus\software-arm-lib\sblib\Debug_BCU1\libsblib.a(platform.o)
 .debug_macro   0x00004c39       0x34 C:\Users\Olli\CloudStation\uC_Stuff\Selfbus\software-arm-lib\sblib\Debug_BCU1\libsblib.a(platform.o)
 .debug_macro   0x00004c6d      0x26f C:\Users\Olli\CloudStation\uC_Stuff\Selfbus\software-arm-lib\sblib\Debug_BCU1\libsblib.a(bcu.o)
 .debug_macro   0x00004edc       0x10 C:\Users\Olli\CloudStation\uC_Stuff\Selfbus\software-arm-lib\sblib\Debug_BCU1\libsblib.a(bcu.o)
 .debug_macro   0x00004eec      0x243 C:\Users\Olli\CloudStation\uC_Stuff\Selfbus\software-arm-lib\sblib\Debug_BCU1\libsblib.a(bcu_base.o)
 .debug_macro   0x0000512f      0x1a7 C:\Users\Olli\CloudStation\uC_Stuff\Selfbus\software-arm-lib\sblib\Debug_BCU1\libsblib.a(bus.o)
 .debug_macro   0x000052d6      0x1cc C:\Users\Olli\CloudStation\uC_Stuff\Selfbus\software-arm-lib\sblib\Debug_BCU1\libsblib.a(com_objects.o)
 .debug_macro   0x000054a2      0x200 C:\Users\Olli\CloudStation\uC_Stuff\Selfbus\software-arm-lib\sblib\Debug_BCU1\libsblib.a(user_memory.o)
 .debug_macro   0x000056a2       0xd5 C:\Users\Olli\CloudStation\uC_Stuff\Selfbus\software-arm-lib\sblib\Debug_BCU1\libsblib.a(analog_pin.o)
 .debug_macro   0x00005777       0xc3 C:\Users\Olli\CloudStation\uC_Stuff\Selfbus\software-arm-lib\sblib\Debug_BCU1\libsblib.a(debounce.o)
 .debug_macro   0x0000583a       0x16 C:\Users\Olli\CloudStation\uC_Stuff\Selfbus\software-arm-lib\sblib\Debug_BCU1\libsblib.a(debounce.o)
 .debug_macro   0x00005850      0x17d C:\Users\Olli\CloudStation\uC_Stuff\Selfbus\software-arm-lib\sblib\Debug_BCU1\libsblib.a(iap.o)
 .debug_macro   0x000059cd       0x1a C:\Users\Olli\CloudStation\uC_Stuff\Selfbus\software-arm-lib\sblib\Debug_BCU1\libsblib.a(ioports.o)
 .debug_macro   0x000059e7      0x1c9 C:\Users\Olli\CloudStation\uC_Stuff\Selfbus\software-arm-lib\sblib\Debug_BCU1\libsblib.a(main.o)
 .debug_macro   0x00005bb0      0x177 C:\Users\Olli\CloudStation\uC_Stuff\Selfbus\software-arm-lib\sblib\Debug_BCU1\libsblib.a(mem_mapper.o)
 .debug_macro   0x00005d27       0xe4 C:\Users\Olli\CloudStation\uC_Stuff\Selfbus\software-arm-lib\sblib\Debug_BCU1\libsblib.a(print.o)
 .debug_macro   0x00005e0b      0x1d8 C:\Users\Olli\CloudStation\uC_Stuff\Selfbus\software-arm-lib\sblib\Debug_BCU1\libsblib.a(serial.o)
 .debug_macro   0x00005fe3      0x19c C:\Users\Olli\CloudStation\uC_Stuff\Selfbus\software-arm-lib\sblib\Debug_BCU1\libsblib.a(serial0.o)
 .debug_macro   0x0000617f      0x12f C:\Users\Olli\CloudStation\uC_Stuff\Selfbus\software-arm-lib\sblib\Debug_BCU1\libsblib.a(spi.o)
 .debug_macro   0x000062ae       0xfe C:\Users\Olli\CloudStation\uC_Stuff\Selfbus\software-arm-lib\sblib\Debug_BCU1\libsblib.a(timer.o)
 .debug_macro   0x000063ac       0x20 C:\Users\Olli\CloudStation\uC_Stuff\Selfbus\software-arm-lib\sblib\Debug_BCU1\libsblib.a(timer.o)
 .debug_macro   0x000063cc       0xd1 C:\Users\Olli\CloudStation\uC_Stuff\Selfbus\software-arm-lib\sblib\Debug_BCU1\libsblib.a(utils.o)
 .debug_macro   0x0000649d       0x28 C:\Users\Olli\CloudStation\uC_Stuff\Selfbus\software-arm-lib\sblib\Debug_BCU1\libsblib.a(utils.o)
 .debug_macro   0x000064c5       0xf8 C:\Users\Olli\CloudStation\uC_Stuff\Selfbus\software-arm-lib\sblib\Debug_BCU1\libsblib.a(addr_tables.o)
 .debug_macro   0x000065bd       0xf2 C:\Users\Olli\CloudStation\uC_Stuff\Selfbus\software-arm-lib\sblib\Debug_BCU1\libsblib.a(buffered_stream.o)
 .debug_macro   0x000066af       0x29 C:\Users\Olli\CloudStation\uC_Stuff\Selfbus\software-arm-lib\sblib\Debug_BCU1\libsblib.a(new.o)

.debug_line     0x00000000     0x73b8
 .debug_line    0x00000000      0x835 ./src/app_main.o
 .debug_line    0x00000835       0xae ./src/cr_startup_lpc11xx.o
 .debug_line    0x000008e3       0x7d ./src/crp.o
 .debug_line    0x00000960      0x390 ./src/timer32.o
 .debug_line    0x00000cf0      0x21e C:\Users\Olli\CloudStation\uC_Stuff\LPC_workspaces\LPC1115_Selfbus\CMSIS_CORE_LPC11xx\Debug\libCMSIS_CORE_LPC11xx.a(system_LPC11xx.o)
 .debug_line    0x00000f0e      0x3d6 C:\Users\Olli\CloudStation\uC_Stuff\Selfbus\software-arm-lib\sblib\Debug_BCU1\libsblib.a(digital_pin.o)
 .debug_line    0x000012e4      0x386 C:\Users\Olli\CloudStation\uC_Stuff\Selfbus\software-arm-lib\sblib\Debug_BCU1\libsblib.a(platform.o)
 .debug_line    0x0000166a      0x8a6 C:\Users\Olli\CloudStation\uC_Stuff\Selfbus\software-arm-lib\sblib\Debug_BCU1\libsblib.a(bcu.o)
 .debug_line    0x00001f10      0x6b6 C:\Users\Olli\CloudStation\uC_Stuff\Selfbus\software-arm-lib\sblib\Debug_BCU1\libsblib.a(bcu_base.o)
 .debug_line    0x000025c6      0x84b C:\Users\Olli\CloudStation\uC_Stuff\Selfbus\software-arm-lib\sblib\Debug_BCU1\libsblib.a(bus.o)
 .debug_line    0x00002e11      0x7ad C:\Users\Olli\CloudStation\uC_Stuff\Selfbus\software-arm-lib\sblib\Debug_BCU1\libsblib.a(com_objects.o)
 .debug_line    0x000035be      0x56e C:\Users\Olli\CloudStation\uC_Stuff\Selfbus\software-arm-lib\sblib\Debug_BCU1\libsblib.a(user_memory.o)
 .debug_line    0x00003b2c      0x32b C:\Users\Olli\CloudStation\uC_Stuff\Selfbus\software-arm-lib\sblib\Debug_BCU1\libsblib.a(analog_pin.o)
 .debug_line    0x00003e57      0x314 C:\Users\Olli\CloudStation\uC_Stuff\Selfbus\software-arm-lib\sblib\Debug_BCU1\libsblib.a(debounce.o)
 .debug_line    0x0000416b      0x4c2 C:\Users\Olli\CloudStation\uC_Stuff\Selfbus\software-arm-lib\sblib\Debug_BCU1\libsblib.a(iap.o)
 .debug_line    0x0000462d       0xb3 C:\Users\Olli\CloudStation\uC_Stuff\Selfbus\software-arm-lib\sblib\Debug_BCU1\libsblib.a(ioports.o)
 .debug_line    0x000046e0      0x585 C:\Users\Olli\CloudStation\uC_Stuff\Selfbus\software-arm-lib\sblib\Debug_BCU1\libsblib.a(main.o)
 .debug_line    0x00004c65      0x656 C:\Users\Olli\CloudStation\uC_Stuff\Selfbus\software-arm-lib\sblib\Debug_BCU1\libsblib.a(mem_mapper.o)
 .debug_line    0x000052bb      0x307 C:\Users\Olli\CloudStation\uC_Stuff\Selfbus\software-arm-lib\sblib\Debug_BCU1\libsblib.a(print.o)
 .debug_line    0x000055c2      0x57a C:\Users\Olli\CloudStation\uC_Stuff\Selfbus\software-arm-lib\sblib\Debug_BCU1\libsblib.a(serial.o)
 .debug_line    0x00005b3c      0x3eb C:\Users\Olli\CloudStation\uC_Stuff\Selfbus\software-arm-lib\sblib\Debug_BCU1\libsblib.a(serial0.o)
 .debug_line    0x00005f27      0x455 C:\Users\Olli\CloudStation\uC_Stuff\Selfbus\software-arm-lib\sblib\Debug_BCU1\libsblib.a(spi.o)
 .debug_line    0x0000637c      0x504 C:\Users\Olli\CloudStation\uC_Stuff\Selfbus\software-arm-lib\sblib\Debug_BCU1\libsblib.a(timer.o)
 .debug_line    0x00006880      0x367 C:\Users\Olli\CloudStation\uC_Stuff\Selfbus\software-arm-lib\sblib\Debug_BCU1\libsblib.a(utils.o)
 .debug_line    0x00006be7      0x459 C:\Users\Olli\CloudStation\uC_Stuff\Selfbus\software-arm-lib\sblib\Debug_BCU1\libsblib.a(addr_tables.o)
 .debug_line    0x00007040      0x2d5 C:\Users\Olli\CloudStation\uC_Stuff\Selfbus\software-arm-lib\sblib\Debug_BCU1\libsblib.a(buffered_stream.o)
 .debug_line    0x00007315       0xa3 C:\Users\Olli\CloudStation\uC_Stuff\Selfbus\software-arm-lib\sblib\Debug_BCU1\libsblib.a(new.o)

.debug_str      0x00000000     0xe0ce
 .debug_str     0x00000000     0x8f97 ./src/app_main.o
                               0x93a2 (size before relaxing)
 .debug_str     0x00008f97      0x2a1 ./src/cr_startup_lpc11xx.o
                               0x2609 (size before relaxing)
 .debug_str     0x00009238      0x25c ./src/crp.o
                               0x2487 (size before relaxing)
 .debug_str     0x00009494      0x3a4 ./src/timer32.o
                               0x4cce (size before relaxing)
 .debug_str     0x00009838     0x1b74 C:\Users\Olli\CloudStation\uC_Stuff\LPC_workspaces\LPC1115_Selfbus\CMSIS_CORE_LPC11xx\Debug\libCMSIS_CORE_LPC11xx.a(system_LPC11xx.o)
                               0x570d (size before relaxing)
 .debug_str     0x0000b3ac      0x150 C:\Users\Olli\CloudStation\uC_Stuff\Selfbus\software-arm-lib\sblib\Debug_BCU1\libsblib.a(digital_pin.o)
                               0x4e58 (size before relaxing)
 .debug_str     0x0000b4fc       0xa0 C:\Users\Olli\CloudStation\uC_Stuff\Selfbus\software-arm-lib\sblib\Debug_BCU1\libsblib.a(platform.o)
                               0x5310 (size before relaxing)
 .debug_str     0x0000b59c      0xa57 C:\Users\Olli\CloudStation\uC_Stuff\Selfbus\software-arm-lib\sblib\Debug_BCU1\libsblib.a(bcu.o)
                               0x8dfb (size before relaxing)
 .debug_str     0x0000bff3      0x3ba C:\Users\Olli\CloudStation\uC_Stuff\Selfbus\software-arm-lib\sblib\Debug_BCU1\libsblib.a(bcu_base.o)
                               0x8bc5 (size before relaxing)
 .debug_str     0x0000c3ad      0x21f C:\Users\Olli\CloudStation\uC_Stuff\Selfbus\software-arm-lib\sblib\Debug_BCU1\libsblib.a(bus.o)
                               0x63bb (size before relaxing)
 .debug_str     0x0000c5cc      0x625 C:\Users\Olli\CloudStation\uC_Stuff\Selfbus\software-arm-lib\sblib\Debug_BCU1\libsblib.a(com_objects.o)
                               0x69a9 (size before relaxing)
 .debug_str     0x0000cbf1      0x292 C:\Users\Olli\CloudStation\uC_Stuff\Selfbus\software-arm-lib\sblib\Debug_BCU1\libsblib.a(user_memory.o)
                               0x85a3 (size before relaxing)
 .debug_str     0x0000ce83       0xd3 C:\Users\Olli\CloudStation\uC_Stuff\Selfbus\software-arm-lib\sblib\Debug_BCU1\libsblib.a(analog_pin.o)
                               0x4afa (size before relaxing)
 .debug_str     0x0000cf56       0x2e C:\Users\Olli\CloudStation\uC_Stuff\Selfbus\software-arm-lib\sblib\Debug_BCU1\libsblib.a(debounce.o)
                               0x487a (size before relaxing)
 .debug_str     0x0000cf84      0x2d5 C:\Users\Olli\CloudStation\uC_Stuff\Selfbus\software-arm-lib\sblib\Debug_BCU1\libsblib.a(iap.o)
                               0x708b (size before relaxing)
 .debug_str     0x0000d259       0x57 C:\Users\Olli\CloudStation\uC_Stuff\Selfbus\software-arm-lib\sblib\Debug_BCU1\libsblib.a(ioports.o)
                               0x26a3 (size before relaxing)
 .debug_str     0x0000d2b0       0x71 C:\Users\Olli\CloudStation\uC_Stuff\Selfbus\software-arm-lib\sblib\Debug_BCU1\libsblib.a(main.o)
                               0x6273 (size before relaxing)
 .debug_str     0x0000d321       0x76 C:\Users\Olli\CloudStation\uC_Stuff\Selfbus\software-arm-lib\sblib\Debug_BCU1\libsblib.a(mem_mapper.o)
                               0x7311 (size before relaxing)
 .debug_str     0x0000d397      0x123 C:\Users\Olli\CloudStation\uC_Stuff\Selfbus\software-arm-lib\sblib\Debug_BCU1\libsblib.a(print.o)
                               0x4d88 (size before relaxing)
 .debug_str     0x0000d4ba      0x55a C:\Users\Olli\CloudStation\uC_Stuff\Selfbus\software-arm-lib\sblib\Debug_BCU1\libsblib.a(serial.o)
                               0x7aa8 (size before relaxing)
 .debug_str     0x0000da14       0x39 C:\Users\Olli\CloudStation\uC_Stuff\Selfbus\software-arm-lib\sblib\Debug_BCU1\libsblib.a(serial0.o)
                               0x7261 (size before relaxing)
 .debug_str     0x0000da4d      0x34a C:\Users\Olli\CloudStation\uC_Stuff\Selfbus\software-arm-lib\sblib\Debug_BCU1\libsblib.a(spi.o)
                               0x4feb (size before relaxing)
 .debug_str     0x0000dd97      0x10f C:\Users\Olli\CloudStation\uC_Stuff\Selfbus\software-arm-lib\sblib\Debug_BCU1\libsblib.a(timer.o)
                               0x5457 (size before relaxing)
 .debug_str     0x0000dea6       0x53 C:\Users\Olli\CloudStation\uC_Stuff\Selfbus\software-arm-lib\sblib\Debug_BCU1\libsblib.a(utils.o)
                               0x4e54 (size before relaxing)
 .debug_str     0x0000def9       0xce C:\Users\Olli\CloudStation\uC_Stuff\Selfbus\software-arm-lib\sblib\Debug_BCU1\libsblib.a(addr_tables.o)
                               0x4e9d (size before relaxing)
 .debug_str     0x0000dfc7       0xe5 C:\Users\Olli\CloudStation\uC_Stuff\Selfbus\software-arm-lib\sblib\Debug_BCU1\libsblib.a(buffered_stream.o)
                               0x5055 (size before relaxing)
 .debug_str     0x0000e0ac       0x22 C:\Users\Olli\CloudStation\uC_Stuff\Selfbus\software-arm-lib\sblib\Debug_BCU1\libsblib.a(new.o)
                               0x2594 (size before relaxing)

.comment        0x00000000       0x70
 .comment       0x00000000       0x70 ./src/app_main.o
                                 0x71 (size before relaxing)
 .comment       0x00000000       0x71 ./src/cr_startup_lpc11xx.o
 .comment       0x00000000       0x71 ./src/crp.o
 .comment       0x00000000       0x71 ./src/timer32.o
 .comment       0x00000000       0x71 C:\Users\Olli\CloudStation\uC_Stuff\LPC_workspaces\LPC1115_Selfbus\CMSIS_CORE_LPC11xx\Debug\libCMSIS_CORE_LPC11xx.a(system_LPC11xx.o)
 .comment       0x00000000       0x71 C:\Users\Olli\CloudStation\uC_Stuff\Selfbus\software-arm-lib\sblib\Debug_BCU1\libsblib.a(digital_pin.o)
 .comment       0x00000000       0x71 C:\Users\Olli\CloudStation\uC_Stuff\Selfbus\software-arm-lib\sblib\Debug_BCU1\libsblib.a(platform.o)
 .comment       0x00000000       0x71 C:\Users\Olli\CloudStation\uC_Stuff\Selfbus\software-arm-lib\sblib\Debug_BCU1\libsblib.a(bcu.o)
 .comment       0x00000000       0x71 C:\Users\Olli\CloudStation\uC_Stuff\Selfbus\software-arm-lib\sblib\Debug_BCU1\libsblib.a(bcu_base.o)
 .comment       0x00000000       0x71 C:\Users\Olli\CloudStation\uC_Stuff\Selfbus\software-arm-lib\sblib\Debug_BCU1\libsblib.a(bus.o)
 .comment       0x00000000       0x71 C:\Users\Olli\CloudStation\uC_Stuff\Selfbus\software-arm-lib\sblib\Debug_BCU1\libsblib.a(com_objects.o)
 .comment       0x00000000       0x71 C:\Users\Olli\CloudStation\uC_Stuff\Selfbus\software-arm-lib\sblib\Debug_BCU1\libsblib.a(user_memory.o)
 .comment       0x00000000       0x71 C:\Users\Olli\CloudStation\uC_Stuff\Selfbus\software-arm-lib\sblib\Debug_BCU1\libsblib.a(analog_pin.o)
 .comment       0x00000000       0x71 C:\Users\Olli\CloudStation\uC_Stuff\Selfbus\software-arm-lib\sblib\Debug_BCU1\libsblib.a(debounce.o)
 .comment       0x00000000       0x71 C:\Users\Olli\CloudStation\uC_Stuff\Selfbus\software-arm-lib\sblib\Debug_BCU1\libsblib.a(iap.o)
 .comment       0x00000000       0x71 C:\Users\Olli\CloudStation\uC_Stuff\Selfbus\software-arm-lib\sblib\Debug_BCU1\libsblib.a(ioports.o)
 .comment       0x00000000       0x71 C:\Users\Olli\CloudStation\uC_Stuff\Selfbus\software-arm-lib\sblib\Debug_BCU1\libsblib.a(main.o)
 .comment       0x00000000       0x71 C:\Users\Olli\CloudStation\uC_Stuff\Selfbus\software-arm-lib\sblib\Debug_BCU1\libsblib.a(mem_mapper.o)
 .comment       0x00000000       0x71 C:\Users\Olli\CloudStation\uC_Stuff\Selfbus\software-arm-lib\sblib\Debug_BCU1\libsblib.a(print.o)
 .comment       0x00000000       0x71 C:\Users\Olli\CloudStation\uC_Stuff\Selfbus\software-arm-lib\sblib\Debug_BCU1\libsblib.a(serial.o)
 .comment       0x00000000       0x71 C:\Users\Olli\CloudStation\uC_Stuff\Selfbus\software-arm-lib\sblib\Debug_BCU1\libsblib.a(serial0.o)
 .comment       0x00000000       0x71 C:\Users\Olli\CloudStation\uC_Stuff\Selfbus\software-arm-lib\sblib\Debug_BCU1\libsblib.a(spi.o)
 .comment       0x00000000       0x71 C:\Users\Olli\CloudStation\uC_Stuff\Selfbus\software-arm-lib\sblib\Debug_BCU1\libsblib.a(timer.o)
 .comment       0x00000000       0x71 C:\Users\Olli\CloudStation\uC_Stuff\Selfbus\software-arm-lib\sblib\Debug_BCU1\libsblib.a(utils.o)
 .comment       0x00000000       0x71 C:\Users\Olli\CloudStation\uC_Stuff\Selfbus\software-arm-lib\sblib\Debug_BCU1\libsblib.a(addr_tables.o)
 .comment       0x00000000       0x71 C:\Users\Olli\CloudStation\uC_Stuff\Selfbus\software-arm-lib\sblib\Debug_BCU1\libsblib.a(buffered_stream.o)
 .comment       0x00000000       0x71 C:\Users\Olli\CloudStation\uC_Stuff\Selfbus\software-arm-lib\sblib\Debug_BCU1\libsblib.a(new.o)

.ARM.attributes
                0x00000000       0x31
 .ARM.attributes
                0x00000000       0x31 ./src/app_main.o
 .ARM.attributes
                0x00000031       0x31 ./src/cr_startup_lpc11xx.o
 .ARM.attributes
                0x00000062       0x31 ./src/crp.o
 .ARM.attributes
                0x00000093       0x31 ./src/timer32.o
 .ARM.attributes
                0x000000c4       0x31 C:\Users\Olli\CloudStation\uC_Stuff\LPC_workspaces\LPC1115_Selfbus\CMSIS_CORE_LPC11xx\Debug\libCMSIS_CORE_LPC11xx.a(system_LPC11xx.o)
 .ARM.attributes
                0x000000f5       0x31 C:\Users\Olli\CloudStation\uC_Stuff\Selfbus\software-arm-lib\sblib\Debug_BCU1\libsblib.a(digital_pin.o)
 .ARM.attributes
                0x00000126       0x31 C:\Users\Olli\CloudStation\uC_Stuff\Selfbus\software-arm-lib\sblib\Debug_BCU1\libsblib.a(platform.o)
 .ARM.attributes
                0x00000157       0x31 C:\Users\Olli\CloudStation\uC_Stuff\Selfbus\software-arm-lib\sblib\Debug_BCU1\libsblib.a(bcu.o)
 .ARM.attributes
                0x00000188       0x31 C:\Users\Olli\CloudStation\uC_Stuff\Selfbus\software-arm-lib\sblib\Debug_BCU1\libsblib.a(bcu_base.o)
 .ARM.attributes
                0x000001b9       0x31 C:\Users\Olli\CloudStation\uC_Stuff\Selfbus\software-arm-lib\sblib\Debug_BCU1\libsblib.a(bus.o)
 .ARM.attributes
                0x000001ea       0x31 C:\Users\Olli\CloudStation\uC_Stuff\Selfbus\software-arm-lib\sblib\Debug_BCU1\libsblib.a(com_objects.o)
 .ARM.attributes
                0x0000021b       0x31 C:\Users\Olli\CloudStation\uC_Stuff\Selfbus\software-arm-lib\sblib\Debug_BCU1\libsblib.a(user_memory.o)
 .ARM.attributes
                0x0000024c       0x31 C:\Users\Olli\CloudStation\uC_Stuff\Selfbus\software-arm-lib\sblib\Debug_BCU1\libsblib.a(analog_pin.o)
 .ARM.attributes
                0x0000027d       0x31 C:\Users\Olli\CloudStation\uC_Stuff\Selfbus\software-arm-lib\sblib\Debug_BCU1\libsblib.a(debounce.o)
 .ARM.attributes
                0x000002ae       0x31 C:\Users\Olli\CloudStation\uC_Stuff\Selfbus\software-arm-lib\sblib\Debug_BCU1\libsblib.a(iap.o)
 .ARM.attributes
                0x000002df       0x31 C:\Users\Olli\CloudStation\uC_Stuff\Selfbus\software-arm-lib\sblib\Debug_BCU1\libsblib.a(ioports.o)
 .ARM.attributes
                0x00000310       0x31 C:\Users\Olli\CloudStation\uC_Stuff\Selfbus\software-arm-lib\sblib\Debug_BCU1\libsblib.a(main.o)
 .ARM.attributes
                0x00000341       0x31 C:\Users\Olli\CloudStation\uC_Stuff\Selfbus\software-arm-lib\sblib\Debug_BCU1\libsblib.a(mem_mapper.o)
 .ARM.attributes
                0x00000372       0x31 C:\Users\Olli\CloudStation\uC_Stuff\Selfbus\software-arm-lib\sblib\Debug_BCU1\libsblib.a(print.o)
 .ARM.attributes
                0x000003a3       0x31 C:\Users\Olli\CloudStation\uC_Stuff\Selfbus\software-arm-lib\sblib\Debug_BCU1\libsblib.a(serial.o)
 .ARM.attributes
                0x000003d4       0x31 C:\Users\Olli\CloudStation\uC_Stuff\Selfbus\software-arm-lib\sblib\Debug_BCU1\libsblib.a(serial0.o)
 .ARM.attributes
                0x00000405       0x31 C:\Users\Olli\CloudStation\uC_Stuff\Selfbus\software-arm-lib\sblib\Debug_BCU1\libsblib.a(spi.o)
 .ARM.attributes
                0x00000436       0x31 C:\Users\Olli\CloudStation\uC_Stuff\Selfbus\software-arm-lib\sblib\Debug_BCU1\libsblib.a(timer.o)
 .ARM.attributes
                0x00000467       0x31 C:\Users\Olli\CloudStation\uC_Stuff\Selfbus\software-arm-lib\sblib\Debug_BCU1\libsblib.a(utils.o)
 .ARM.attributes
                0x00000498       0x31 C:\Users\Olli\CloudStation\uC_Stuff\Selfbus\software-arm-lib\sblib\Debug_BCU1\libsblib.a(addr_tables.o)
 .ARM.attributes
                0x000004c9       0x31 C:\Users\Olli\CloudStation\uC_Stuff\Selfbus\software-arm-lib\sblib\Debug_BCU1\libsblib.a(buffered_stream.o)
 .ARM.attributes
                0x000004fa       0x31 C:\Users\Olli\CloudStation\uC_Stuff\Selfbus\software-arm-lib\sblib\Debug_BCU1\libsblib.a(new.o)
 .ARM.attributes
                0x0000052b       0x1e c:/nxp/lpcxpresso_7.9.2_493/lpcxpresso/tools/bin/../lib/gcc/arm-none-eabi/4.9.3/armv6-m\libgcc.a(_udivsi3.o)
 .ARM.attributes
                0x00000549       0x1e c:/nxp/lpcxpresso_7.9.2_493/lpcxpresso/tools/bin/../lib/gcc/arm-none-eabi/4.9.3/armv6-m\libgcc.a(_divsi3.o)
 .ARM.attributes
                0x00000567       0x1e c:/nxp/lpcxpresso_7.9.2_493/lpcxpresso/tools/bin/../lib/gcc/arm-none-eabi/4.9.3/armv6-m\libgcc.a(_dvmd_tls.o)
 .ARM.attributes
                0x00000585       0x2c c:/nxp/lpcxpresso_7.9.2_493/lpcxpresso/tools/bin/../lib/gcc/arm-none-eabi/4.9.3/../../../../arm-none-eabi/lib/armv6-m\libc_nano.a(lib_a-init.o)
 .ARM.attributes
                0x000005b1       0x2c c:/nxp/lpcxpresso_7.9.2_493/lpcxpresso/tools/bin/../lib/gcc/arm-none-eabi/4.9.3/../../../../arm-none-eabi/lib/armv6-m\libc_nano.a(lib_a-memcpy.o)
 .ARM.attributes
                0x000005dd       0x2c c:/nxp/lpcxpresso_7.9.2_493/lpcxpresso/tools/bin/../lib/gcc/arm-none-eabi/4.9.3/../../../../arm-none-eabi/lib/armv6-m\libc_nano.a(lib_a-memset.o)
 .ARM.attributes
                0x00000609       0x2c c:/nxp/lpcxpresso_7.9.2_493/lpcxpresso/tools/bin/../lib/gcc/arm-none-eabi/4.9.3/../../../../arm-none-eabi/lib/armv6-m\libc_nano.a(lib_a-strlen.o)
 .ARM.attributes
                0x00000635       0x1e c:/nxp/lpcxpresso_7.9.2_493/lpcxpresso/tools/bin/../lib/gcc/arm-none-eabi/4.9.3/armv6-m\crti.o
 .ARM.attributes
                0x00000653       0x1e c:/nxp/lpcxpresso_7.9.2_493/lpcxpresso/tools/bin/../lib/gcc/arm-none-eabi/4.9.3/armv6-m\crtn.o
 .ARM.attributes
                0x00000671       0x2c c:/nxp/lpcxpresso_7.9.2_493/lpcxpresso/tools/bin/../lib/gcc/arm-none-eabi/4.9.3/armv6-m\crtbegin.o

.debug_frame    0x00000000     0x1b0c
 .debug_frame   0x00000000      0x190 ./src/app_main.o
 .debug_frame   0x00000190       0xb0 ./src/cr_startup_lpc11xx.o
 .debug_frame   0x00000240       0xec ./src/timer32.o
 .debug_frame   0x0000032c       0x44 C:\Users\Olli\CloudStation\uC_Stuff\LPC_workspaces\LPC1115_Selfbus\CMSIS_CORE_LPC11xx\Debug\libCMSIS_CORE_LPC11xx.a(system_LPC11xx.o)
 .debug_frame   0x00000370       0x90 C:\Users\Olli\CloudStation\uC_Stuff\Selfbus\software-arm-lib\sblib\Debug_BCU1\libsblib.a(digital_pin.o)
 .debug_frame   0x00000400       0x50 C:\Users\Olli\CloudStation\uC_Stuff\Selfbus\software-arm-lib\sblib\Debug_BCU1\libsblib.a(platform.o)
 .debug_frame   0x00000450      0x28c C:\Users\Olli\CloudStation\uC_Stuff\Selfbus\software-arm-lib\sblib\Debug_BCU1\libsblib.a(bcu.o)
 .debug_frame   0x000006dc      0x1cc C:\Users\Olli\CloudStation\uC_Stuff\Selfbus\software-arm-lib\sblib\Debug_BCU1\libsblib.a(bcu_base.o)
 .debug_frame   0x000008a8      0x130 C:\Users\Olli\CloudStation\uC_Stuff\Selfbus\software-arm-lib\sblib\Debug_BCU1\libsblib.a(bus.o)
 .debug_frame   0x000009d8      0x284 C:\Users\Olli\CloudStation\uC_Stuff\Selfbus\software-arm-lib\sblib\Debug_BCU1\libsblib.a(com_objects.o)
 .debug_frame   0x00000c5c       0x90 C:\Users\Olli\CloudStation\uC_Stuff\Selfbus\software-arm-lib\sblib\Debug_BCU1\libsblib.a(user_memory.o)
 .debug_frame   0x00000cec       0x6c C:\Users\Olli\CloudStation\uC_Stuff\Selfbus\software-arm-lib\sblib\Debug_BCU1\libsblib.a(analog_pin.o)
 .debug_frame   0x00000d58       0x50 C:\Users\Olli\CloudStation\uC_Stuff\Selfbus\software-arm-lib\sblib\Debug_BCU1\libsblib.a(debounce.o)
 .debug_frame   0x00000da8      0x150 C:\Users\Olli\CloudStation\uC_Stuff\Selfbus\software-arm-lib\sblib\Debug_BCU1\libsblib.a(iap.o)