Archive member included because of file (symbol)

C:\Users\Olli\CloudStation\uC_Stuff\LPC_workspaces\neuneu_software-arm-olli\CMSIS_CORE_LPC11xx\Debug\libCMSIS_CORE_LPC11xx.a(system_LPC11xx.o)
                              ./src/cr_startup_lpc11xx.o (SystemInit)
C:\Users\Olli\CloudStation\uC_Stuff\LPC_workspaces\neuneu_software-arm-olli\u8g_lib\Debug\libu8g_lib.a(u8g_arm.o)
                              ./src/app_main.o (u8g_com_hw_spi_fn(_u8g_t*, unsigned char, unsigned char, void*))
C:\Users\Olli\CloudStation\uC_Stuff\LPC_workspaces\neuneu_software-arm-olli\u8g_lib\Debug\libu8g_lib.a(u8g_bitmap.o)
                              ./src/lcd.o (u8g_DrawXBMP)
C:\Users\Olli\CloudStation\uC_Stuff\LPC_workspaces\neuneu_software-arm-olli\u8g_lib\Debug\libu8g_lib.a(u8g_clip.o)
                              C:\Users\Olli\CloudStation\uC_Stuff\LPC_workspaces\neuneu_software-arm-olli\u8g_lib\Debug\libu8g_lib.a(u8g_bitmap.o) (u8g_IsBBXIntersection)
C:\Users\Olli\CloudStation\uC_Stuff\LPC_workspaces\neuneu_software-arm-olli\u8g_lib\Debug\libu8g_lib.a(u8g_dev_uc1701_mini12864.o)
                              ./src/app_main.o (u8g_dev_uc1701_mini12864_hw_spi)
C:\Users\Olli\CloudStation\uC_Stuff\LPC_workspaces\neuneu_software-arm-olli\u8g_lib\Debug\libu8g_lib.a(u8g_font.o)
                              ./src/lcd.o (u8g_DrawStr)
C:\Users\Olli\CloudStation\uC_Stuff\LPC_workspaces\neuneu_software-arm-olli\u8g_lib\Debug\libu8g_lib.a(u8g_font_data.o)
                              ./src/lcd.o (u8g_font_6x10)
C:\Users\Olli\CloudStation\uC_Stuff\LPC_workspaces\neuneu_software-arm-olli\u8g_lib\Debug\libu8g_lib.a(u8g_line.o)
                              ./src/lcd.o (u8g_DrawLine)
C:\Users\Olli\CloudStation\uC_Stuff\LPC_workspaces\neuneu_software-arm-olli\u8g_lib\Debug\libu8g_lib.a(u8g_ll_api.o)
                              ./src/app_main.o (u8g_InitComFn)
C:\Users\Olli\CloudStation\uC_Stuff\LPC_workspaces\neuneu_software-arm-olli\u8g_lib\Debug\libu8g_lib.a(u8g_pb.o)
                              C:\Users\Olli\CloudStation\uC_Stuff\LPC_workspaces\neuneu_software-arm-olli\u8g_lib\Debug\libu8g_lib.a(u8g_dev_uc1701_mini12864.o) (u8g_pb_WriteBuffer)
C:\Users\Olli\CloudStation\uC_Stuff\LPC_workspaces\neuneu_software-arm-olli\u8g_lib\Debug\libu8g_lib.a(u8g_pb16v1.o)
                              C:\Users\Olli\CloudStation\uC_Stuff\LPC_workspaces\neuneu_software-arm-olli\u8g_lib\Debug\libu8g_lib.a(u8g_dev_uc1701_mini12864.o) (u8g_dev_pb16v1_base_fn)
C:\Users\Olli\CloudStation\uC_Stuff\LPC_workspaces\neuneu_software-arm-olli\u8g_lib\Debug\libu8g_lib.a(u8g_pb8v1.o)
                              C:\Users\Olli\CloudStation\uC_Stuff\LPC_workspaces\neuneu_software-arm-olli\u8g_lib\Debug\libu8g_lib.a(u8g_dev_uc1701_mini12864.o) (u8g_dev_pb8v1_base_fn)
C:\Users\Olli\CloudStation\uC_Stuff\LPC_workspaces\neuneu_software-arm-olli\u8g_lib\Debug\libu8g_lib.a(u8g_rect.o)
                              ./src/lcd.o (u8g_DrawFrame)
C:\Users\Olli\CloudStation\uC_Stuff\LPC_workspaces\neuneu_software-arm-olli\u8g_lib\Debug\libu8g_lib.a(u8g_state.o)
                              C:\Users\Olli\CloudStation\uC_Stuff\LPC_workspaces\neuneu_software-arm-olli\u8g_lib\Debug\libu8g_lib.a(u8g_ll_api.o) (u8g_state_dummy_cb)
C:\Users\Olli\CloudStation\uC_Stuff\LPC_workspaces\neuneu_software-arm-olli\u8g_lib\Debug\libu8g_lib.a(u8g_circle.o)
                              C:\Users\Olli\CloudStation\uC_Stuff\LPC_workspaces\neuneu_software-arm-olli\u8g_lib\Debug\libu8g_lib.a(u8g_rect.o) (u8g_draw_circle)
C:\Users\Olli\CloudStation\uC_Stuff\LPC_workspaces\neuneu_software-arm-olli\u8g_lib\Debug\libu8g_lib.a(u8g_com_api.o)
                              C:\Users\Olli\CloudStation\uC_Stuff\LPC_workspaces\neuneu_software-arm-olli\u8g_lib\Debug\libu8g_lib.a(u8g_dev_uc1701_mini12864.o) (u8g_InitCom)
C:\Users\Olli\CloudStation\uC_Stuff\LPC_workspaces\neuneu_software-arm-olli\u8g_lib\Debug\libu8g_lib.a(u8g_com_null.o)
                              C:\Users\Olli\CloudStation\uC_Stuff\LPC_workspaces\neuneu_software-arm-olli\u8g_lib\Debug\libu8g_lib.a(u8g_dev_uc1701_mini12864.o) (u8g_com_null_fn)
C:\Users\Olli\CloudStation\uC_Stuff\LPC_workspaces\neuneu_software-arm-olli\u8g_lib\Debug\libu8g_lib.a(u8g_page.o)
                              C:\Users\Olli\CloudStation\uC_Stuff\LPC_workspaces\neuneu_software-arm-olli\u8g_lib\Debug\libu8g_lib.a(u8g_pb16v1.o) (u8g_page_First)
C:\Users\Olli\CloudStation\uC_Stuff\Selfbus\software-arm-lib\sblib\Debug_BCU1\libsblib.a(digital_pin.o)
                              ./src/app_main.o (pinMode(int, int))
C:\Users\Olli\CloudStation\uC_Stuff\Selfbus\software-arm-lib\sblib\Debug_BCU1\libsblib.a(platform.o)
                              ./src/app_main.o (gpioPorts)
C:\Users\Olli\CloudStation\uC_Stuff\Selfbus\software-arm-lib\sblib\Debug_BCU1\libsblib.a(SHT2x.o)
                              ./src/app_main.o (SHT2xClass::Init())
C:\Users\Olli\CloudStation\uC_Stuff\Selfbus\software-arm-lib\sblib\Debug_BCU1\libsblib.a(iaq-core.o)
[...]
Memory Configuration

Name             Origin             Length             Attributes
MFlash64         0x00000000         0x00010000         xr
RamLoc8          0x10000000         0x00002000         xrw
*default*        0x00000000         0xffffffff

Linker script and memory map

LOAD ./src/air.o
LOAD ./src/app_main.o
LOAD ./src/app_temp_control.o
LOAD ./src/cr_cpp_config.o
LOAD ./src/cr_startup_lpc11xx.o
LOAD ./src/crp.o
LOAD ./src/lcd.o
LOAD ./src/pwm.o
LOAD ./src/temperature.o
LOAD ./src/timer32.o
LOAD C:\Users\Olli\CloudStation\uC_Stuff\LPC_workspaces\neuneu_software-arm-olli\CMSIS_CORE_LPC11xx\Debug\libCMSIS_CORE_LPC11xx.a
LOAD C:\Users\Olli\CloudStation\uC_Stuff\LPC_workspaces\neuneu_software-arm-olli\u8g_lib\Debug\libu8g_lib.a
LOAD C:\Users\Olli\CloudStation\uC_Stuff\Selfbus\software-arm-lib\sblib\Debug_BCU1\libsblib.a
START GROUP
LOAD c:/nxp/lpcxpresso_7.9.2_493/lpcxpresso/tools/bin/../lib/gcc/arm-none-eabi/4.9.3/armv6-m\libgcc.a
LOAD c:/nxp/lpcxpresso_7.9.2_493/lpcxpresso/tools/bin/../lib/gcc/arm-none-eabi/4.9.3/../../../../arm-none-eabi/lib/armv6-m\libc_nano.a
LOAD c:/nxp/lpcxpresso_7.9.2_493/lpcxpresso/tools/bin/../lib/gcc/arm-none-eabi/4.9.3/../../../../arm-none-eabi/lib/armv6-m\libstdc++_nano.a
LOAD c:/nxp/lpcxpresso_7.9.2_493/lpcxpresso/tools/bin/../lib/gcc/arm-none-eabi/4.9.3/../../../../arm-none-eabi/lib/armv6-m\libm.a
LOAD c:/nxp/lpcxpresso_7.9.2_493/lpcxpresso/tools/bin/../lib/gcc/arm-none-eabi/4.9.3/../../../../arm-none-eabi/lib/armv6-m\libcr_newlib_semihost.a
LOAD c:/nxp/lpcxpresso_7.9.2_493/lpcxpresso/tools/bin/../lib/gcc/arm-none-eabi/4.9.3/armv6-m\crti.o
LOAD c:/nxp/lpcxpresso_7.9.2_493/lpcxpresso/tools/bin/../lib/gcc/arm-none-eabi/4.9.3/armv6-m\crtn.o
LOAD c:/nxp/lpcxpresso_7.9.2_493/lpcxpresso/tools/bin/../lib/gcc/arm-none-eabi/4.9.3/armv6-m\crtbegin.o
LOAD c:/nxp/lpcxpresso_7.9.2_493/lpcxpresso/tools/bin/../lib/gcc/arm-none-eabi/4.9.3/armv6-m\crtend.o
END GROUP
                0x00000000                __base_MFlash64 = 0x0
                0x00000000                __base_Flash = 0x0
                0x00010000                __top_MFlash64 = 0x10000
                0x00010000                __top_Flash = 0x10000
                0x10000000                __base_RamLoc8 = 0x10000000
                0x10000000                __base_RAM = 0x10000000
                0x10002000                __top_RamLoc8 = 0x10002000
                0x10002000                __top_RAM = 0x10002000

.text           0x00000000     0xa60c
 FILL mask 0xff
                0x00000000                __vectors_start__ = ABSOLUTE (.)
 *(.isr_vector)
 .isr_vector    0x00000000       0xc0 ./src/cr_startup_lpc11xx.o
                0x00000000                g_pfnVectors
                0x000000c0                . = ALIGN (0x4)
                0x000000c0                __section_table_start = .
                0x000000c0                __data_section_table = .
                0x000000c0        0x4 LONG 0xa60c LOADADDR (.data)
                0x000000c4        0x4 LONG 0x10000000 ADDR (.data)
                0x000000c8        0x4 LONG 0x128 SIZEOF (.data)
                0x000000cc                __data_section_table_end = .
                0x000000cc                __bss_section_table = .
                0x000000cc        0x4 LONG 0x10000128 ADDR (.bss)
                0x000000d0        0x4 LONG 0x694 SIZEOF (.bss)
                0x000000d4                __bss_section_table_end = .
                0x000000d4                __section_table_end = .
 *(.after_vectors*)
 .after_vectors
                0x000000d4       0x74 ./src/cr_startup_lpc11xx.o
                0x000000d4                NMI_Handler
                0x000000d6                HardFault_Handler
                0x000000d8                SVC_Handler
                0x000000da                PendSV_Handler
                0x000000de                TIMER32_0_IRQHandler
                0x000000de                IntDefaultHandler
                0x000000de                PIOINT1_IRQHandler
                0x000000de                CAN_IRQHandler
                0x000000de                SSP0_IRQHandler
                0x000000de                ADC_IRQHandler
                0x000000de                SSP1_IRQHandler
                0x000000de                PIOINT2_IRQHandler
                0x000000de                TIMER16_0_IRQHandler
                0x000000de                BOD_IRQHandler
                0x000000de                WAKEUP_IRQHandler
                0x000000de                PIOINT0_IRQHandler
                0x000000de                WDT_IRQHandler
                0x000000de                PIOINT3_IRQHandler
                0x000000e0                data_init(unsigned int, unsigned int, unsigned int)
                0x000000f2                bss_init(unsigned int, unsigned int)
                0x00000102                ResetISR
                0x000002fc                . = 0x2fc
 *fill*         0x00000148      0x1b4 ff
                0x000002fc                PROVIDE (__CRP_WORD_START__, .)
 *(.crp)
 .crp           0x000002fc        0x4 ./src/crp.o
                0x000002fc                CRP_WORD
                0x00000300                PROVIDE (__CRP_WORD_END__, .)
                0x00000001                ASSERT (! ((__CRP_WORD_START__ == __CRP_WORD_END__)), Linker CRP Enabled, but no CRP_WORD provided within application)
 *(.text*)
 .text._ZNK9Debouncer5valueEv
                0x00000300       0x14 ./src/app_main.o
                0x00000300                Debouncer::value() const
 .text._ZN9Debouncer4initEi
                0x00000314       0x1c ./src/app_main.o
                0x00000314                Debouncer::init(int)
 .text._ZNK10UserEepromixEi
                0x00000330       0x1c ./src/app_main.o
                0x00000330                UserEeprom::operator[](int) const
 .text._ZN7BcuBase5beginEiii
                0x0000034c       0x20 ./src/app_main.o
                0x0000034c                BcuBase::begin(int, int, int)
 .text._ZN3BCUC2Ev
                0x0000036c       0x24 ./src/app_main.o
                0x0000036c                BCU::BCU()
                0x0000036c                BCU::BCU()
 .text._ZN5Print7printlnEPKc
                0x00000390       0x2c ./src/app_main.o
                0x00000390                Print::println(char const*)
 .text._ZN6Serial5beginEi
                0x000003bc       0x20 ./src/app_main.o
                0x000003bc                Serial::begin(int)
 .text._ZN7TimeoutC2Ev
                0x000003dc       0x1c ./src/app_main.o
                0x000003dc                Timeout::Timeout()
                0x000003dc                Timeout::Timeout()
 .text._ZN7Timeout4stopEv
                0x000003f8       0x14 ./src/app_main.o
                0x000003f8                Timeout::stop()
 .text._Z5setupv
                0x0000040c      0x110 ./src/app_main.o
                0x0000040c                setup()
 .text._Z4loopv
                0x0000051c      0x11c ./src/app_main.o
                0x0000051c                loop()
 .text._Z41__static_initialization_and_destruction_0ii
                0x00000638       0xb8 ./src/app_main.o
 .text._GLOBAL__sub_I_bcu
                0x000006f0       0x18 ./src/app_main.o
 .text._Z16factortime_to_msj
                0x00000708       0x94 ./src/app_temp_control.o
                0x00000708                factortime_to_ms(unsigned int)
 .text._Z15initApplicationv
                0x0000079c       0xbc ./src/app_temp_control.o
                0x0000079c                initApplication()
 .text._Z12inputChangedii
                0x00000858       0x10 ./src/app_temp_control.o
                0x00000858                inputChanged(int, int)
 .text._Znwj    0x00000868       0x1c ./src/cr_cpp_config.o
                0x00000868                operator new(unsigned int)
 .text._Z18temperature_screenv
                0x00000884       0x4c ./src/lcd.o
                0x00000884                temperature_screen()
 .text._Z8init_pwmv
                0x000008d0       0xc4 ./src/pwm.o
                0x000008d0                init_pwm()
 .text.TIMER32_1_IRQHandler
                0x00000994       0x24 ./src/timer32.o
                0x00000994                TIMER32_1_IRQHandler
 .text.SystemInit
                0x000009b8       0x90 C:\Users\Olli\CloudStation\uC_Stuff\LPC_workspaces\neuneu_software-arm-olli\CMSIS_CORE_LPC11xx\Debug\libCMSIS_CORE_LPC11xx.a(system_LPC11xx.o)
                0x000009b8                SystemInit
 .text._Z13set_gpio_modethh
                0x00000a48       0xf0 C:\Users\Olli\CloudStation\uC_Stuff\LPC_workspaces\neuneu_software-arm-olli\u8g_lib\Debug\libu8g_lib.a(u8g_arm.o)
                0x00000a48                set_gpio_mode(unsigned short, unsigned char, unsigned char)
 .text._Z14set_gpio_levelth
                0x00000b38       0x64 C:\Users\Olli\CloudStation\uC_Stuff\LPC_workspaces\neuneu_software-arm-olli\u8g_lib\Debug\libu8g_lib.a(u8g_arm.o)
                0x00000b38                set_gpio_level(unsigned short, unsigned char)
 .text._Z8spi_initm
                0x00000b9c      0x100 C:\Users\Olli\CloudStation\uC_Stuff\LPC_workspaces\neuneu_software-arm-olli\u8g_lib\Debug\libu8g_lib.a(u8g_arm.o)
                0x00000b9c                spi_init(unsigned long)
 .text._Z7spi_outh
                0x00000c9c       0x34 C:\Users\Olli\CloudStation\uC_Stuff\LPC_workspaces\neuneu_software-arm-olli\u8g_lib\Debug\libu8g_lib.a(u8g_arm.o)
                0x00000c9c                spi_out(unsigned char)
 .text.u8g_Delay
                0x00000cd0       0x1c C:\Users\Olli\CloudStation\uC_Stuff\LPC_workspaces\neuneu_software-arm-olli\u8g_lib\Debug\libu8g_lib.a(u8g_arm.o)
                0x00000cd0                u8g_Delay
 .text.u8g_MicroDelay
                0x00000cec       0x10 C:\Users\Olli\CloudStation\uC_Stuff\LPC_workspaces\neuneu_software-arm-olli\u8g_lib\Debug\libu8g_lib.a(u8g_arm.o)
                0x00000cec                u8g_MicroDelay
 .text.u8g_10MicroDelay
                0x00000cfc       0x10 C:\Users\Olli\CloudStation\uC_Stuff\LPC_workspaces\neuneu_software-arm-olli\u8g_lib\Debug\libu8g_lib.a(u8g_arm.o)
                0x00000cfc                u8g_10MicroDelay
 .text._Z17u8g_com_hw_spi_fnP6_u8g_thhPv
                0x00000d0c      0x188 C:\Users\Olli\CloudStation\uC_Stuff\LPC_workspaces\neuneu_software-arm-olli\u8g_lib\Debug\libu8g_lib.a(u8g_arm.o)
                0x00000d0c                u8g_com_hw_spi_fn(_u8g_t*, unsigned char, unsigned char, void*)
 .text.u8g_DrawHXBMP
                0x00000e94       0xd0 C:\Users\Olli\CloudStation\uC_Stuff\LPC_workspaces\neuneu_software-arm-olli\u8g_lib\Debug\libu8g_lib.a(u8g_bitmap.o)
 .text.u8g_DrawXBMP
                0x00000f64       0xb8 C:\Users\Olli\CloudStation\uC_Stuff\LPC_workspaces\neuneu_software-arm-olli\u8g_lib\Debug\libu8g_lib.a(u8g_bitmap.o)
                0x00000f64                u8g_DrawXBMP
 .text.u8g_IsBBXIntersection
                0x0000101c      0x178 C:\Users\Olli\CloudStation\uC_Stuff\LPC_workspaces\neuneu_software-arm-olli\u8g_lib\Debug\libu8g_lib.a(u8g_clip.o)
                0x0000101c                u8g_IsBBXIntersection
 .text.u8g_dev_uc1701_mini12864_fn
                0x00001194      0x128 C:\Users\Olli\CloudStation\uC_Stuff\LPC_workspaces\neuneu_software-arm-olli\u8g_lib\Debug\libu8g_lib.a(u8g_dev_uc1701_mini12864.o)
                0x00001194                u8g_dev_uc1701_mini12864_fn
 .text.u8g_font_get_byte
                0x000012bc       0x24 C:\Users\Olli\CloudStation\uC_Stuff\LPC_workspaces\neuneu_software-arm-olli\u8g_lib\Debug\libu8g_lib.a(u8g_font.o)
 .text.u8g_font_get_word
                0x000012e0       0x58 C:\Users\Olli\CloudStation\uC_Stuff\LPC_workspaces\neuneu_software-arm-olli\u8g_lib\Debug\libu8g_lib.a(u8g_font.o)
 .text.u8g_font_GetFormat
                0x00001338       0x1c C:\Users\Olli\CloudStation\uC_Stuff\LPC_workspaces\neuneu_software-arm-olli\u8g_lib\Debug\libu8g_lib.a(u8g_font.o)
 .text.u8g_font_GetFontGlyphStructureSize
                0x00001354       0x34 C:\Users\Olli\CloudStation\uC_Stuff\LPC_workspaces\neuneu_software-arm-olli\u8g_lib\Debug\libu8g_lib.a(u8g_font.o)
 .text.u8g_font_GetCapitalAHeight
                0x00001388       0x1c C:\Users\Olli\CloudStation\uC_Stuff\LPC_workspaces\neuneu_software-arm-olli\u8g_lib\Debug\libu8g_lib.a(u8g_font.o)
                0x00001388                u8g_font_GetCapitalAHeight
 .text.u8g_font_GetEncoding65Pos
                0x000013a4       0x1c C:\Users\Olli\CloudStation\uC_Stuff\LPC_workspaces\neuneu_software-arm-olli\u8g_lib\Debug\libu8g_lib.a(u8g_font.o)
                0x000013a4                u8g_font_GetEncoding65Pos
 .text.u8g_font_GetEncoding97Pos
                0x000013c0       0x1c C:\Users\Olli\CloudStation\uC_Stuff\LPC_workspaces\neuneu_software-arm-olli\u8g_lib\Debug\libu8g_lib.a(u8g_font.o)
                0x000013c0                u8g_font_GetEncoding97Pos
 .text.u8g_font_GetFontStartEncoding
                0x000013dc       0x1c C:\Users\Olli\CloudStation\uC_Stuff\LPC_workspaces\neuneu_software-arm-olli\u8g_lib\Debug\libu8g_lib.a(u8g_font.o)
                0x000013dc                u8g_font_GetFontStartEncoding
 .text.u8g_font_GetFontEndEncoding
                0x000013f8       0x1c C:\Users\Olli\CloudStation\uC_Stuff\LPC_workspaces\neuneu_software-arm-olli\u8g_lib\Debug\libu8g_lib.a(u8g_font.o)
                0x000013f8                u8g_font_GetFontEndEncoding
 .text.u8g_font_GetLowerGDescent
                0x00001414       0x20 C:\Users\Olli\CloudStation\uC_Stuff\LPC_workspaces\neuneu_software-arm-olli\u8g_lib\Debug\libu8g_lib.a(u8g_font.o)
                0x00001414                u8g_font_GetLowerGDescent
 .text.u8g_font_GetFontAscent
                0x00001434       0x20 C:\Users\Olli\CloudStation\uC_Stuff\LPC_workspaces\neuneu_software-arm-olli\u8g_lib\Debug\libu8g_lib.a(u8g_font.o)
                0x00001434                u8g_font_GetFontAscent
 .text.u8g_font_GetFontDescent
                0x00001454       0x20 C:\Users\Olli\CloudStation\uC_Stuff\LPC_workspaces\neuneu_software-arm-olli\u8g_lib\Debug\libu8g_lib.a(u8g_font.o)
                0x00001454                u8g_font_GetFontDescent
 .text.u8g_font_GetFontXAscent
                0x00001474       0x20 C:\Users\Olli\CloudStation\uC_Stuff\LPC_workspaces\neuneu_software-arm-olli\u8g_lib\Debug\libu8g_lib.a(u8g_font.o)
                0x00001474                u8g_font_GetFontXAscent
 .text.u8g_font_GetFontXDescent
                0x00001494       0x20 C:\Users\Olli\CloudStation\uC_Stuff\LPC_workspaces\neuneu_software-arm-olli\u8g_lib\Debug\libu8g_lib.a(u8g_font.o)
                0x00001494                u8g_font_GetFontXDescent
 .text.u8g_font_GetGlyphDataStart
                0x000014b4       0x24 C:\Users\Olli\CloudStation\uC_Stuff\LPC_workspaces\neuneu_software-arm-olli\u8g_lib\Debug\libu8g_lib.a(u8g_font.o)
 .text.u8g_CopyGlyphDataToCache
                0x000014d8       0xf8 C:\Users\Olli\CloudStation\uC_Stuff\LPC_workspaces\neuneu_software-arm-olli\u8g_lib\Debug\libu8g_lib.a(u8g_font.o)
 .text.u8g_FillEmptyGlyphCache
                0x000015d0       0x30 C:\Users\Olli\CloudStation\uC_Stuff\LPC_workspaces\neuneu_software-arm-olli\u8g_lib\Debug\libu8g_lib.a(u8g_font.o)
 .text.u8g_GetGlyph
                0x00001600      0x1ac C:\Users\Olli\CloudStation\uC_Stuff\LPC_workspaces\neuneu_software-arm-olli\u8g_lib\Debug\libu8g_lib.a(u8g_font.o)
                0x00001600                u8g_GetGlyph
 .text.u8g_draw_glyph
                0x000017ac      0x1b0 C:\Users\Olli\CloudStation\uC_Stuff\LPC_workspaces\neuneu_software-arm-olli\u8g_lib\Debug\libu8g_lib.a(u8g_font.o)
                0x000017ac                u8g_draw_glyph
 .text.u8g_DrawStr
                0x0000195c       0xb0 C:\Users\Olli\CloudStation\uC_Stuff\LPC_workspaces\neuneu_software-arm-olli\u8g_lib\Debug\libu8g_lib.a(u8g_font.o)
                0x0000195c                u8g_DrawStr
 .text.u8g_UpdateRefHeight
                0x00001a0c      0x114 C:\Users\Olli\CloudStation\uC_Stuff\LPC_workspaces\neuneu_software-arm-olli\u8g_lib\Debug\libu8g_lib.a(u8g_font.o)
                0x00001a0c                u8g_UpdateRefHeight
 .text.u8g_font_calc_vref_font
                0x00001b20       0x14 C:\Users\Olli\CloudStation\uC_Stuff\LPC_workspaces\neuneu_software-arm-olli\u8g_lib\Debug\libu8g_lib.a(u8g_font.o)
                0x00001b20                u8g_font_calc_vref_font
 .text.u8g_SetFontPosBaseline
                0x00001b34       0x18 C:\Users\Olli\CloudStation\uC_Stuff\LPC_workspaces\neuneu_software-arm-olli\u8g_lib\Debug\libu8g_lib.a(u8g_font.o)
                0x00001b34                u8g_SetFontPosBaseline
 .text.u8g_SetFont
                0x00001b4c       0x30 C:\Users\Olli\CloudStation\uC_Stuff\LPC_workspaces\neuneu_software-arm-olli\u8g_lib\Debug\libu8g_lib.a(u8g_font.o)
                0x00001b4c                u8g_SetFont
 .text.u8g_call_dev_fn
                0x00001b7c       0x2c C:\Users\Olli\CloudStation\uC_Stuff\LPC_workspaces\neuneu_software-arm-olli\u8g_lib\Debug\libu8g_lib.a(u8g_ll_api.o)
                0x00001b7c                u8g_call_dev_fn
 .text.u8g_InitLL
                0x00001ba8       0x48 C:\Users\Olli\CloudStation\uC_Stuff\LPC_workspaces\neuneu_software-arm-olli\u8g_lib\Debug\libu8g_lib.a(u8g_ll_api.o)
                0x00001ba8                u8g_InitLL
 .text.u8g_FirstPageLL
                0x00001bf0       0x4c C:\Users\Olli\CloudStation\uC_Stuff\LPC_workspaces\neuneu_software-arm-olli\u8g_lib\Debug\libu8g_lib.a(u8g_ll_api.o)
                0x00001bf0                u8g_FirstPageLL
 .text.u8g_NextPageLL
                0x00001c3c       0x64 C:\Users\Olli\CloudStation\uC_Stuff\LPC_workspaces\neuneu_software-arm-olli\u8g_lib\Debug\libu8g_lib.a(u8g_ll_api.o)
                0x00001c3c                u8g_NextPageLL
 .text.u8g_DrawPixelLL
                0x00001ca0       0x44 C:\Users\Olli\CloudStation\uC_Stuff\LPC_workspaces\neuneu_software-arm-olli\u8g_lib\Debug\libu8g_lib.a(u8g_ll_api.o)
                0x00001ca0                u8g_DrawPixelLL
 .text.u8g_Draw8PixelLL
                0x00001ce4       0x58 C:\Users\Olli\CloudStation\uC_Stuff\LPC_workspaces\neuneu_software-arm-olli\u8g_lib\Debug\libu8g_lib.a(u8g_ll_api.o)
                0x00001ce4                u8g_Draw8PixelLL
 .text.u8g_GetWidthLL
                0x00001d3c       0x2c C:\Users\Olli\CloudStation\uC_Stuff\LPC_workspaces\neuneu_software-arm-olli\u8g_lib\Debug\libu8g_lib.a(u8g_ll_api.o)
                0x00001d3c                u8g_GetWidthLL
 .text.u8g_GetHeightLL
                0x00001d68       0x2c C:\Users\Olli\CloudStation\uC_Stuff\LPC_workspaces\neuneu_software-arm-olli\u8g_lib\Debug\libu8g_lib.a(u8g_ll_api.o)
                0x00001d68                u8g_GetHeightLL
 .text.u8g_GetModeLL
                0x00001d94       0x24 C:\Users\Olli\CloudStation\uC_Stuff\LPC_workspaces\neuneu_software-arm-olli\u8g_lib\Debug\libu8g_lib.a(u8g_ll_api.o)
                0x00001d94                u8g_GetModeLL
 .text.u8g_UpdateDimension
                0x00001db8       0x64 C:\Users\Olli\CloudStation\uC_Stuff\LPC_workspaces\neuneu_software-arm-olli\u8g_lib\Debug\libu8g_lib.a(u8g_ll_api.o)
                0x00001db8                u8g_UpdateDimension
 .text.u8g_init_data
                0x00001e1c       0xac C:\Users\Olli\CloudStation\uC_Stuff\LPC_workspaces\neuneu_software-arm-olli\u8g_lib\Debug\libu8g_lib.a(u8g_ll_api.o)
 .text.u8g_Begin
                0x00001ec8       0x30 C:\Users\Olli\CloudStation\uC_Stuff\LPC_workspaces\neuneu_software-arm-olli\u8g_lib\Debug\libu8g_lib.a(u8g_ll_api.o)
                0x00001ec8                u8g_Begin
 .text.u8g_InitComFn
                0x00001ef8       0x68 C:\Users\Olli\CloudStation\uC_Stuff\LPC_workspaces\neuneu_software-arm-olli\u8g_lib\Debug\libu8g_lib.a(u8g_ll_api.o)
                0x00001ef8                u8g_InitComFn
 .text.u8g_FirstPage
                0x00001f60       0x1c C:\Users\Olli\CloudStation\uC_Stuff\LPC_workspaces\neuneu_software-arm-olli\u8g_lib\Debug\libu8g_lib.a(u8g_ll_api.o)
                0x00001f60                u8g_FirstPage
 .text.u8g_NextPage
                0x00001f7c       0x34 C:\Users\Olli\CloudStation\uC_Stuff\LPC_workspaces\neuneu_software-arm-olli\u8g_lib\Debug\libu8g_lib.a(u8g_ll_api.o)
                0x00001f7c                u8g_NextPage
 .text.u8g_DrawPixel
                0x00001fb0       0x30 C:\Users\Olli\CloudStation\uC_Stuff\LPC_workspaces\neuneu_software-arm-olli\u8g_lib\Debug\libu8g_lib.a(u8g_ll_api.o)
                0x00001fb0                u8g_DrawPixel
 .text.u8g_Draw8Pixel
                0x00001fe0       0x48 C:\Users\Olli\CloudStation\uC_Stuff\LPC_workspaces\neuneu_software-arm-olli\u8g_lib\Debug\libu8g_lib.a(u8g_ll_api.o)
                0x00001fe0                u8g_Draw8Pixel
 .text.u8g_SetColorIndex
                0x00002028       0x20 C:\Users\Olli\CloudStation\uC_Stuff\LPC_workspaces\neuneu_software-arm-olli\u8g_lib\Debug\libu8g_lib.a(u8g_ll_api.o)
                0x00002028                u8g_SetColorIndex
 .text.u8g_GetDefaultForegroundColor
                0x00002048       0x38 C:\Users\Olli\CloudStation\uC_Stuff\LPC_workspaces\neuneu_software-arm-olli\u8g_lib\Debug\libu8g_lib.a(u8g_ll_api.o)
                0x00002048                u8g_GetDefaultForegroundColor
 .text.u8g_SetDefaultForegroundColor
                0x00002080       0x40 C:\Users\Olli\CloudStation\uC_Stuff\LPC_workspaces\neuneu_software-arm-olli\u8g_lib\Debug\libu8g_lib.a(u8g_ll_api.o)
                0x00002080                u8g_SetDefaultForegroundColor
 .text.u8g_pb_Clear
                0x000020c0       0x38 C:\Users\Olli\CloudStation\uC_Stuff\LPC_workspaces\neuneu_software-arm-olli\u8g_lib\Debug\libu8g_lib.a(u8g_pb.o)
                0x000020c0                u8g_pb_Clear
 .text.u8g_pb_IsYIntersection
                0x000020f8       0xe0 C:\Users\Olli\CloudStation\uC_Stuff\LPC_workspaces\neuneu_software-arm-olli\u8g_lib\Debug\libu8g_lib.a(u8g_pb.o)
                0x000020f8                u8g_pb_IsYIntersection
 .text.u8g_pb_GetPageBox
                0x000021d8       0x3c C:\Users\Olli\CloudStation\uC_Stuff\LPC_workspaces\neuneu_software-arm-olli\u8g_lib\Debug\libu8g_lib.a(u8g_pb.o)
                0x000021d8                u8g_pb_GetPageBox
 .text.u8g_pb_Is8PixelVisible
                0x00002214       0x7c C:\Users\Olli\CloudStation\uC_Stuff\LPC_workspaces\neuneu_software-arm-olli\u8g_lib\Debug\libu8g_lib.a(u8g_pb.o)
                0x00002214                u8g_pb_Is8PixelVisible
 .text.u8g_pb_WriteBuffer
                0x00002290       0x28 C:\Users\Olli\CloudStation\uC_Stuff\LPC_workspaces\neuneu_software-arm-olli\u8g_lib\Debug\libu8g_lib.a(u8g_pb.o)
                0x00002290                u8g_pb_WriteBuffer
 .text.u8g_pb8v1_set_pixel
                0x000022b8       0x84 C:\Users\Olli\CloudStation\uC_Stuff\LPC_workspaces\neuneu_software-arm-olli\u8g_lib\Debug\libu8g_lib.a(u8g_pb8v1.o)
                0x000022b8                u8g_pb8v1_set_pixel
 .text.u8g_pb8v1_SetPixel
                0x0000233c       0x4c C:\Users\Olli\CloudStation\uC_Stuff\LPC_workspaces\neuneu_software-arm-olli\u8g_lib\Debug\libu8g_lib.a(u8g_pb8v1.o)
                0x0000233c                u8g_pb8v1_SetPixel
 .text.u8g_pb8v1_Set8PixelOpt2
                0x00002388       0xd8 C:\Users\Olli\CloudStation\uC_Stuff\LPC_workspaces\neuneu_software-arm-olli\u8g_lib\Debug\libu8g_lib.a(u8g_pb8v1.o)
                0x00002388                u8g_pb8v1_Set8PixelOpt2
 .text.u8g_dev_pb8v1_base_fn
                0x00002460       0xb8 C:\Users\Olli\CloudStation\uC_Stuff\LPC_workspaces\neuneu_software-arm-olli\u8g_lib\Debug\libu8g_lib.a(u8g_pb8v1.o)
                0x00002460                u8g_dev_pb8v1_base_fn
 .text.u8g_state_dummy_cb
                0x00002518       0x14 C:\Users\Olli\CloudStation\uC_Stuff\LPC_workspaces\neuneu_software-arm-olli\u8g_lib\Debug\libu8g_lib.a(u8g_state.o)
                0x00002518                u8g_state_dummy_cb
 .text.u8g_InitCom
                0x0000252c       0x2c C:\Users\Olli\CloudStation\uC_Stuff\LPC_workspaces\neuneu_software-arm-olli\u8g_lib\Debug\libu8g_lib.a(u8g_com_api.o)
                0x0000252c                u8g_InitCom
 .text.u8g_SetChipSelect
                0x00002558       0x28 C:\Users\Olli\CloudStation\uC_Stuff\LPC_workspaces\neuneu_software-arm-olli\u8g_lib\Debug\libu8g_lib.a(u8g_com_api.o)
                0x00002558                u8g_SetChipSelect
 .text.u8g_SetResetLow
                0x00002580       0x20 C:\Users\Olli\CloudStation\uC_Stuff\LPC_workspaces\neuneu_software-arm-olli\u8g_lib\Debug\libu8g_lib.a(u8g_com_api.o)
                0x00002580                u8g_SetResetLow
 .text.u8g_SetResetHigh
                0x000025a0       0x20 C:\Users\Olli\CloudStation\uC_Stuff\LPC_workspaces\neuneu_software-arm-olli\u8g_lib\Debug\libu8g_lib.a(u8g_com_api.o)
                0x000025a0                u8g_SetResetHigh
 .text.u8g_SetAddress
                0x000025c0       0x28 C:\Users\Olli\CloudStation\uC_Stuff\LPC_workspaces\neuneu_software-arm-olli\u8g_lib\Debug\libu8g_lib.a(u8g_com_api.o)
                0x000025c0                u8g_SetAddress
 .text.u8g_WriteByte
                0x000025e8       0x2c C:\Users\Olli\CloudStation\uC_Stuff\LPC_workspaces\neuneu_software-arm-olli\u8g_lib\Debug\libu8g_lib.a(u8g_com_api.o)
                0x000025e8                u8g_WriteByte
 .text.u8g_WriteSequence
                0x00002614       0x2c C:\Users\Olli\CloudStation\uC_Stuff\LPC_workspaces\neuneu_software-arm-olli\u8g_lib\Debug\libu8g_lib.a(u8g_com_api.o)
                0x00002614                u8g_WriteSequence
 .text.u8g_WriteEscSeqP
                0x00002640      0x190 C:\Users\Olli\CloudStation\uC_Stuff\LPC_workspaces\neuneu_software-arm-olli\u8g_lib\Debug\libu8g_lib.a(u8g_com_api.o)
                0x00002640                u8g_WriteEscSeqP
 .text.u8g_com_null_fn
                0x000027d0       0x40 C:\Users\Olli\CloudStation\uC_Stuff\LPC_workspaces\neuneu_software-arm-olli\u8g_lib\Debug\libu8g_lib.a(u8g_com_null.o)
                0x000027d0                u8g_com_null_fn
 .text.u8g_page_First
                0x00002810       0x30 C:\Users\Olli\CloudStation\uC_Stuff\LPC_workspaces\neuneu_software-arm-olli\u8g_lib\Debug\libu8g_lib.a(u8g_page.o)
                0x00002810                u8g_page_First
 .text.u8g_page_Next
                0x00002840       0x64 C:\Users\Olli\CloudStation\uC_Stuff\LPC_workspaces\neuneu_software-arm-olli\u8g_lib\Debug\libu8g_lib.a(u8g_page.o)
                0x00002840                u8g_page_Next
 .text._Z11pinLocationiPKis
                0x000028a4       0x6c C:\Users\Olli\CloudStation\uC_Stuff\Selfbus\software-arm-lib\sblib\Debug_BCU1\libsblib.a(digital_pin.o)
                0x000028a4                pinLocation(int, int const*, short)
 .text._Z7pinModeii
                0x00002910      0x308 C:\Users\Olli\CloudStation\uC_Stuff\Selfbus\software-arm-lib\sblib\Debug_BCU1\libsblib.a(digital_pin.o)
                0x00002910                pinMode(int, int)
 .text._Z12ioconPointeri
                0x00002c18       0x40 C:\Users\Olli\CloudStation\uC_Stuff\Selfbus\software-arm-lib\sblib\Debug_BCU1\libsblib.a(platform.o)
                0x00002c18                ioconPointer(int)
 .text._ZN10SHT2xClass4InitEv
                0x00002c58       0x48 C:\Users\Olli\CloudStation\uC_Stuff\Selfbus\software-arm-lib\sblib\Debug_BCU1\libsblib.a(SHT2x.o)
                0x00002c58                SHT2xClass::Init()
 .text._ZN10SHT2xClass11GetHumidityEv
                0x00002ca0       0x74 C:\Users\Olli\CloudStation\uC_Stuff\Selfbus\software-arm-lib\sblib\Debug_BCU1\libsblib.a(SHT2x.o)
                0x00002ca0                SHT2xClass::GetHumidity()
 .text._ZN10SHT2xClass10readSensorEh
                0x00002d14       0x9c C:\Users\Olli\CloudStation\uC_Stuff\Selfbus\software-arm-lib\sblib\Debug_BCU1\libsblib.a(SHT2x.o)
                0x00002d14                SHT2xClass::readSensor(unsigned char)
 .text._ZN12IAQcoreClass4InitEv
                0x00002db0       0x48 C:\Users\Olli\CloudStation\uC_Stuff\Selfbus\software-arm-lib\sblib\Debug_BCU1\libsblib.a(iaq-core.o)
                0x00002db0                IAQcoreClass::Init()
 .text._ZN12IAQcoreClass6GetIAQERtRhRmS0_
                0x00002df8       0x9c C:\Users\Olli\CloudStation\uC_Stuff\Selfbus\software-arm-lib\sblib\Debug_BCU1\libsblib.a(iaq-core.o)
                0x00002df8                IAQcoreClass::GetIAQ(unsigned short&, unsigned char&, unsigned long&, unsigned short&)
 .text.NVIC_SystemReset
                0x00002e94       0x1c C:\Users\Olli\CloudStation\uC_Stuff\Selfbus\software-arm-lib\sblib\Debug_BCU1\libsblib.a(bcu.o)
 .text._ZNK3Bus4idleEv
                0x00002eb0       0x2c C:\Users\Olli\CloudStation\uC_Stuff\Selfbus\software-arm-lib\sblib\Debug_BCU1\libsblib.a(bcu.o)
                0x00002eb0                Bus::idle() const
 .text._ZNK3Bus10ownAddressEv
                0x00002edc       0x18 C:\Users\Olli\CloudStation\uC_Stuff\Selfbus\software-arm-lib\sblib\Debug_BCU1\libsblib.a(bcu.o)
                0x00002edc                Bus::ownAddress() const
 .text._ZNK3Bus15sendingTelegramEv
                0x00002ef4       0x1c C:\Users\Olli\CloudStation\uC_Stuff\Selfbus\software-arm-lib\sblib\Debug_BCU1\libsblib.a(bcu.o)
                0x00002ef4                Bus::sendingTelegram() const
 .text._ZN3Bus23discardReceivedTelegramEv
                0x00002f10       0x14 C:\Users\Olli\CloudStation\uC_Stuff\Selfbus\software-arm-lib\sblib\Debug_BCU1\libsblib.a(bcu.o)
                0x00002f10                Bus::discardReceivedTelegram()
 .text._ZN3Bus10setSendAckEi
                0x00002f24       0x18 C:\Users\Olli\CloudStation\uC_Stuff\Selfbus\software-arm-lib\sblib\Debug_BCU1\libsblib.a(bcu.o)
                0x00002f24                Bus::setSendAck(int)
 .text._ZN10UserEeprom8modifiedEv
                0x00002f3c       0x24 C:\Users\Olli\CloudStation\uC_Stuff\Selfbus\software-arm-lib\sblib\Debug_BCU1\libsblib.a(bcu.o)
                0x00002f3c                UserEeprom::modified()
 .text._ZNK10UserEeprom10isModifiedEv
                0x00002f60       0x20 C:\Users\Olli\CloudStation\uC_Stuff\Selfbus\software-arm-lib\sblib\Debug_BCU1\libsblib.a(bcu.o)
                0x00002f60                UserEeprom::isModified() const
 .text._Z15getUserRamStartv
                0x00002f80       0x14 C:\Users\Olli\CloudStation\uC_Stuff\Selfbus\software-arm-lib\sblib\Debug_BCU1\libsblib.a(bcu.o)
                0x00002f80                getUserRamStart()
 .text._ZNK7BcuBase15programmingModeEv
                0x00002f94       0x2c C:\Users\Olli\CloudStation\uC_Stuff\Selfbus\software-arm-lib\sblib\Debug_BCU1\libsblib.a(bcu.o)
                0x00002f94                BcuBase::programmingMode() const
 .text._ZNK7BcuBase11maskVersionEv
                0x00002fc0       0x14 C:\Users\Olli\CloudStation\uC_Stuff\Selfbus\software-arm-lib\sblib\Debug_BCU1\libsblib.a(bcu.o)
                0x00002fc0                BcuBase::maskVersion() const
 .text._ZN3BCU6_beginEv
                0x00002fd4       0x2c C:\Users\Olli\CloudStation\uC_Stuff\Selfbus\software-arm-lib\sblib\Debug_BCU1\libsblib.a(bcu.o)
                0x00002fd4                BCU::_begin()
 .text._ZN3BCU3endEv
                0x00003000       0x48 C:\Users\Olli\CloudStation\uC_Stuff\Selfbus\software-arm-lib\sblib\Debug_BCU1\libsblib.a(bcu.o)
                0x00003000                BCU::end()
 .text._ZN3BCU4loopEv
                0x00003048      0x18c C:\Users\Olli\CloudStation\uC_Stuff\Selfbus\software-arm-lib\sblib\Debug_BCU1\libsblib.a(bcu.o)
                0x00003048                BCU::loop()
 .text._ZN3BCU22sendConControlTelegramEii
                0x000031d4       0x88 C:\Users\Olli\CloudStation\uC_Stuff\Selfbus\software-arm-lib\sblib\Debug_BCU1\libsblib.a(bcu.o)
                0x000031d4                BCU::sendConControlTelegram(int, int)
 .text._ZN3BCU15processTelegramEv
                0x0000325c      0x174 C:\Users\Olli\CloudStation\uC_Stuff\Selfbus\software-arm-lib\sblib\Debug_BCU1\libsblib.a(bcu.o)
                0x0000325c                BCU::processTelegram()
 .text._ZN3BCU35processDeviceDescriptorReadTelegramEi
                0x000033d0       0x50 C:\Users\Olli\CloudStation\uC_Stuff\Selfbus\software-arm-lib\sblib\Debug_BCU1\libsblib.a(bcu.o)
                0x000033d0                BCU::processDeviceDescriptorReadTelegram(int)
 .text._ZL12cpyToUserRamjPhj
                0x00003420       0x90 C:\Users\Olli\CloudStation\uC_Stuff\Selfbus\software-arm-lib\sblib\Debug_BCU1\libsblib.a(bcu.o)
 .text._ZL14cpyFromUserRamjPhj
                0x000034b0       0x90 C:\Users\Olli\CloudStation\uC_Stuff\Selfbus\software-arm-lib\sblib\Debug_BCU1\libsblib.a(bcu.o)
 .text._ZN3BCU21processDirectTelegramEi
                0x00003540      0x470 C:\Users\Olli\CloudStation\uC_Stuff\Selfbus\software-arm-lib\sblib\Debug_BCU1\libsblib.a(bcu.o)
                0x00003540                BCU::processDirectTelegram(int)
 .text._ZN3BCU25processConControlTelegramEi
                0x000039b0      0x118 C:\Users\Olli\CloudStation\uC_Stuff\Selfbus\software-arm-lib\sblib\Debug_BCU1\libsblib.a(bcu.o)
                0x000039b0                BCU::processConControlTelegram(int)
 .text._ZNK3Bus16telegramReceivedEv
                0x00003ac8       0x1c C:\Users\Olli\CloudStation\uC_Stuff\Selfbus\software-arm-lib\sblib\Debug_BCU1\libsblib.a(bcu_base.o)
                0x00003ac8                Bus::telegramReceived() const
 .text._ZN3Bus3endEv
                0x00003ae4       0x10 C:\Users\Olli\CloudStation\uC_Stuff\Selfbus\software-arm-lib\sblib\Debug_BCU1\libsblib.a(bcu_base.o)
                0x00003ae4                Bus::end()
 .text.TIMER16_1_IRQHandler
                0x00003af4       0x14 C:\Users\Olli\CloudStation\uC_Stuff\Selfbus\software-arm-lib\sblib\Debug_BCU1\libsblib.a(bcu_base.o)
                0x00003af4                TIMER16_1_IRQHandler
 .text._ZN7BcuBaseC2Ev
                0x00003b08       0x40 C:\Users\Olli\CloudStation\uC_Stuff\Selfbus\software-arm-lib\sblib\Debug_BCU1\libsblib.a(bcu_base.o)
                0x00003b08                BcuBase::BcuBase()
                0x00003b08                BcuBase::BcuBase()
 .text._ZN7BcuBase10begin_BCU1Eiii
                0x00003b48       0xe8 C:\Users\Olli\CloudStation\uC_Stuff\Selfbus\software-arm-lib\sblib\Debug_BCU1\libsblib.a(bcu_base.o)
                0x00003b48                BcuBase::begin_BCU1(int, int, int)
 .text._ZN7BcuBase6_beginEv
                0x00003c30       0x10 C:\Users\Olli\CloudStation\uC_Stuff\Selfbus\software-arm-lib\sblib\Debug_BCU1\libsblib.a(bcu_base.o)
                0x00003c30                BcuBase::_begin()
 .text._ZN7BcuBase3endEv
                0x00003c40       0x24 C:\Users\Olli\CloudStation\uC_Stuff\Selfbus\software-arm-lib\sblib\Debug_BCU1\libsblib.a(bcu_base.o)
                0x00003c40                BcuBase::end()
 .text._ZN7BcuBase13setOwnAddressEi
                0x00003c64       0x40 C:\Users\Olli\CloudStation\uC_Stuff\Selfbus\software-arm-lib\sblib\Debug_BCU1\libsblib.a(bcu_base.o)
                0x00003c64                BcuBase::setOwnAddress(int)
 .text._ZN7BcuBase4loopEv
                0x00003ca4      0x17c C:\Users\Olli\CloudStation\uC_Stuff\Selfbus\software-arm-lib\sblib\Debug_BCU1\libsblib.a(bcu_base.o)
                0x00003ca4                BcuBase::loop()
 .text._ZN7BcuBase15processTelegramEv
                0x00003e20       0x10 C:\Users\Olli\CloudStation\uC_Stuff\Selfbus\software-arm-lib\sblib\Debug_BCU1\libsblib.a(bcu_base.o)
                0x00003e20                BcuBase::processTelegram()
 .text.NVIC_EnableIRQ
                0x00003e30       0x2c C:\Users\Olli\CloudStation\uC_Stuff\Selfbus\software-arm-lib\sblib\Debug_BCU1\libsblib.a(bus.o)
 .text._ZN3BusC2ER5Timerii12TimerCapture10TimerMatch
                0x00003e5c       0x60 C:\Users\Olli\CloudStation\uC_Stuff\Selfbus\software-arm-lib\sblib\Debug_BCU1\libsblib.a(bus.o)
                0x00003e5c                Bus::Bus(Timer&, int, int, TimerCapture, TimerMatch)
                0x00003e5c                Bus::Bus(Timer&, int, int, TimerCapture, TimerMatch)
 .text._ZN3Bus5beginEv
                0x00003ebc      0x1b0 C:\Users\Olli\CloudStation\uC_Stuff\Selfbus\software-arm-lib\sblib\Debug_BCU1\libsblib.a(bus.o)
                0x00003ebc                Bus::begin()
 .text._ZN3Bus9idleStateEv
                0x0000406c       0x94 C:\Users\Olli\CloudStation\uC_Stuff\Selfbus\software-arm-lib\sblib\Debug_BCU1\libsblib.a(bus.o)
                0x0000406c                Bus::idleState()
 .text._ZN3Bus14handleTelegramEb
                0x00004100      0x1d4 C:\Users\Olli\CloudStation\uC_Stuff\Selfbus\software-arm-lib\sblib\Debug_BCU1\libsblib.a(bus.o)
                0x00004100                Bus::handleTelegram(bool)
 .text._ZN3Bus16sendNextTelegramEv
                0x000042d4       0x30 C:\Users\Olli\CloudStation\uC_Stuff\Selfbus\software-arm-lib\sblib\Debug_BCU1\libsblib.a(bus.o)
                0x000042d4                Bus::sendNextTelegram()
 .text._ZN3Bus21timerInterruptHandlerEv
                0x00004304      0x928 C:\Users\Olli\CloudStation\uC_Stuff\Selfbus\software-arm-lib\sblib\Debug_BCU1\libsblib.a(bus.o)
                0x00004304                Bus::timerInterruptHandler()
 .text._ZNK3Bus15prepareTelegramEPht
                0x00004c2c       0x88 C:\Users\Olli\CloudStation\uC_Stuff\Selfbus\software-arm-lib\sblib\Debug_BCU1\libsblib.a(bus.o)
                0x00004c2c                Bus::prepareTelegram(unsigned char*, unsigned short) const
 .text._ZN3Bus12sendTelegramEPht
                0x00004cb4       0xc0 C:\Users\Olli\CloudStation\uC_Stuff\Selfbus\software-arm-lib\sblib\Debug_BCU1\libsblib.a(bus.o)
                0x00004cb4                Bus::sendTelegram(unsigned char*, unsigned short)
 .text._Z10objectTypei
                0x00004d74       0x1c C:\Users\Olli\CloudStation\uC_Stuff\Selfbus\software-arm-lib\sblib\Debug_BCU1\libsblib.a(com_objects.o)
                0x00004d74                objectType(int)
 .text._Z12objectConfigi
                0x00004d90       0x24 C:\Users\Olli\CloudStation\uC_Stuff\Selfbus\software-arm-lib\sblib\Debug_BCU1\libsblib.a(com_objects.o)
                0x00004d90                objectConfig(int)
 .text._Z18telegramObjectSizei
                0x00004db4       0x34 C:\Users\Olli\CloudStation\uC_Stuff\Selfbus\software-arm-lib\sblib\Debug_BCU1\libsblib.a(com_objects.o)
                0x00004db4                telegramObjectSize(int)
 .text._Z14addObjectFlagsii
                0x00004de8       0x54 C:\Users\Olli\CloudStation\uC_Stuff\Selfbus\software-arm-lib\sblib\Debug_BCU1\libsblib.a(com_objects.o)
                0x00004de8                addObjectFlags(int, int)
 .text._Z14objectValuePtri
                0x00004e3c       0x48 C:\Users\Olli\CloudStation\uC_Stuff\Selfbus\software-arm-lib\sblib\Debug_BCU1\libsblib.a(com_objects.o)
                0x00004e3c                objectValuePtr(int)
 .text._Z11objectCountv
                0x00004e84       0x14 C:\Users\Olli\CloudStation\uC_Stuff\Selfbus\software-arm-lib\sblib\Debug_BCU1\libsblib.a(com_objects.o)
                0x00004e84                objectCount()
 .text._Z15firstObjectAddri
                0x00004e98       0x70 C:\Users\Olli\CloudStation\uC_Stuff\Selfbus\software-arm-lib\sblib\Debug_BCU1\libsblib.a(com_objects.o)
                0x00004e98                firstObjectAddr(int)
 .text._Z21sendGroupReadTelegramii
                0x00004f08       0x60 C:\Users\Olli\CloudStation\uC_Stuff\Selfbus\software-arm-lib\sblib\Debug_BCU1\libsblib.a(com_objects.o)
                0x00004f08                sendGroupReadTelegram(int, int)
 .text._Z22sendGroupWriteTelegramiib
                0x00004f68      0x100 C:\Users\Olli\CloudStation\uC_Stuff\Selfbus\software-arm-lib\sblib\Debug_BCU1\libsblib.a(com_objects.o)
                0x00004f68                sendGroupWriteTelegram(int, int, bool)
 .text._Z21sendNextGroupTelegramv
                0x00005068      0x118 C:\Users\Olli\CloudStation\uC_Stuff\Selfbus\software-arm-lib\sblib\Debug_BCU1\libsblib.a(com_objects.o)
                0x00005068                sendNextGroupTelegram()
 .text._Z25processGroupWriteTelegramiPh
                0x00005180       0x60 C:\Users\Olli\CloudStation\uC_Stuff\Selfbus\software-arm-lib\sblib\Debug_BCU1\libsblib.a(com_objects.o)
                0x00005180                processGroupWriteTelegram(int, unsigned char*)
 .text._Z20processGroupTelegramiiPh
                0x000051e0       0xc8 C:\Users\Olli\CloudStation\uC_Stuff\Selfbus\software-arm-lib\sblib\Debug_BCU1\libsblib.a(com_objects.o)
                0x000051e0                processGroupTelegram(int, int, unsigned char*)
 .text._Z17objectConfigTablev
                0x000052a8       0x20 C:\Users\Olli\CloudStation\uC_Stuff\Selfbus\software-arm-lib\sblib\Debug_BCU1\libsblib.a(com_objects.o)
                0x000052a8                objectConfigTable()
 .text._Z16objectFlagsTablev
                0x000052c8       0x28 C:\Users\Olli\CloudStation\uC_Stuff\Selfbus\software-arm-lib\sblib\Debug_BCU1\libsblib.a(com_objects.o)
                0x000052c8                objectFlagsTable()
 .text._Z13findValidPagev
                0x000052f0       0x50 C:\Users\Olli\CloudStation\uC_Stuff\Selfbus\software-arm-lib\sblib\Debug_BCU1\libsblib.a(user_memory.o)
                0x000052f0                findValidPage()
 .text._Z14readUserEepromv
                0x00005340       0x4c C:\Users\Olli\CloudStation\uC_Stuff\Selfbus\software-arm-lib\sblib\Debug_BCU1\libsblib.a(user_memory.o)
                0x00005340                readUserEeprom()
 .text._Z15writeUserEepromv
                0x0000538c       0xfc C:\Users\Olli\CloudStation\uC_Stuff\Selfbus\software-arm-lib\sblib\Debug_BCU1\libsblib.a(user_memory.o)
                0x0000538c                writeUserEeprom()
 .text._ZN9DebouncerC2Ev
                0x00005488       0x18 C:\Users\Olli\CloudStation\uC_Stuff\Selfbus\software-arm-lib\sblib\Debug_BCU1\libsblib.a(debounce.o)
                0x00005488                Debouncer::Debouncer()
                0x00005488                Debouncer::Debouncer()
 .text._ZN9Debouncer8debounceEij
                0x000054a0       0x5c C:\Users\Olli\CloudStation\uC_Stuff\Selfbus\software-arm-lib\sblib\Debug_BCU1\libsblib.a(debounce.o)
                0x000054a0                Debouncer::debounce(int, unsigned int)
 .text._ZN3I2CC2Ev
                0x000054fc       0x1c C:\Users\Olli\CloudStation\uC_Stuff\Selfbus\software-arm-lib\sblib\Debug_BCU1\libsblib.a(i2c.o)
                0x000054fc                I2C::I2C()
                0x000054fc                I2C::I2C()
 .text._ZN3I2C7I2CInitEh
                0x00005518      0x110 C:\Users\Olli\CloudStation\uC_Stuff\Selfbus\software-arm-lib\sblib\Debug_BCU1\libsblib.a(i2c.o)
                0x00005518                I2C::I2CInit(unsigned char)
 .text._ZN3I2C8InstanceEv
                0x00005628       0x2c C:\Users\Olli\CloudStation\uC_Stuff\Selfbus\software-arm-lib\sblib\Debug_BCU1\libsblib.a(i2c.o)
                0x00005628                I2C::Instance()
 .text.I2C_IRQHandler
                0x00005654      0x270 C:\Users\Olli\CloudStation\uC_Stuff\Selfbus\software-arm-lib\sblib\Debug_BCU1\libsblib.a(i2c.o)
                0x00005654                I2C_IRQHandler
 .text._ZN3I2C8I2CStartEv
                0x000058c4       0x44 C:\Users\Olli\CloudStation\uC_Stuff\Selfbus\software-arm-lib\sblib\Debug_BCU1\libsblib.a(i2c.o)
                0x000058c4                I2C::I2CStart()
 .text._ZN3I2C7I2CStopEv
                0x00005908       0x5c C:\Users\Olli\CloudStation\uC_Stuff\Selfbus\software-arm-lib\sblib\Debug_BCU1\libsblib.a(i2c.o)
                0x00005908                I2C::I2CStop()
 .text._ZN3I2C9I2CEngineEv
                0x00005964       0x54 C:\Users\Olli\CloudStation\uC_Stuff\Selfbus\software-arm-lib\sblib\Debug_BCU1\libsblib.a(i2c.o)
                0x00005964                I2C::I2CEngine()
 .text._ZN3I2C11ClearBufferEbb
                0x000059b8       0x7c C:\Users\Olli\CloudStation\uC_Stuff\Selfbus\software-arm-lib\sblib\Debug_BCU1\libsblib.a(i2c.o)
                0x000059b8                I2C::ClearBuffer(bool, bool)
 .text._ZN3I2C5WriteEhPKch
                0x00005a34       0xa8 C:\Users\Olli\CloudStation\uC_Stuff\Selfbus\software-arm-lib\sblib\Debug_BCU1\libsblib.a(i2c.o)
                0x00005a34                I2C::Write(unsigned char, char const*, unsigned char)
 .text._ZN3I2C4ReadEhPcht
                0x00005adc       0xe0 C:\Users\Olli\CloudStation\uC_Stuff\Selfbus\software-arm-lib\sblib\Debug_BCU1\libsblib.a(i2c.o)
                0x00005adc                I2C::Read(unsigned char, char*, unsigned char, unsigned short)
 .text._Z22IAP_Call_InterruptSafePjS_
                0x00005bbc       0x24 C:\Users\Olli\CloudStation\uC_Stuff\Selfbus\software-arm-lib\sblib\Debug_BCU1\libsblib.a(iap.o)
                0x00005bbc                IAP_Call_InterruptSafe(unsigned int*, unsigned int*)
 .text._ZL14_prepareSectori
                0x00005be0       0x44 C:\Users\Olli\CloudStation\uC_Stuff\Selfbus\software-arm-lib\sblib\Debug_BCU1\libsblib.a(iap.o)
 .text._Z14iapEraseSectori
                0x00005c24       0xb0 C:\Users\Olli\CloudStation\uC_Stuff\Selfbus\software-arm-lib\sblib\Debug_BCU1\libsblib.a(iap.o)
                0x00005c24                iapEraseSector(int)
 .text._Z12iapErasePagei
                0x00005cd4       0x88 C:\Users\Olli\CloudStation\uC_Stuff\Selfbus\software-arm-lib\sblib\Debug_BCU1\libsblib.a(iap.o)
                0x00005cd4                iapErasePage(int)
 .text._Z10iapProgramPhPKhj
                0x00005d5c       0xd0 C:\Users\Olli\CloudStation\uC_Stuff\Selfbus\software-arm-lib\sblib\Debug_BCU1\libsblib.a(iap.o)
                0x00005d5c                iapProgram(unsigned char*, unsigned char const*, unsigned int)
 .text._Z18iapSectorOfAddressPKh
                0x00005e2c       0x24 C:\Users\Olli\CloudStation\uC_Stuff\Selfbus\software-arm-lib\sblib\Debug_BCU1\libsblib.a(iap.o)
                0x00005e2c                iapSectorOfAddress(unsigned char const*)
 .text._Z12iapFlashSizev
                0x00005e50       0x74 C:\Users\Olli\CloudStation\uC_Stuff\Selfbus\software-arm-lib\sblib\Debug_BCU1\libsblib.a(iap.o)
                0x00005e50                iapFlashSize()
 .text._Z20getPinFunctionNumberis
                0x00005ec4       0x54 C:\Users\Olli\CloudStation\uC_Stuff\Selfbus\software-arm-lib\sblib\Debug_BCU1\libsblib.a(ioports.o)
                0x00005ec4                getPinFunctionNumber(int, short)
 .text.NVIC_SetPriority
                0x00005f18       0xd4 C:\Users\Olli\CloudStation\uC_Stuff\Selfbus\software-arm-lib\sblib\Debug_BCU1\libsblib.a(main.o)
 .text.SysTick_Config
                0x00005fec       0x48 C:\Users\Olli\CloudStation\uC_Stuff\Selfbus\software-arm-lib\sblib\Debug_BCU1\libsblib.a(main.o)
 .text._ZNK7BcuBase18applicationRunningEv
                0x00006034       0x64 C:\Users\Olli\CloudStation\uC_Stuff\Selfbus\software-arm-lib\sblib\Debug_BCU1\libsblib.a(main.o)
                0x00006034                BcuBase::applicationRunning() const
 .text._ZL9lib_setupv
                0x00006098       0x2c C:\Users\Olli\CloudStation\uC_Stuff\Selfbus\software-arm-lib\sblib\Debug_BCU1\libsblib.a(main.o)
 .text._Z10loop_noappv
                0x000060c4        0xc C:\Users\Olli\CloudStation\uC_Stuff\Selfbus\software-arm-lib\sblib\Debug_BCU1\libsblib.a(main.o)
                0x000060c4                loop_noapp()
 .text.main     0x000060d0       0x3c C:\Users\Olli\CloudStation\uC_Stuff\Selfbus\software-arm-lib\sblib\Debug_BCU1\libsblib.a(main.o)
                0x000060d0                main
 .text._ZNK9MemMapper7doFlashEv
                0x0000610c       0xe8 C:\Users\Olli\CloudStation\uC_Stuff\Selfbus\software-arm-lib\sblib\Debug_BCU1\libsblib.a(mem_mapper.o)
                0x0000610c                MemMapper::doFlash() const
 .text._ZNK9MemMapper15getFlashPageNumEi
                0x000061f4       0x38 C:\Users\Olli\CloudStation\uC_Stuff\Selfbus\software-arm-lib\sblib\Debug_BCU1\libsblib.a(mem_mapper.o)
                0x000061f4                MemMapper::getFlashPageNum(int) const
 .text._ZN9MemMapper8isMappedEi
                0x0000622c       0x34 C:\Users\Olli\CloudStation\uC_Stuff\Selfbus\software-arm-lib\sblib\Debug_BCU1\libsblib.a(mem_mapper.o)
                0x0000622c                MemMapper::isMapped(int)
 .text._ZN5Print7printlnEv
                0x00006260       0x38 C:\Users\Olli\CloudStation\uC_Stuff\Selfbus\software-arm-lib\sblib\Debug_BCU1\libsblib.a(print.o)
                0x00006260                Print::println()
 .text._ZN5Print5writeEPKhi
                0x00006298       0x4c C:\Users\Olli\CloudStation\uC_Stuff\Selfbus\software-arm-lib\sblib\Debug_BCU1\libsblib.a(print.o)
                0x00006298                Print::write(unsigned char const*, int)
 .text._ZN5Print5writeEPKc
                0x000062e4       0x3c C:\Users\Olli\CloudStation\uC_Stuff\Selfbus\software-arm-lib\sblib\Debug_BCU1\libsblib.a(print.o)
                0x000062e4                Print::write(char const*)
 .text._ZN5PrintC2Ev
                0x00006320       0x1c C:\Users\Olli\CloudStation\uC_Stuff\Selfbus\software-arm-lib\sblib\Debug_BCU1\libsblib.a(serial.o)
                0x00006320                Print::Print()
                0x00006320                Print::Print()
 .text._ZN6StreamC2Ev
                0x0000633c       0x2c C:\Users\Olli\CloudStation\uC_Stuff\Selfbus\software-arm-lib\sblib\Debug_BCU1\libsblib.a(serial.o)
                0x0000633c                Stream::Stream()
                0x0000633c                Stream::Stream()
 .text._ZN14BufferedStream12clearBuffersEv
                0x00006368       0x28 C:\Users\Olli\CloudStation\uC_Stuff\Selfbus\software-arm-lib\sblib\Debug_BCU1\libsblib.a(serial.o)
                0x00006368                BufferedStream::clearBuffers()
 .text._ZN14BufferedStreamC2Ev
                0x00006390       0x24 C:\Users\Olli\CloudStation\uC_Stuff\Selfbus\software-arm-lib\sblib\Debug_BCU1\libsblib.a(serial.o)
                0x00006390                BufferedStream::BufferedStream()
                0x00006390                BufferedStream::BufferedStream()
 .text._ZN6SerialC2Eii
                0x000063b4       0x40 C:\Users\Olli\CloudStation\uC_Stuff\Selfbus\software-arm-lib\sblib\Debug_BCU1\libsblib.a(serial.o)
                0x000063b4                Serial::Serial(int, int)
                0x000063b4                Serial::Serial(int, int)
 .text._ZN6Serial8setRxPinEi
                0x000063f4       0x20 C:\Users\Olli\CloudStation\uC_Stuff\Selfbus\software-arm-lib\sblib\Debug_BCU1\libsblib.a(serial.o)
                0x000063f4                Serial::setRxPin(int)
 .text._ZN6Serial8setTxPinEi
                0x00006414       0x20 C:\Users\Olli\CloudStation\uC_Stuff\Selfbus\software-arm-lib\sblib\Debug_BCU1\libsblib.a(serial.o)
                0x00006414                Serial::setTxPin(int)
 .text._ZN6Serial5beginEi12SerialConfig
                0x00006434      0x11c C:\Users\Olli\CloudStation\uC_Stuff\Selfbus\software-arm-lib\sblib\Debug_BCU1\libsblib.a(serial.o)
                0x00006434                Serial::begin(int, SerialConfig)
 .text._ZN6Serial5writeEh
                0x00006550       0x98 C:\Users\Olli\CloudStation\uC_Stuff\Selfbus\software-arm-lib\sblib\Debug_BCU1\libsblib.a(serial.o)
                0x00006550                Serial::write(unsigned char)
 .text._ZN6Serial5flushEv
                0x000065e8       0x24 C:\Users\Olli\CloudStation\uC_Stuff\Selfbus\software-arm-lib\sblib\Debug_BCU1\libsblib.a(serial.o)
                0x000065e8                Serial::flush()
 .text._ZN6Serial4readEv
                0x0000660c       0xac C:\Users\Olli\CloudStation\uC_Stuff\Selfbus\software-arm-lib\sblib\Debug_BCU1\libsblib.a(serial.o)
                0x0000660c                Serial::read()
 .text._ZN6Serial16interruptHandlerEv
                0x000066b8       0xd0 C:\Users\Olli\CloudStation\uC_Stuff\Selfbus\software-arm-lib\sblib\Debug_BCU1\libsblib.a(serial.o)
                0x000066b8                Serial::interruptHandler()
 .text.UART_IRQHandler
                0x00006788       0x14 C:\Users\Olli\CloudStation\uC_Stuff\Selfbus\software-arm-lib\sblib\Debug_BCU1\libsblib.a(serial0.o)
                0x00006788                UART_IRQHandler
 .text._Z41__static_initialization_and_destruction_0ii
                0x0000679c       0x3c C:\Users\Olli\CloudStation\uC_Stuff\Selfbus\software-arm-lib\sblib\Debug_BCU1\libsblib.a(serial0.o)
 .text._GLOBAL__sub_I_serial
                0x000067d8       0x18 C:\Users\Olli\CloudStation\uC_Stuff\Selfbus\software-arm-lib\sblib\Debug_BCU1\libsblib.a(serial0.o)
 .text._Z5delayj
                0x000067f0       0x44 C:\Users\Olli\CloudStation\uC_Stuff\Selfbus\software-arm-lib\sblib\Debug_BCU1\libsblib.a(timer.o)
                0x000067f0                delay(unsigned int)
 .text._Z17delayMicrosecondsj
                0x00006834       0x68 C:\Users\Olli\CloudStation\uC_Stuff\Selfbus\software-arm-lib\sblib\Debug_BCU1\libsblib.a(timer.o)
                0x00006834                delayMicroseconds(unsigned int)
 .text._ZN5TimerC2Eh
                0x0000689c       0x34 C:\Users\Olli\CloudStation\uC_Stuff\Selfbus\software-arm-lib\sblib\Debug_BCU1\libsblib.a(timer.o)
                0x0000689c                Timer::Timer(unsigned char)
                0x0000689c                Timer::Timer(unsigned char)
 .text._ZN5Timer5beginEv
                0x000068d0       0x44 C:\Users\Olli\CloudStation\uC_Stuff\Selfbus\software-arm-lib\sblib\Debug_BCU1\libsblib.a(timer.o)
                0x000068d0                Timer::begin()
 .text._ZN5Timer9matchModeEii
                0x00006914       0x94 C:\Users\Olli\CloudStation\uC_Stuff\Selfbus\software-arm-lib\sblib\Debug_BCU1\libsblib.a(timer.o)
                0x00006914                Timer::matchMode(int, int)
 .text._ZN5Timer11captureModeEii
                0x000069a8       0x90 C:\Users\Olli\CloudStation\uC_Stuff\Selfbus\software-arm-lib\sblib\Debug_BCU1\libsblib.a(timer.o)
                0x000069a8                Timer::captureMode(int, int)
 .text.SysTick_Handler
                0x00006a38       0x18 C:\Users\Olli\CloudStation\uC_Stuff\Selfbus\software-arm-lib\sblib\Debug_BCU1\libsblib.a(timer.o)
                0x00006a38                SysTick_Handler
 .text._Z41__static_initialization_and_destruction_0ii
                0x00006a50       0x5c C:\Users\Olli\CloudStation\uC_Stuff\Selfbus\software-arm-lib\sblib\Debug_BCU1\libsblib.a(timer.o)
 .text._GLOBAL__sub_I_systemTime
                0x00006aac       0x18 C:\Users\Olli\CloudStation\uC_Stuff\Selfbus\software-arm-lib\sblib\Debug_BCU1\libsblib.a(timer.o)
 .text.NVIC_SetPriority
                0x00006ac4       0xd4 C:\Users\Olli\CloudStation\uC_Stuff\Selfbus\software-arm-lib\sblib\Debug_BCU1\libsblib.a(utils.o)
 .text.SysTick_Config
                0x00006b98       0x48 C:\Users\Olli\CloudStation\uC_Stuff\Selfbus\software-arm-lib\sblib\Debug_BCU1\libsblib.a(utils.o)
 .text._Z11reverseCopyPhPKhi
                0x00006be0       0x3c C:\Users\Olli\CloudStation\uC_Stuff\Selfbus\software-arm-lib\sblib\Debug_BCU1\libsblib.a(utils.o)
                0x00006be0                reverseCopy(unsigned char*, unsigned char const*, int)
 .text._Z10fatalErrorv
                0x00006c1c       0x78 C:\Users\Olli\CloudStation\uC_Stuff\Selfbus\software-arm-lib\sblib\Debug_BCU1\libsblib.a(utils.o)
                0x00006c1c                fatalError()
 .text._Z11indexOfAddri
                0x00006c94       0x78 C:\Users\Olli\CloudStation\uC_Stuff\Selfbus\software-arm-lib\sblib\Debug_BCU1\libsblib.a(addr_tables.o)
                0x00006c94                indexOfAddr(int)
 .text._Z9addrTablev
                0x00006d0c       0x14 C:\Users\Olli\CloudStation\uC_Stuff\Selfbus\software-arm-lib\sblib\Debug_BCU1\libsblib.a(addr_tables.o)
                0x00006d0c                addrTable()
 .text._Z10assocTablev
                0x00006d20       0x20 C:\Users\Olli\CloudStation\uC_Stuff\Selfbus\software-arm-lib\sblib\Debug_BCU1\libsblib.a(addr_tables.o)
                0x00006d20                assocTable()
 .text._ZN14BufferedStream4readEv
                0x00006d40       0x50 C:\Users\Olli\CloudStation\uC_Stuff\Selfbus\software-arm-lib\sblib\Debug_BCU1\libsblib.a(buffered_stream.o)
                0x00006d40                BufferedStream::read()
 .text._ZN14BufferedStream4peekEv
                0x00006d90       0x34 C:\Users\Olli\CloudStation\uC_Stuff\Selfbus\software-arm-lib\sblib\Debug_BCU1\libsblib.a(buffered_stream.o)
                0x00006d90                BufferedStream::peek()
 .text._ZN14BufferedStream9availableEv
                0x00006dc4       0x2c C:\Users\Olli\CloudStation\uC_Stuff\Selfbus\software-arm-lib\sblib\Debug_BCU1\libsblib.a(buffered_stream.o)
                0x00006dc4                BufferedStream::available()
 .text.__cxa_pure_virtual
                0x00006df0        0xc C:\Users\Olli\CloudStation\uC_Stuff\Selfbus\software-arm-lib\sblib\Debug_BCU1\libsblib.a(new.o)
                0x00006df0                __cxa_pure_virtual
 .text          0x00006dfc      0x120 c:/nxp/lpcxpresso_7.9.2_493/lpcxpresso/tools/bin/../lib/gcc/arm-none-eabi/4.9.3/armv6-m\libgcc.a(_udivsi3.o)
                0x00006dfc                __aeabi_uidiv
                0x00006dfc                __udivsi3
                0x00006f08                __aeabi_uidivmod
 .text          0x00006f1c        0x4 c:/nxp/lpcxpresso_7.9.2_493/lpcxpresso/tools/bin/../lib/gcc/arm-none-eabi/4.9.3/armv6-m\libgcc.a(_dvmd_tls.o)
                0x00006f1c                __aeabi_idiv0
                0x00006f1c                __aeabi_ldiv0
 .text          0x00006f20       0x74 c:/nxp/lpcxpresso_7.9.2_493/lpcxpresso/tools/bin/../lib/gcc/arm-none-eabi/4.9.3/armv6-m\libgcc.a(_arm_cmpsf2.o)
                0x00006f20                __aeabi_cfrcmple
                0x00006f28                __aeabi_cfcmpeq
                0x00006f28                __aeabi_cfcmple
                0x00006f38                __aeabi_fcmpeq
                0x00006f44                __aeabi_fcmplt
                0x00006f58                __aeabi_fcmple
                0x00006f6c                __aeabi_fcmpgt
                0x00006f80                __aeabi_fcmpge
 .text          0x00006f94       0x54 c:/nxp/lpcxpresso_7.9.2_493/lpcxpresso/tools/bin/../lib/gcc/arm-none-eabi/4.9.3/armv6-m\libgcc.a(eqsf2.o)
                0x00006f94                __eqsf2
                0x00006f94                __nesf2
 .text          0x00006fe8       0x94 c:/nxp/lpcxpresso_7.9.2_493/lpcxpresso/tools/bin/../lib/gcc/arm-none-eabi/4.9.3/armv6-m\libgcc.a(gesf2.o)
                0x00006fe8                __gesf2
                0x00006fe8                __gtsf2
 .text          0x0000707c       0x8c c:/nxp/lpcxpresso_7.9.2_493/lpcxpresso/tools/bin/../lib/gcc/arm-none-eabi/4.9.3/armv6-m\libgcc.a(lesf2.o)
                0x0000707c                __ltsf2
                0x0000707c                __lesf2
 .text          0x00007108       0x90 c:/nxp/lpcxpresso_7.9.2_493/lpcxpresso/tools/bin/../lib/gcc/arm-none-eabi/4.9.3/armv6-m\libgcc.a(floatunsisf.o)
                0x00007108                __aeabi_ui2f
 .text          0x00007198      0x534 c:/nxp/lpcxpresso_7.9.2_493/lpcxpresso/tools/bin/../lib/gcc/arm-none-eabi/4.9.3/armv6-m\libgcc.a(muldf3.o)
                0x00007198                __aeabi_dmul
 .text          0x000076cc      0x6f4 c:/nxp/lpcxpresso_7.9.2_493/lpcxpresso/tools/bin/../lib/gcc/arm-none-eabi/4.9.3/armv6-m\libgcc.a(subdf3.o)
                0x000076cc                __aeabi_dsub
 .text          0x00007dc0       0xa8 c:/nxp/lpcxpresso_7.9.2_493/lpcxpresso/tools/bin/../lib/gcc/arm-none-eabi/4.9.3/armv6-m\libgcc.a(extendsfdf2.o)
                0x00007dc0                __aeabi_f2d
 .text          0x00007e68      0x120 c:/nxp/lpcxpresso_7.9.2_493/lpcxpresso/tools/bin/../lib/gcc/arm-none-eabi/4.9.3/armv6-m\libgcc.a(truncdfsf2.o)
                0x00007e68                __aeabi_d2f
 .text          0x00007f88       0x3c c:/nxp/lpcxpresso_7.9.2_493/lpcxpresso/tools/bin/../lib/gcc/arm-none-eabi/4.9.3/armv6-m\libgcc.a(_clzsi2.o)
                0x00007f88                __clzsi2
 .text.__libc_init_array
                0x00007fc4       0x4c c:/nxp/lpcxpresso_7.9.2_493/lpcxpresso/tools/bin/../lib/gcc/arm-none-eabi/4.9.3/../../../../arm-none-eabi/lib/armv6-m\libc_nano.a(lib_a-init.o)
                0x00007fc4                __libc_init_array
 .text.malloc   0x00008010       0x14 c:/nxp/lpcxpresso_7.9.2_493/lpcxpresso/tools/bin/../lib/gcc/arm-none-eabi/4.9.3/../../../../arm-none-eabi/lib/armv6-m\libc_nano.a(lib_a-malloc.o)
                0x00008010                malloc
 .text.memcpy   0x00008024       0x12 c:/nxp/lpcxpresso_7.9.2_493/lpcxpresso/tools/bin/../lib/gcc/arm-none-eabi/4.9.3/../../../../arm-none-eabi/lib/armv6-m\libc_nano.a(lib_a-memcpy.o)
                0x00008024                memcpy
 .text.memset   0x00008036       0x10 c:/nxp/lpcxpresso_7.9.2_493/lpcxpresso/tools/bin/../lib/gcc/arm-none-eabi/4.9.3/../../../../arm-none-eabi/lib/armv6-m\libc_nano.a(lib_a-memset.o)
                0x00008036                memset
 *fill*         0x00008046        0x2 
 .text._malloc_r
                0x00008048       0xb0 c:/nxp/lpcxpresso_7.9.2_493/lpcxpresso/tools/bin/../lib/gcc/arm-none-eabi/4.9.3/../../../../arm-none-eabi/lib/armv6-m\libc_nano.a(lib_a-nano-mallocr.o)
                0x00008048                _malloc_r
 .text._sbrk_r  0x000080f8       0x24 c:/nxp/lpcxpresso_7.9.2_493/lpcxpresso/tools/bin/../lib/gcc/arm-none-eabi/4.9.3/../../../../arm-none-eabi/lib/armv6-m\libc_nano.a(lib_a-sbrkr.o)
                0x000080f8                _sbrk_r
 .text.strlen   0x0000811c        0xe c:/nxp/lpcxpresso_7.9.2_493/lpcxpresso/tools/bin/../lib/gcc/arm-none-eabi/4.9.3/../../../../arm-none-eabi/lib/armv6-m\libc_nano.a(lib_a-strlen.o)
                0x0000811c                strlen
 *fill*         0x0000812a        0x2 
 .text._sbrk    0x0000812c       0x40 c:/nxp/lpcxpresso_7.9.2_493/lpcxpresso/tools/bin/../lib/gcc/arm-none-eabi/4.9.3/../../../../arm-none-eabi/lib/armv6-m\libcr_newlib_semihost.a(_cr_sbrk.o)
                0x0000812c                _sbrk
 .text.__check_heap_overflow
                0x0000816c       0x14 c:/nxp/lpcxpresso_7.9.2_493/lpcxpresso/tools/bin/../lib/gcc/arm-none-eabi/4.9.3/../../../../arm-none-eabi/lib/armv6-m\libcr_newlib_semihost.a(_cr_check_heap.o)
                0x0000816c                __check_heap_overflow
 .text          0x00008180       0x60 c:/nxp/lpcxpresso_7.9.2_493/lpcxpresso/tools/bin/../lib/gcc/arm-none-eabi/4.9.3/armv6-m\crtbegin.o
 .text.__errno  0x000081e0        0xc c:/nxp/lpcxpresso_7.9.2_493/lpcxpresso/tools/bin/../lib/gcc/arm-none-eabi/4.9.3/../../../../arm-none-eabi/lib/armv6-m\libc_nano.a(lib_a-errno.o)
                0x000081e0                __errno
 *(.rodata .rodata.* .constdata .constdata.*)
 .rodata.bcu    0x000081ec        0x4 ./src/app_main.o
                0x000081ec                bcu
 .rodata        0x000081f0       0x1c ./src/app_main.o
 .rodata._ZL9inputPins
                0x0000820c        0x8 ./src/app_main.o
 .rodata        0x00008214       0x5c ./src/lcd.o
 .rodata._Z17u8g_com_hw_spi_fnP6_u8g_thhPv
                0x00008270       0x20 C:\Users\Olli\CloudStation\uC_Stuff\LPC_workspaces\neuneu_software-arm-olli\u8g_lib\Debug\libu8g_lib.a(u8g_arm.o)
 .rodata._ZL16lpc11xx_pin_info
                0x00008290      0x144 C:\Users\Olli\CloudStation\uC_Stuff\LPC_workspaces\neuneu_software-arm-olli\u8g_lib\Debug\libu8g_lib.a(u8g_arm.o)
 .rodata.u8g_dev_uc1701_mini12864_init_seq
                0x000083d4       0x23 C:\Users\Olli\CloudStation\uC_Stuff\LPC_workspaces\neuneu_software-arm-olli\u8g_lib\Debug\libu8g_lib.a(u8g_dev_uc1701_mini12864.o)
 *fill*         0x000083f7        0x1 
 .rodata.u8g_dev_uc1701_mini12864_data_start
                0x000083f8        0x8 C:\Users\Olli\CloudStation\uC_Stuff\LPC_workspaces\neuneu_software-arm-olli\u8g_lib\Debug\libu8g_lib.a(u8g_dev_uc1701_mini12864.o)
 .rodata.u8g_font_osb18
                0x00008400     0x1dd5 C:\Users\Olli\CloudStation\uC_Stuff\LPC_workspaces\neuneu_software-arm-olli\u8g_lib\Debug\libu8g_lib.a(u8g_font_data.o)
                0x00008400                u8g_font_osb18
 *fill*         0x0000a1d5        0x3 
 .rodata.u8g_dev_pb8v1_base_fn
                0x0000a1d8       0xfc C:\Users\Olli\CloudStation\uC_Stuff\LPC_workspaces\neuneu_software-arm-olli\u8g_lib\Debug\libu8g_lib.a(u8g_pb8v1.o)
 .rodata.u8g_com_null_fn
                0x0000a2d4       0x1c C:\Users\Olli\CloudStation\uC_Stuff\LPC_workspaces\neuneu_software-arm-olli\u8g_lib\Debug\libu8g_lib.a(u8g_com_null.o)
 .rodata._ZL13rxPinLocation
                0x0000a2f0       0x10 C:\Users\Olli\CloudStation\uC_Stuff\Selfbus\software-arm-lib\sblib\Debug_BCU1\libsblib.a(digital_pin.o)
 .rodata.gpioPorts
                0x0000a300       0x10 C:\Users\Olli\CloudStation\uC_Stuff\Selfbus\software-arm-lib\sblib\Debug_BCU1\libsblib.a(platform.o)
                0x0000a300                gpioPorts
 .rodata._ZL12ioconOffsets
                0x0000a310       0x60 C:\Users\Olli\CloudStation\uC_Stuff\Selfbus\software-arm-lib\sblib\Debug_BCU1\libsblib.a(platform.o)
 .rodata._ZTV3BCU
                0x0000a370       0x18 C:\Users\Olli\CloudStation\uC_Stuff\Selfbus\software-arm-lib\sblib\Debug_BCU1\libsblib.a(bcu.o)
                0x0000a370                vtable for BCU
 .rodata._ZTV7BcuBase
                0x0000a388       0x18 C:\Users\Olli\CloudStation\uC_Stuff\Selfbus\software-arm-lib\sblib\Debug_BCU1\libsblib.a(bcu_base.o)
                0x0000a388                vtable for BcuBase
 .rodata._ZN3Bus21timerInterruptHandlerEv
                0x0000a3a0       0x28 C:\Users\Olli\CloudStation\uC_Stuff\Selfbus\software-arm-lib\sblib\Debug_BCU1\libsblib.a(bus.o)
 .rodata._ZL15objectTypeSizes
                0x0000a3c8        0xa C:\Users\Olli\CloudStation\uC_Stuff\Selfbus\software-arm-lib\sblib\Debug_BCU1\libsblib.a(com_objects.o)
 *fill*         0x0000a3d2        0x2 
 .rodata.userRam
                0x0000a3d4        0x4 C:\Users\Olli\CloudStation\uC_Stuff\Selfbus\software-arm-lib\sblib\Debug_BCU1\libsblib.a(user_memory.o)
                0x0000a3d4                userRam
 .rodata.userEeprom
                0x0000a3d8        0x4 C:\Users\Olli\CloudStation\uC_Stuff\Selfbus\software-arm-lib\sblib\Debug_BCU1\libsblib.a(user_memory.o)
                0x0000a3d8                userEeprom
 .rodata.I2C_IRQHandler
                0x0000a3dc      0x144 C:\Users\Olli\CloudStation\uC_Stuff\Selfbus\software-arm-lib\sblib\Debug_BCU1\libsblib.a(i2c.o)
 .rodata._ZTV5Print
                0x0000a520       0x10 C:\Users\Olli\CloudStation\uC_Stuff\Selfbus\software-arm-lib\sblib\Debug_BCU1\libsblib.a(print.o)
                0x0000a520                vtable for Print
 .rodata._ZTV6Serial
                0x0000a530       0x20 C:\Users\Olli\CloudStation\uC_Stuff\Selfbus\software-arm-lib\sblib\Debug_BCU1\libsblib.a(serial.o)
                0x0000a530                vtable for Serial
 .rodata._ZTV6Stream
                0x0000a550       0x20 C:\Users\Olli\CloudStation\uC_Stuff\Selfbus\software-arm-lib\sblib\Debug_BCU1\libsblib.a(serial.o)
                0x0000a550                vtable for Stream
 .rodata._ZL6timers
                0x0000a570       0x10 C:\Users\Olli\CloudStation\uC_Stuff\Selfbus\software-arm-lib\sblib\Debug_BCU1\libsblib.a(timer.o)
 .rodata._ZTV14BufferedStream
                0x0000a580       0x20 C:\Users\Olli\CloudStation\uC_Stuff\Selfbus\software-arm-lib\sblib\Debug_BCU1\libsblib.a(buffered_stream.o)
                0x0000a580                vtable for BufferedStream
 .rodata        0x0000a5a0       0x40 c:/nxp/lpcxpresso_7.9.2_493/lpcxpresso/tools/bin/../lib/gcc/arm-none-eabi/4.9.3/armv6-m\libgcc.a(muldf3.o)
 .rodata.str1.1
                0x0000a5e0        0x2 c:/nxp/lpcxpresso_7.9.2_493/lpcxpresso/tools/bin/../lib/gcc/arm-none-eabi/4.9.3/../../../../arm-none-eabi/lib/armv6-m\libc_nano.a(lib_a-impure.o)
                0x0000a5e4                . = ALIGN (0x4)
 *fill*         0x0000a5e2        0x2 ff
                0x0000a5e4                . = ALIGN (0x4)
 *(.init)
 .init          0x0000a5e4        0x4 c:/nxp/lpcxpresso_7.9.2_493/lpcxpresso/tools/bin/../lib/gcc/arm-none-eabi/4.9.3/armv6-m\crti.o
                0x0000a5e4                _init
 .init          0x0000a5e8        0x8 c:/nxp/lpcxpresso_7.9.2_493/lpcxpresso/tools/bin/../lib/gcc/arm-none-eabi/4.9.3/armv6-m\crtn.o
                0x0000a5f0                . = ALIGN (0x4)
                0x0000a5f0                __preinit_array_start = .
 *(.preinit_array)
                0x0000a5f0                __preinit_array_end = .
                0x0000a5f0                . = ALIGN (0x4)
                0x0000a5f0                __init_array_start = .
 *(SORT(.init_array.*))
 *(.init_array)
 .init_array    0x0000a5f0        0x4 ./src/app_main.o
 .init_array    0x0000a5f4        0x4 C:\Users\Olli\CloudStation\uC_Stuff\Selfbus\software-arm-lib\sblib\Debug_BCU1\libsblib.a(serial0.o)
 .init_array    0x0000a5f8        0x4 C:\Users\Olli\CloudStation\uC_Stuff\Selfbus\software-arm-lib\sblib\Debug_BCU1\libsblib.a(timer.o)
 .init_array    0x0000a5fc        0x4 c:/nxp/lpcxpresso_7.9.2_493/lpcxpresso/tools/bin/../lib/gcc/arm-none-eabi/4.9.3/armv6-m\crtbegin.o
                0x0000a600                __init_array_end = .
 *(.fini)
 .fini          0x0000a600        0x4 c:/nxp/lpcxpresso_7.9.2_493/lpcxpresso/tools/bin/../lib/gcc/arm-none-eabi/4.9.3/armv6-m\crti.o
                0x0000a600                _fini
 .fini          0x0000a604        0x8 c:/nxp/lpcxpresso_7.9.2_493/lpcxpresso/tools/bin/../lib/gcc/arm-none-eabi/4.9.3/armv6-m\crtn.o
                0x0000a60c                . = ALIGN (0x4)
 *crtbegin.o(.ctors)
 *(EXCLUDE_FILE(*crtend.o) .ctors)
 *(SORT(.ctors.*))
 *crtend.o(.ctors)
                0x0000a60c                . = ALIGN (0x4)
 *crtbegin.o(.dtors)
 *(EXCLUDE_FILE(*crtend.o) .dtors)
 *(SORT(.dtors.*))
 *crtend.o(.dtors)
                0x0000a60c                . = ALIGN (0x4)

.glue_7         0x0000a60c        0x0
 .glue_7        0x00000000        0x0 linker stubs

.glue_7t        0x0000a60c        0x0
 .glue_7t       0x00000000        0x0 linker stubs

.vfp11_veneer   0x0000a60c        0x0
 .vfp11_veneer  0x00000000        0x0 linker stubs

.v4_bx          0x0000a60c        0x0
 .v4_bx         0x00000000        0x0 linker stubs

.iplt           0x0000a60c        0x0
 .iplt          0x00000000        0x0 ./src/air.o

.rel.dyn        0x0000a60c        0x0
 .rel.iplt      0x00000000        0x0 ./src/air.o

.eh_frame       0x0000a60c        0x0
 .eh_frame      0x0000a60c        0x0 c:/nxp/lpcxpresso_7.9.2_493/lpcxpresso/tools/bin/../lib/gcc/arm-none-eabi/4.9.3/armv6-m\crtbegin.o

.ARM.extab
 *(.ARM.extab* .gnu.linkonce.armextab.*)
                0x0000a60c                __exidx_start = .

.ARM.exidx
 *(.ARM.exidx* .gnu.linkonce.armexidx.*)
                0x0000a60c                __exidx_end = .
                0x0000a60c                _etext = .

.uninit_RESERVED
                0x10000000        0x0
 *(.bss.$RESERVED*)
                0x10000000                . = ALIGN (0x4)
                0x10000000                _end_uninit_RESERVED = .

.data           0x10000000      0x128 load address 0x0000a60c
 FILL mask 0xff
                0x10000000                _data = .
 *(vtable)
 *(.ramfunc*)
 *(.data*)
 .data._ZL16temperature_bits
                0x10000000       0x8d ./src/lcd.o
 *fill*         0x1000008d        0x3 
 .data.SystemCoreClock
                0x10000090        0x4 C:\Users\Olli\CloudStation\uC_Stuff\LPC_workspaces\neuneu_software-arm-olli\CMSIS_CORE_LPC11xx\Debug\libCMSIS_CORE_LPC11xx.a(system_LPC11xx.o)
                0x10000090                SystemCoreClock
 .data.lpc11xx_gpio_base
                0x10000094       0x10 C:\Users\Olli\CloudStation\uC_Stuff\LPC_workspaces\neuneu_software-arm-olli\u8g_lib\Debug\libu8g_lib.a(u8g_arm.o)
                0x10000094                lpc11xx_gpio_base
 .data.u8g_pin_a0
                0x100000a4        0x2 C:\Users\Olli\CloudStation\uC_Stuff\LPC_workspaces\neuneu_software-arm-olli\u8g_lib\Debug\libu8g_lib.a(u8g_arm.o)
                0x100000a4                u8g_pin_a0
 .data.u8g_pin_cs
                0x100000a6        0x2 C:\Users\Olli\CloudStation\uC_Stuff\LPC_workspaces\neuneu_software-arm-olli\u8g_lib\Debug\libu8g_lib.a(u8g_arm.o)
                0x100000a6                u8g_pin_cs
 .data.u8g_pin_rst
                0x100000a8        0x2 C:\Users\Olli\CloudStation\uC_Stuff\LPC_workspaces\neuneu_software-arm-olli\u8g_lib\Debug\libu8g_lib.a(u8g_arm.o)
                0x100000a8                u8g_pin_rst
 *fill*         0x100000aa        0x2 
 .data.u8g_dev_uc1701_mini12864_hw_spi_pb
                0x100000ac        0xc C:\Users\Olli\CloudStation\uC_Stuff\LPC_workspaces\neuneu_software-arm-olli\u8g_lib\Debug\libu8g_lib.a(u8g_dev_uc1701_mini12864.o)
                0x100000ac                u8g_dev_uc1701_mini12864_hw_spi_pb
 .data.u8g_dev_uc1701_mini12864_hw_spi
                0x100000b8        0xc C:\Users\Olli\CloudStation\uC_Stuff\LPC_workspaces\neuneu_software-arm-olli\u8g_lib\Debug\libu8g_lib.a(u8g_dev_uc1701_mini12864.o)
                0x100000b8                u8g_dev_uc1701_mini12864_hw_spi
 .data.impure_data
                0x100000c4       0x60 c:/nxp/lpcxpresso_7.9.2_493/lpcxpresso/tools/bin/../lib/gcc/arm-none-eabi/4.9.3/../../../../arm-none-eabi/lib/armv6-m\libc_nano.a(lib_a-impure.o)
 .data._impure_ptr
                0x10000124        0x4 c:/nxp/lpcxpresso_7.9.2_493/lpcxpresso/tools/bin/../lib/gcc/arm-none-eabi/4.9.3/../../../../arm-none-eabi/lib/armv6-m\libc_nano.a(lib_a-impure.o)
                0x10000124                _impure_ptr
                0x10000128                . = ALIGN (0x4)
                0x10000128                _edata = .

.igot.plt       0x10000128        0x0 load address 0x0000a734
 .igot.plt      0x00000000        0x0 ./src/air.o

.jcr            0x10000128        0x0 load address 0x0000a734
 .jcr           0x10000128        0x0 c:/nxp/lpcxpresso_7.9.2_493/lpcxpresso/tools/bin/../lib/gcc/arm-none-eabi/4.9.3/armv6-m\crtbegin.o

.bss            0x10000128      0x694 load address 0x0000a734
                0x10000128                _bss = .
 *(.bss*)
 .bss._ZL4_bcu  0x10000128       0x64 ./src/app_main.o
 .bss.bus       0x1000018c       0x6c ./src/app_main.o
                0x1000018c                bus
 .bss.Serial    0x100001f8      0x118 ./src/app_main.o
                0x100001f8                Serial
 .bss.SHT21     0x10000310        0x1 ./src/app_main.o
                0x10000310                SHT21
 *fill*         0x10000311        0x3 
 .bss.IAQcore   0x10000314        0x1 ./src/app_main.o
                0x10000314                IAQcore
 *fill*         0x10000315        0x3 
 .bss.inputDebouncer
                0x10000318       0x18 ./src/app_main.o
                0x10000318                inputDebouncer
 .bss.timeout   0x10000330        0x8 ./src/app_main.o
                0x10000330                timeout
 .bss.temp_values
                0x10000338       0x10 ./src/app_temp_control.o
                0x10000338                temp_values
 .bss.air_values
                0x10000348        0x8 ./src/app_temp_control.o
                0x10000348                air_values
 .bss.external_temp_sensor_active
                0x10000350        0x1 ./src/app_temp_control.o
                0x10000350                external_temp_sensor_active
 *fill*         0x10000351        0x3 
 .bss.u8g       0x10000354       0x4c ./src/lcd.o
                0x10000354                u8g
 .bss.timer32_1_counter
                0x100003a0        0x4 ./src/timer32.o
                0x100003a0                timer32_1_counter
 .bss.u8g_dev_uc1701_mini12864_hw_spi_buf
                0x100003a4       0x80 C:\Users\Olli\CloudStation\uC_Stuff\LPC_workspaces\neuneu_software-arm-olli\u8g_lib\Debug\libu8g_lib.a(u8g_dev_uc1701_mini12864.o)
                0x100003a4                u8g_dev_uc1701_mini12864_hw_spi_buf
 .bss.i2c_sht2x
                0x10000424        0x4 C:\Users\Olli\CloudStation\uC_Stuff\Selfbus\software-arm-lib\sblib\Debug_BCU1\libsblib.a(SHT2x.o)
                0x10000424                i2c_sht2x
 .bss.i2c_iaq_core
                0x10000428        0x4 C:\Users\Olli\CloudStation\uC_Stuff\Selfbus\software-arm-lib\sblib\Debug_BCU1\libsblib.a(iaq-core.o)
                0x10000428                i2c_iaq_core
 .bss._ZL9debugLine
                0x1000042c        0x4 C:\Users\Olli\CloudStation\uC_Stuff\Selfbus\software-arm-lib\sblib\Debug_BCU1\libsblib.a(bus.o)
 .bss.sndStartIdx
                0x10000430        0x4 C:\Users\Olli\CloudStation\uC_Stuff\Selfbus\software-arm-lib\sblib\Debug_BCU1\libsblib.a(com_objects.o)
                0x10000430                sndStartIdx
 .bss.userRamData
                0x10000434      0x103 C:\Users\Olli\CloudStation\uC_Stuff\Selfbus\software-arm-lib\sblib\Debug_BCU1\libsblib.a(user_memory.o)
                0x10000434                userRamData
 *fill*         0x10000537        0x1 
 .bss.userEepromData
                0x10000538      0x100 C:\Users\Olli\CloudStation\uC_Stuff\Selfbus\software-arm-lib\sblib\Debug_BCU1\libsblib.a(user_memory.o)
                0x10000538                userEepromData
 .bss.userEepromModified
                0x10000638        0x1 C:\Users\Olli\CloudStation\uC_Stuff\Selfbus\software-arm-lib\sblib\Debug_BCU1\libsblib.a(user_memory.o)
                0x10000638                userEepromModified
 *fill*         0x10000639        0x3 
 .bss.writeUserEepromTime
                0x1000063c        0x4 C:\Users\Olli\CloudStation\uC_Stuff\Selfbus\software-arm-lib\sblib\Debug_BCU1\libsblib.a(user_memory.o)
                0x1000063c                writeUserEepromTime
 .bss.userRamStart
                0x10000640        0x4 C:\Users\Olli\CloudStation\uC_Stuff\Selfbus\software-arm-lib\sblib\Debug_BCU1\libsblib.a(user_memory.o)
                0x10000640                userRamStart
 .bss._ZL15i2c_m_pInstance
                0x10000644        0x4 C:\Users\Olli\CloudStation\uC_Stuff\Selfbus\software-arm-lib\sblib\Debug_BCU1\libsblib.a(i2c.o)
 .bss._ZN3I2C11m_pInstanceE
                0x10000648        0x4 C:\Users\Olli\CloudStation\uC_Stuff\Selfbus\software-arm-lib\sblib\Debug_BCU1\libsblib.a(i2c.o)
                0x10000648                I2C::m_pInstance
 .bss.StatValue
                0x1000064c        0x1 C:\Users\Olli\CloudStation\uC_Stuff\Selfbus\software-arm-lib\sblib\Debug_BCU1\libsblib.a(i2c.o)
                0x1000064c                StatValue
 *fill*         0x1000064d        0x3 
 .bss.iapFlashBytes
                0x10000650        0x4 C:\Users\Olli\CloudStation\uC_Stuff\Selfbus\software-arm-lib\sblib\Debug_BCU1\libsblib.a(iap.o)
                0x10000650                iapFlashBytes
 .bss.serial    0x10000654      0x118 C:\Users\Olli\CloudStation\uC_Stuff\Selfbus\software-arm-lib\sblib\Debug_BCU1\libsblib.a(serial0.o)
                0x10000654                serial
 .bss.systemTime
                0x1000076c        0x4 C:\Users\Olli\CloudStation\uC_Stuff\Selfbus\software-arm-lib\sblib\Debug_BCU1\libsblib.a(timer.o)
                0x1000076c                systemTime
 .bss.timer16_0
                0x10000770        0x8 C:\Users\Olli\CloudStation\uC_Stuff\Selfbus\software-arm-lib\sblib\Debug_BCU1\libsblib.a(timer.o)
                0x10000770                timer16_0
 .bss.timer16_1
                0x10000778        0x8 C:\Users\Olli\CloudStation\uC_Stuff\Selfbus\software-arm-lib\sblib\Debug_BCU1\libsblib.a(timer.o)
                0x10000778                timer16_1
 .bss.timer32_0
                0x10000780        0x8 C:\Users\Olli\CloudStation\uC_Stuff\Selfbus\software-arm-lib\sblib\Debug_BCU1\libsblib.a(timer.o)
                0x10000780                timer32_0
 .bss.timer32_1
                0x10000788        0x8 C:\Users\Olli\CloudStation\uC_Stuff\Selfbus\software-arm-lib\sblib\Debug_BCU1\libsblib.a(timer.o)
                0x10000788                timer32_1
 .bss.__malloc_sbrk_start
                0x10000790        0x4 c:/nxp/lpcxpresso_7.9.2_493/lpcxpresso/tools/bin/../lib/gcc/arm-none-eabi/4.9.3/../../../../arm-none-eabi/lib/armv6-m\libc_nano.a(lib_a-nano-mallocr.o)
                0x10000790                __malloc_sbrk_start
 .bss.__malloc_free_list
                0x10000794        0x4 c:/nxp/lpcxpresso_7.9.2_493/lpcxpresso/tools/bin/../lib/gcc/arm-none-eabi/4.9.3/../../../../arm-none-eabi/lib/armv6-m\libc_nano.a(lib_a-nano-mallocr.o)
                0x10000794                __malloc_free_list
 .bss           0x10000798       0x1c c:/nxp/lpcxpresso_7.9.2_493/lpcxpresso/tools/bin/../lib/gcc/arm-none-eabi/4.9.3/armv6-m\crtbegin.o
 *(COMMON)
 COMMON         0x100007b4        0x4 c:/nxp/lpcxpresso_7.9.2_493/lpcxpresso/tools/bin/../lib/gcc/arm-none-eabi/4.9.3/../../../../arm-none-eabi/lib/armv6-m\libc_nano.a(lib_a-reent.o)
                0x100007b4                errno
 COMMON         0x100007b8        0x4 c:/nxp/lpcxpresso_7.9.2_493/lpcxpresso/tools/bin/../lib/gcc/arm-none-eabi/4.9.3/../../../../arm-none-eabi/lib/armv6-m\libcr_newlib_semihost.a(_cr_sbrk.o)
                0x100007b8                __end_of_heap
                0x100007bc                . = ALIGN (0x4)
                0x100007bc                _ebss = .
                0x100007bc                PROVIDE (end, .)

.noinit         0x100007bc        0x0 load address 0x0000a734
                0x100007bc                _noinit = .
 *(.noinit*)
                0x100007bc                . = ALIGN (0x4)
                0x100007bc                _end_noinit = .
                0x100007bc                PROVIDE (_pvHeapStart, DEFINED (__user_heap_base)?__user_heap_base:.)
                0x10002000                PROVIDE (_vStackTop, DEFINED (__user_stack_top)?__user_stack_top:(__top_RamLoc8 - 0x0))
                0xefffdd51                PROVIDE (__valid_user_code_checksum, (0x0 - (((_vStackTop + (ResetISR + 0x1)) + (DEFINED (NMI_Handler)?NMI_Handler:M0_NMI_Handler + 0x1)) + (DEFINED (HardFault_Handler)?HardFault_Handler:M0_HardFault_Handler + 0x1))))
OUTPUT(Display_SHT21_test.axf elf32-littlearm)

.debug_info     0x00000000    0x219b5
 .debug_info    0x00000000     0x1ee2 ./src/app_main.o
 .debug_info    0x00001ee2     0x14e6 ./src/app_temp_control.o
 .debug_info    0x000033c8      0x1aa ./src/cr_cpp_config.o
 .debug_info    0x00003572      0x271 ./src/cr_startup_lpc11xx.o
 .debug_info    0x000037e3       0x3f ./src/crp.o
 .debug_info    0x00003822      0x6eb ./src/lcd.o
 .debug_info    0x00003f0d      0xb13 ./src/pwm.o
 .debug_info    0x00004a20      0xad3 ./src/timer32.o
 .debug_info    0x000054f3      0x456 C:\Users\Olli\CloudStation\uC_Stuff\LPC_workspaces\neuneu_software-arm-olli\CMSIS_CORE_LPC11xx\Debug\libCMSIS_CORE_LPC11xx.a(system_LPC11xx.o)
 .debug_info    0x00005949     0x10a4 C:\Users\Olli\CloudStation\uC_Stuff\LPC_workspaces\neuneu_software-arm-olli\u8g_lib\Debug\libu8g_lib.a(u8g_arm.o)
 .debug_info    0x000069ed      0x727 C:\Users\Olli\CloudStation\uC_Stuff\LPC_workspaces\neuneu_software-arm-olli\u8g_lib\Debug\libu8g_lib.a(u8g_bitmap.o)
 .debug_info    0x00007114      0x506 C:\Users\Olli\CloudStation\uC_Stuff\LPC_workspaces\neuneu_software-arm-olli\u8g_lib\Debug\libu8g_lib.a(u8g_clip.o)
 .debug_info    0x0000761a      0x690 C:\Users\Olli\CloudStation\uC_Stuff\LPC_workspaces\neuneu_software-arm-olli\u8g_lib\Debug\libu8g_lib.a(u8g_dev_uc1701_mini12864.o)
 .debug_info    0x00007caa     0x1caf C:\Users\Olli\CloudStation\uC_Stuff\LPC_workspaces\neuneu_software-arm-olli\u8g_lib\Debug\libu8g_lib.a(u8g_font.o)
 .debug_info    0x00009959     0x3e14 C:\Users\Olli\CloudStation\uC_Stuff\LPC_workspaces\neuneu_software-arm-olli\u8g_lib\Debug\libu8g_lib.a(u8g_font_data.o)
 .debug_info    0x0000d76d     0x10d1 C:\Users\Olli\CloudStation\uC_Stuff\LPC_workspaces\neuneu_software-arm-olli\u8g_lib\Debug\libu8g_lib.a(u8g_ll_api.o)
 .debug_info    0x0000e83e      0x713 C:\Users\Olli\CloudStation\uC_Stuff\LPC_workspaces\neuneu_software-arm-olli\u8g_lib\Debug\libu8g_lib.a(u8g_pb.o)
 .debug_info    0x0000ef51      0x68b C:\Users\Olli\CloudStation\uC_Stuff\LPC_workspaces\neuneu_software-arm-olli\u8g_lib\Debug\libu8g_lib.a(u8g_pb8v1.o)
 .debug_info    0x0000f5dc      0x47e C:\Users\Olli\CloudStation\uC_Stuff\LPC_workspaces\neuneu_software-arm-olli\u8g_lib\Debug\libu8g_lib.a(u8g_state.o)
 .debug_info    0x0000fa5a      0x6b6 C:\Users\Olli\CloudStation\uC_Stuff\LPC_workspaces\neuneu_software-arm-olli\u8g_lib\Debug\libu8g_lib.a(u8g_com_api.o)
 .debug_info    0x00010110      0x456 C:\Users\Olli\CloudStation\uC_Stuff\LPC_workspaces\neuneu_software-arm-olli\u8g_lib\Debug\libu8g_lib.a(u8g_com_null.o)
 .debug_info    0x00010566      0x187 C:\Users\Olli\CloudStation\uC_Stuff\LPC_workspaces\neuneu_software-arm-olli\u8g_lib\Debug\libu8g_lib.a(u8g_page.o)
 .debug_info    0x000106ed      0x968 C:\Users\Olli\CloudStation\uC_Stuff\Selfbus\software-arm-lib\sblib\Debug_BCU1\libsblib.a(digital_pin.o)
 .debug_info    0x00011055      0x6a2 C:\Users\Olli\CloudStation\uC_Stuff\Selfbus\software-arm-lib\sblib\Debug_BCU1\libsblib.a(platform.o)
 .debug_info    0x000116f7      0x619 C:\Users\Olli\CloudStation\uC_Stuff\Selfbus\software-arm-lib\sblib\Debug_BCU1\libsblib.a(SHT2x.o)
 .debug_info    0x00011d10      0x46d C:\Users\Olli\CloudStation\uC_Stuff\Selfbus\software-arm-lib\sblib\Debug_BCU1\libsblib.a(iaq-core.o)
 .debug_info    0x0001217d     0x1987 C:\Users\Olli\CloudStation\uC_Stuff\Selfbus\software-arm-lib\sblib\Debug_BCU1\libsblib.a(bcu.o)
 .debug_info    0x00013b04     0x186d C:\Users\Olli\CloudStation\uC_Stuff\Selfbus\software-arm-lib\sblib\Debug_BCU1\libsblib.a(bcu_base.o)
 .debug_info    0x00015371     0x1d9a C:\Users\Olli\CloudStation\uC_Stuff\Selfbus\software-arm-lib\sblib\Debug_BCU1\libsblib.a(bus.o)
 .debug_info    0x0001710b     0x194f C:\Users\Olli\CloudStation\uC_Stuff\Selfbus\software-arm-lib\sblib\Debug_BCU1\libsblib.a(com_objects.o)
 .debug_info    0x00018a5a     0x125f C:\Users\Olli\CloudStation\uC_Stuff\Selfbus\software-arm-lib\sblib\Debug_BCU1\libsblib.a(user_memory.o)
 .debug_info    0x00019cb9      0x23f C:\Users\Olli\CloudStation\uC_Stuff\Selfbus\software-arm-lib\sblib\Debug_BCU1\libsblib.a(debounce.o)
 .debug_info    0x00019ef8     0x123d C:\Users\Olli\CloudStation\uC_Stuff\Selfbus\software-arm-lib\sblib\Debug_BCU1\libsblib.a(i2c.o)
 .debug_info    0x0001b135      0x4f4 C:\Users\Olli\CloudStation\uC_Stuff\Selfbus\software-arm-lib\sblib\Debug_BCU1\libsblib.a(iap.o)
 .debug_info    0x0001b629      0x1b2 C:\Users\Olli\CloudStation\uC_Stuff\Selfbus\software-arm-lib\sblib\Debug_BCU1\libsblib.a(ioports.o)
 .debug_info    0x0001b7db     0x1300 C:\Users\Olli\CloudStation\uC_Stuff\Selfbus\software-arm-lib\sblib\Debug_BCU1\libsblib.a(main.o)
 .debug_info    0x0001cadb      0xca7 C:\Users\Olli\CloudStation\uC_Stuff\Selfbus\software-arm-lib\sblib\Debug_BCU1\libsblib.a(mem_mapper.o)
 .debug_info    0x0001d782      0x497 C:\Users\Olli\CloudStation\uC_Stuff\Selfbus\software-arm-lib\sblib\Debug_BCU1\libsblib.a(print.o)
 .debug_info    0x0001dc19     0x1456 C:\Users\Olli\CloudStation\uC_Stuff\Selfbus\software-arm-lib\sblib\Debug_BCU1\libsblib.a(serial.o)
 .debug_info    0x0001f06f      0x5c5 C:\Users\Olli\CloudStation\uC_Stuff\Selfbus\software-arm-lib\sblib\Debug_BCU1\libsblib.a(serial0.o)
 .debug_info    0x0001f634      0xeb5 C:\Users\Olli\CloudStation\uC_Stuff\Selfbus\software-arm-lib\sblib\Debug_BCU1\libsblib.a(timer.o)
 .debug_info    0x000204e9      0x7ee C:\Users\Olli\CloudStation\uC_Stuff\Selfbus\software-arm-lib\sblib\Debug_BCU1\libsblib.a(utils.o)
 .debug_info    0x00020cd7      0x467 C:\Users\Olli\CloudStation\uC_Stuff\Selfbus\software-arm-lib\sblib\Debug_BCU1\libsblib.a(addr_tables.o)
 .debug_info    0x0002113e      0x697 C:\Users\Olli\CloudStation\uC_Stuff\Selfbus\software-arm-lib\sblib\Debug_BCU1\libsblib.a(buffered_stream.o)
 .debug_info    0x000217d5       0x49 C:\Users\Olli\CloudStation\uC_Stuff\Selfbus\software-arm-lib\sblib\Debug_BCU1\libsblib.a(new.o)
 .debug_info    0x0002181e      0x12d c:/nxp/lpcxpresso_7.9.2_493/lpcxpresso/tools/bin/../lib/gcc/arm-none-eabi/4.9.3/../../../../arm-none-eabi/lib/armv6-m\libcr_newlib_semihost.a(_cr_sbrk.o)
 .debug_info    0x0002194b       0x6a c:/nxp/lpcxpresso_7.9.2_493/lpcxpresso/tools/bin/../lib/gcc/arm-none-eabi/4.9.3/../../../../arm-none-eabi/lib/armv6-m\libcr_newlib_semihost.a(_cr_check_heap.o)

.debug_abbrev   0x00000000     0x6506
 .debug_abbrev  0x00000000      0x53c ./src/app_main.o
 .debug_abbrev  0x0000053c      0x481 ./src/app_temp_control.o
 .debug_abbrev  0x000009bd       0xf4 ./src/cr_cpp_config.o
 .debug_abbrev  0x00000ab1      0x126 ./src/cr_startup_lpc11xx.o
 .debug_abbrev  0x00000bd7       0x36 ./src/crp.o
 .debug_abbrev  0x00000c0d      0x1a0 ./src/lcd.o
 .debug_abbrev  0x00000dad      0x299 ./src/pwm.o
 .debug_abbrev  0x00001046      0x1c0 ./src/timer32.o
 .debug_abbrev  0x00001206      0x106 C:\Users\Olli\CloudStation\uC_Stuff\LPC_workspaces\neuneu_software-arm-olli\CMSIS_CORE_LPC11xx\Debug\libCMSIS_CORE_LPC11xx.a(system_LPC11xx.o)
 .debug_abbrev  0x0000130c      0x2d3 C:\Users\Olli\CloudStation\uC_Stuff\LPC_workspaces\neuneu_software-arm-olli\u8g_lib\Debug\libu8g_lib.a(u8g_arm.o)
 .debug_abbrev  0x000015df      0x14d C:\Users\Olli\CloudStation\uC_Stuff\LPC_workspaces\neuneu_software-arm-olli\u8g_lib\Debug\libu8g_lib.a(u8g_bitmap.o)
 .debug_abbrev  0x0000172c      0x157 C:\Users\Olli\CloudStation\uC_Stuff\LPC_workspaces\neuneu_software-arm-olli\u8g_lib\Debug\libu8g_lib.a(u8g_clip.o)
 .debug_abbrev  0x00001883      0x139 C:\Users\Olli\CloudStation\uC_Stuff\LPC_workspaces\neuneu_software-arm-olli\u8g_lib\Debug\libu8g_lib.a(u8g_dev_uc1701_mini12864.o)
 .debug_abbrev  0x000019bc      0x262 C:\Users\Olli\CloudStation\uC_Stuff\LPC_workspaces\neuneu_software-arm-olli\u8g_lib\Debug\libu8g_lib.a(u8g_font.o)
 .debug_abbrev  0x00001c1e       0x8b C:\Users\Olli\CloudStation\uC_Stuff\LPC_workspaces\neuneu_software-arm-olli\u8g_lib\Debug\libu8g_lib.a(u8g_font_data.o)
 .debug_abbrev  0x00001ca9      0x20b C:\Users\Olli\CloudStation\uC_Stuff\LPC_workspaces\neuneu_software-arm-olli\u8g_lib\Debug\libu8g_lib.a(u8g_ll_api.o)
 .debug_abbrev  0x00001eb4      0x17e C:\Users\Olli\CloudStation\uC_Stuff\LPC_workspaces\neuneu_software-arm-olli\u8g_lib\Debug\libu8g_lib.a(u8g_pb.o)
 .debug_abbrev  0x00002032      0x160 C:\Users\Olli\CloudStation\uC_Stuff\LPC_workspaces\neuneu_software-arm-olli\u8g_lib\Debug\libu8g_lib.a(u8g_pb8v1.o)
 .debug_abbrev  0x00002192      0x140 C:\Users\Olli\CloudStation\uC_Stuff\LPC_workspaces\neuneu_software-arm-olli\u8g_lib\Debug\libu8g_lib.a(u8g_state.o)
 .debug_abbrev  0x000022d2      0x153 C:\Users\Olli\CloudStation\uC_Stuff\LPC_workspaces\neuneu_software-arm-olli\u8g_lib\Debug\libu8g_lib.a(u8g_com_api.o)
 .debug_abbrev  0x00002425      0x10e C:\Users\Olli\CloudStation\uC_Stuff\LPC_workspaces\neuneu_software-arm-olli\u8g_lib\Debug\libu8g_lib.a(u8g_com_null.o)
 .debug_abbrev  0x00002533       0xe9 C:\Users\Olli\CloudStation\uC_Stuff\LPC_workspaces\neuneu_software-arm-olli\u8g_lib\Debug\libu8g_lib.a(u8g_page.o)
 .debug_abbrev  0x0000261c      0x1d5 C:\Users\Olli\CloudStation\uC_Stuff\Selfbus\software-arm-lib\sblib\Debug_BCU1\libsblib.a(digital_pin.o)
 .debug_abbrev  0x000027f1      0x189 C:\Users\Olli\CloudStation\uC_Stuff\Selfbus\software-arm-lib\sblib\Debug_BCU1\libsblib.a(platform.o)
 .debug_abbrev  0x0000297a      0x21e C:\Users\Olli\CloudStation\uC_Stuff\Selfbus\software-arm-lib\sblib\Debug_BCU1\libsblib.a(SHT2x.o)
 .debug_abbrev  0x00002b98      0x1ae C:\Users\Olli\CloudStation\uC_Stuff\Selfbus\software-arm-lib\sblib\Debug_BCU1\libsblib.a(iaq-core.o)
 .debug_abbrev  0x00002d46      0x4e6 C:\Users\Olli\CloudStation\uC_Stuff\Selfbus\software-arm-lib\sblib\Debug_BCU1\libsblib.a(bcu.o)
 .debug_abbrev  0x0000322c      0x4f1 C:\Users\Olli\CloudStation\uC_Stuff\Selfbus\software-arm-lib\sblib\Debug_BCU1\libsblib.a(bcu_base.o)
 .debug_abbrev  0x0000371d      0x4df C:\Users\Olli\CloudStation\uC_Stuff\Selfbus\software-arm-lib\sblib\Debug_BCU1\libsblib.a(bus.o)
 .debug_abbrev  0x00003bfc      0x446 C:\Users\Olli\CloudStation\uC_Stuff\Selfbus\software-arm-lib\sblib\Debug_BCU1\libsblib.a(com_objects.o)
 .debug_abbrev  0x00004042      0x3f2 C:\Users\Olli\CloudStation\uC_Stuff\Selfbus\software-arm-lib\sblib\Debug_BCU1\libsblib.a(user_memory.o)
 .debug_abbrev  0x00004434      0x198 C:\Users\Olli\CloudStation\uC_Stuff\Selfbus\software-arm-lib\sblib\Debug_BCU1\libsblib.a(debounce.o)
 .debug_abbrev  0x000045cc      0x3aa C:\Users\Olli\CloudStation\uC_Stuff\Selfbus\software-arm-lib\sblib\Debug_BCU1\libsblib.a(i2c.o)
 .debug_abbrev  0x00004976      0x1cb C:\Users\Olli\CloudStation\uC_Stuff\Selfbus\software-arm-lib\sblib\Debug_BCU1\libsblib.a(iap.o)
 .debug_abbrev  0x00004b41       0xce C:\Users\Olli\CloudStation\uC_Stuff\Selfbus\software-arm-lib\sblib\Debug_BCU1\libsblib.a(ioports.o)
 .debug_abbrev  0x00004c0f      0x3d8 C:\Users\Olli\CloudStation\uC_Stuff\Selfbus\software-arm-lib\sblib\Debug_BCU1\libsblib.a(main.o)
 .debug_abbrev  0x00004fe7      0x2b8 C:\Users\Olli\CloudStation\uC_Stuff\Selfbus\software-arm-lib\sblib\Debug_BCU1\libsblib.a(mem_mapper.o)
 .debug_abbrev  0x0000529f      0x182 C:\Users\Olli\CloudStation\uC_Stuff\Selfbus\software-arm-lib\sblib\Debug_BCU1\libsblib.a(print.o)
 .debug_abbrev  0x00005421      0x446 C:\Users\Olli\CloudStation\uC_Stuff\Selfbus\software-arm-lib\sblib\Debug_BCU1\libsblib.a(serial.o)
 .debug_abbrev  0x00005867      0x1d7 C:\Users\Olli\CloudStation\uC_Stuff\Selfbus\software-arm-lib\sblib\Debug_BCU1\libsblib.a(serial0.o)
 .debug_abbrev  0x00005a3e      0x377 C:\Users\Olli\CloudStation\uC_Stuff\Selfbus\software-arm-lib\sblib\Debug_BCU1\libsblib.a(timer.o)
 .debug_abbrev  0x00005db5      0x229 C:\Users\Olli\CloudStation\uC_Stuff\Selfbus\software-arm-lib\sblib\Debug_BCU1\libsblib.a(utils.o)
 .debug_abbrev  0x00005fde      0x17e C:\Users\Olli\CloudStation\uC_Stuff\Selfbus\software-arm-lib\sblib\Debug_BCU1\libsblib.a(addr_tables.o)
 .debug_abbrev  0x0000615c      0x21a C:\Users\Olli\CloudStation\uC_Stuff\Selfbus\software-arm-lib\sblib\Debug_BCU1\libsblib.a(buffered_stream.o)
 .debug_abbrev  0x00006376       0x38 C:\Users\Olli\CloudStation\uC_Stuff\Selfbus\software-arm-lib\sblib\Debug_BCU1\libsblib.a(new.o)
 .debug_abbrev  0x000063ae       0xf6 c:/nxp/lpcxpresso_7.9.2_493/lpcxpresso/tools/bin/../lib/gcc/arm-none-eabi/4.9.3/../../../../arm-none-eabi/lib/armv6-m\libcr_newlib_semihost.a(_cr_sbrk.o)