22:56:33 **** Incremental Build of configuration Debug for project CapacitiveSensor_Touch_test ****
make -r all 
Building file: ../src/app_main.cpp
Invoking: MCU C++ Compiler
arm-none-eabi-c++ -D__NEWLIB__ -DBCU_TYPE=10 -DDEBUG -D__CODE_RED -DCORE_M0 -D__USE_CMSIS=CMSIS_CORE_LPC11xx -DCPP_USE_HEAP -D__LPC11XX__ -I"C:\Users\Olli\CloudStation\uC_Stuff\LPC_workspaces\LPC1115_Selfbus\CMSIS_CORE_LPC11xx\inc" -I"C:\Users\Olli\CloudStation\uC_Stuff\Selfbus\software-arm-lib\sblib\inc" -O0 -g3 -Wall -c -fmessage-length=0 -fno-builtin -ffunction-sections -fdata-sections -fno-rtti -fno-exceptions -mcpu=cortex-m0 -mthumb -D__NEWLIB__ -MMD -MP -MF"src/app_main.d" -MT"src/app_main.o" -MT"src/app_main.d" -o "src/app_main.o" "../src/app_main.cpp"
Finished building: ../src/app_main.cpp
 
Building target: CapacitiveSensor_Touch_test.axf
Invoking: MCU C++ Linker
arm-none-eabi-c++ -nostdlib -L"C:\Users\Olli\CloudStation\uC_Stuff\LPC_workspaces\LPC1115_Selfbus\CMSIS_CORE_LPC11xx\Debug" -L"C:\Users\Olli\CloudStation\uC_Stuff\Selfbus\software-arm-lib\sblib\Debug_BCU1" -Xlinker -Map="CapacitiveSensor_Touch_test.map" -Xlinker --gc-sections -mcpu=cortex-m0 -mthumb -T "example-serial_Debug.ld" -o "CapacitiveSensor_Touch_test.axf"  ./src/CapacitiveSensor.o ./src/app_main.o ./src/cr_cpp_config.o ./src/cr_startup_lpc11xx.o ./src/crp.o   -lCMSIS_CORE_LPC11xx -lsblib
Finished building target: CapacitiveSensor_Touch_test.axf
 
make --no-print-directory post-build
Performing post-build steps
arm-none-eabi-size "CapacitiveSensor_Touch_test.axf"; # arm-none-eabi-objcopy -O binary "CapacitiveSensor_Touch_test.axf" "CapacitiveSensor_Touch_test.bin" ; checksum -p LPC1115_303 -d "CapacitiveSensor_Touch_test.bin";
   text	   data	    bss	    dec	    hex	filename
  24200	      4	   1380	  25584	   63f0	CapacitiveSensor_Touch_test.axf
 

22:56:35 Build Finished (took 1s.356ms)

