22:26:24 **** Build of configuration Debug for project CMSIS_CORE_LPC11xx ****
make -r all 
Building file: ../src/system_LPC11xx.c
Invoking: MCU C Compiler
arm-none-eabi-gcc -D__REDLIB__ -DDEBUG -D__CODE_RED -D__USE_CMSIS=CMSIS_CORE_LPC11xx -I"C:\Users\Olli\CloudStation\uC_Stuff\LPC_workspaces\neuneu_software-arm-olli\CMSIS_CORE_LPC11xx\inc" -Os -g3 -Wall -c -fmessage-length=0 -fno-builtin -ffunction-sections -fdata-sections -mcpu=cortex-m0 -mthumb -D__REDLIB__ -specs=redlib.specs -MMD -MP -MF"src/system_LPC11xx.d" -MT"src/system_LPC11xx.o" -MT"src/system_LPC11xx.d" -o "src/system_LPC11xx.o" "../src/system_LPC11xx.c"
Finished building: ../src/system_LPC11xx.c
 
Building target: libCMSIS_CORE_LPC11xx.a
Invoking: MCU Archiver
arm-none-eabi-ar -r  "libCMSIS_CORE_LPC11xx.a"  ./src/system_LPC11xx.o   
c:\nxp\LPCXpresso_7.9.2_493\lpcxpresso\tools\bin\arm-none-eabi-ar.exe: creating libCMSIS_CORE_LPC11xx.a
Finished building target: libCMSIS_CORE_LPC11xx.a
 
make --no-print-directory post-build
Performing post-build steps
arm-none-eabi-size "libCMSIS_CORE_LPC11xx.a" ; # arm-none-eabi-objdump -h -S "libCMSIS_CORE_LPC11xx.a" >"libCMSIS_CORE_LPC11xx.lss"
   text	   data	    bss	    dec	    hex	filename
    368	      4	      0	    372	    174	system_LPC11xx.o (ex libCMSIS_CORE_LPC11xx.a)
 

22:26:26 Build Finished (took 2s.68ms)

