22:29:32 **** Build of configuration Debug for project Display_SHT21_test ****
make -r all 
Building file: ../src/air.cpp
Invoking: MCU C++ Compiler
arm-none-eabi-c++ -D__NEWLIB__ -DBCU_TYPE=10 -DDEBUG -D__CODE_RED -DCORE_M0 -D__USE_CMSIS=CMSIS_CORE_LPC11xx -DCPP_USE_HEAP -D__LPC11XX__ -I"C:\Users\Olli\CloudStation\uC_Stuff\LPC_workspaces\neuneu_software-arm-olli\Display_SHT21_test\inc" -I"C:\Users\Olli\CloudStation\uC_Stuff\LPC_workspaces\neuneu_software-arm-olli\CMSIS_CORE_LPC11xx\inc" -I"C:\Users\Olli\CloudStation\uC_Stuff\LPC_workspaces\neuneu_software-arm-olli\u8g_lib\inc" -I"C:\Users\Olli\CloudStation\uC_Stuff\Selfbus\software-arm-lib\sblib\inc" -O0 -g3 -Wall -c -fmessage-length=0 -fno-builtin -ffunction-sections -fdata-sections -fno-rtti -fno-exceptions -mcpu=cortex-m0 -mthumb -D__NEWLIB__ -MMD -MP -MF"src/air.d" -MT"src/air.o" -MT"src/air.d" -o "src/air.o" "../src/air.cpp"
Finished building: ../src/air.cpp
 
Building file: ../src/app_main.cpp
Invoking: MCU C++ Compiler
arm-none-eabi-c++ -D__NEWLIB__ -DBCU_TYPE=10 -DDEBUG -D__CODE_RED -DCORE_M0 -D__USE_CMSIS=CMSIS_CORE_LPC11xx -DCPP_USE_HEAP -D__LPC11XX__ -I"C:\Users\Olli\CloudStation\uC_Stuff\LPC_workspaces\neuneu_software-arm-olli\Display_SHT21_test\inc" -I"C:\Users\Olli\CloudStation\uC_Stuff\LPC_workspaces\neuneu_software-arm-olli\CMSIS_CORE_LPC11xx\inc" -I"C:\Users\Olli\CloudStation\uC_Stuff\LPC_workspaces\neuneu_software-arm-olli\u8g_lib\inc" -I"C:\Users\Olli\CloudStation\uC_Stuff\Selfbus\software-arm-lib\sblib\inc" -O0 -g3 -Wall -c -fmessage-length=0 -fno-builtin -ffunction-sections -fdata-sections -fno-rtti -fno-exceptions -mcpu=cortex-m0 -mthumb -D__NEWLIB__ -MMD -MP -MF"src/app_main.d" -MT"src/app_main.o" -MT"src/app_main.d" -o "src/app_main.o" "../src/app_main.cpp"
../src/app_main.cpp: In function 'void loop()':
../src/app_main.cpp:104:10: warning: unused variable 'temp_cycle' [-Wunused-variable]
  uint8_t temp_cycle = 0;
          ^
../src/app_main.cpp:107:9: warning: unused variable 'objno' [-Wunused-variable]
     int objno, channel, value, lastValue;
         ^
Finished building: ../src/app_main.cpp
 
Building file: ../src/app_temp_control.cpp
Invoking: MCU C++ Compiler
arm-none-eabi-c++ -D__NEWLIB__ -DBCU_TYPE=10 -DDEBUG -D__CODE_RED -DCORE_M0 -D__USE_CMSIS=CMSIS_CORE_LPC11xx -DCPP_USE_HEAP -D__LPC11XX__ -I"C:\Users\Olli\CloudStation\uC_Stuff\LPC_workspaces\neuneu_software-arm-olli\Display_SHT21_test\inc" -I"C:\Users\Olli\CloudStation\uC_Stuff\LPC_workspaces\neuneu_software-arm-olli\CMSIS_CORE_LPC11xx\inc" -I"C:\Users\Olli\CloudStation\uC_Stuff\LPC_workspaces\neuneu_software-arm-olli\u8g_lib\inc" -I"C:\Users\Olli\CloudStation\uC_Stuff\Selfbus\software-arm-lib\sblib\inc" -O0 -g3 -Wall -c -fmessage-length=0 -fno-builtin -ffunction-sections -fdata-sections -fno-rtti -fno-exceptions -mcpu=cortex-m0 -mthumb -D__NEWLIB__ -MMD -MP -MF"src/app_temp_control.d" -MT"src/app_temp_control.o" -MT"src/app_temp_control.d" -o "src/app_temp_control.o" "../src/app_temp_control.cpp"
../src/app_temp_control.cpp: In function 'void objectUpdated(int)':
../src/app_temp_control.cpp:60:7: warning: unused variable 'value' [-Wunused-variable]
   int value = objectRead(objno);
       ^
Finished building: ../src/app_temp_control.cpp
 
Building file: ../src/cr_cpp_config.cpp
Invoking: MCU C++ Compiler
arm-none-eabi-c++ -D__NEWLIB__ -DBCU_TYPE=10 -DDEBUG -D__CODE_RED -DCORE_M0 -D__USE_CMSIS=CMSIS_CORE_LPC11xx -DCPP_USE_HEAP -D__LPC11XX__ -I"C:\Users\Olli\CloudStation\uC_Stuff\LPC_workspaces\neuneu_software-arm-olli\Display_SHT21_test\inc" -I"C:\Users\Olli\CloudStation\uC_Stuff\LPC_workspaces\neuneu_software-arm-olli\CMSIS_CORE_LPC11xx\inc" -I"C:\Users\Olli\CloudStation\uC_Stuff\LPC_workspaces\neuneu_software-arm-olli\u8g_lib\inc" -I"C:\Users\Olli\CloudStation\uC_Stuff\Selfbus\software-arm-lib\sblib\inc" -O0 -g3 -Wall -c -fmessage-length=0 -fno-builtin -ffunction-sections -fdata-sections -fno-rtti -fno-exceptions -mcpu=cortex-m0 -mthumb -D__NEWLIB__ -MMD -MP -MF"src/cr_cpp_config.d" -MT"src/cr_cpp_config.o" -MT"src/cr_cpp_config.d" -o "src/cr_cpp_config.o" "../src/cr_cpp_config.cpp"
Finished building: ../src/cr_cpp_config.cpp
 
Building file: ../src/cr_startup_lpc11xx.cpp
Invoking: MCU C++ Compiler
arm-none-eabi-c++ -D__NEWLIB__ -DBCU_TYPE=10 -DDEBUG -D__CODE_RED -DCORE_M0 -D__USE_CMSIS=CMSIS_CORE_LPC11xx -DCPP_USE_HEAP -D__LPC11XX__ -I"C:\Users\Olli\CloudStation\uC_Stuff\LPC_workspaces\neuneu_software-arm-olli\Display_SHT21_test\inc" -I"C:\Users\Olli\CloudStation\uC_Stuff\LPC_workspaces\neuneu_software-arm-olli\CMSIS_CORE_LPC11xx\inc" -I"C:\Users\Olli\CloudStation\uC_Stuff\LPC_workspaces\neuneu_software-arm-olli\u8g_lib\inc" -I"C:\Users\Olli\CloudStation\uC_Stuff\Selfbus\software-arm-lib\sblib\inc" -Os -g3 -Wall -c -fmessage-length=0 -fno-builtin -ffunction-sections -fdata-sections -fno-rtti -fno-exceptions -mcpu=cortex-m0 -mthumb -D__NEWLIB__ -MMD -MP -MF"src/cr_startup_lpc11xx.d" -MT"src/cr_startup_lpc11xx.d" -o "src/cr_startup_lpc11xx.o" "../src/cr_startup_lpc11xx.cpp"
Finished building: ../src/cr_startup_lpc11xx.cpp
 
Building file: ../src/crp.c
Invoking: MCU C Compiler
arm-none-eabi-gcc -D__NEWLIB__ -DDEBUG -D__CODE_RED -DCORE_M0 -D__USE_CMSIS=CMSIS_CORE_LPC11xx -DCPP_USE_HEAP -D__LPC11XX__ -I"C:\Users\Olli\CloudStation\uC_Stuff\LPC_workspaces\neuneu_software-arm-olli\Display_SHT21_test\inc" -I"C:\Users\Olli\CloudStation\uC_Stuff\LPC_workspaces\neuneu_software-arm-olli\CMSIS_CORE_LPC11xx\inc" -I"C:\Users\Olli\CloudStation\uC_Stuff\LPC_workspaces\neuneu_software-arm-olli\u8g_lib\inc" -O0 -g3 -Wall -c -fmessage-length=0 -fno-builtin -ffunction-sections -fdata-sections -mcpu=cortex-m0 -mthumb -D__NEWLIB__ -MMD -MP -MF"src/crp.d" -MT"src/crp.o" -MT"src/crp.d" -o "src/crp.o" "../src/crp.c"
Finished building: ../src/crp.c
 
Building file: ../src/lcd.cpp
Invoking: MCU C++ Compiler
arm-none-eabi-c++ -D__NEWLIB__ -DBCU_TYPE=10 -DDEBUG -D__CODE_RED -DCORE_M0 -D__USE_CMSIS=CMSIS_CORE_LPC11xx -DCPP_USE_HEAP -D__LPC11XX__ -I"C:\Users\Olli\CloudStation\uC_Stuff\LPC_workspaces\neuneu_software-arm-olli\Display_SHT21_test\inc" -I"C:\Users\Olli\CloudStation\uC_Stuff\LPC_workspaces\neuneu_software-arm-olli\CMSIS_CORE_LPC11xx\inc" -I"C:\Users\Olli\CloudStation\uC_Stuff\LPC_workspaces\neuneu_software-arm-olli\u8g_lib\inc" -I"C:\Users\Olli\CloudStation\uC_Stuff\Selfbus\software-arm-lib\sblib\inc" -O0 -g3 -Wall -c -fmessage-length=0 -fno-builtin -ffunction-sections -fdata-sections -fno-rtti -fno-exceptions -mcpu=cortex-m0 -mthumb -D__NEWLIB__ -MMD -MP -MF"src/lcd.d" -MT"src/lcd.o" -MT"src/lcd.d" -o "src/lcd.o" "../src/lcd.cpp"
Finished building: ../src/lcd.cpp
 
Building file: ../src/pwm.cpp
Invoking: MCU C++ Compiler
arm-none-eabi-c++ -D__NEWLIB__ -DBCU_TYPE=10 -DDEBUG -D__CODE_RED -DCORE_M0 -D__USE_CMSIS=CMSIS_CORE_LPC11xx -DCPP_USE_HEAP -D__LPC11XX__ -I"C:\Users\Olli\CloudStation\uC_Stuff\LPC_workspaces\neuneu_software-arm-olli\Display_SHT21_test\inc" -I"C:\Users\Olli\CloudStation\uC_Stuff\LPC_workspaces\neuneu_software-arm-olli\CMSIS_CORE_LPC11xx\inc" -I"C:\Users\Olli\CloudStation\uC_Stuff\LPC_workspaces\neuneu_software-arm-olli\u8g_lib\inc" -I"C:\Users\Olli\CloudStation\uC_Stuff\Selfbus\software-arm-lib\sblib\inc" -O0 -g3 -Wall -c -fmessage-length=0 -fno-builtin -ffunction-sections -fdata-sections -fno-rtti -fno-exceptions -mcpu=cortex-m0 -mthumb -D__NEWLIB__ -MMD -MP -MF"src/pwm.d" -MT"src/pwm.o" -MT"src/pwm.d" -o "src/pwm.o" "../src/pwm.cpp"
Finished building: ../src/pwm.cpp
 
Building file: ../src/temperature.cpp
Invoking: MCU C++ Compiler
arm-none-eabi-c++ -D__NEWLIB__ -DBCU_TYPE=10 -DDEBUG -D__CODE_RED -DCORE_M0 -D__USE_CMSIS=CMSIS_CORE_LPC11xx -DCPP_USE_HEAP -D__LPC11XX__ -I"C:\Users\Olli\CloudStation\uC_Stuff\LPC_workspaces\neuneu_software-arm-olli\Display_SHT21_test\inc" -I"C:\Users\Olli\CloudStation\uC_Stuff\LPC_workspaces\neuneu_software-arm-olli\CMSIS_CORE_LPC11xx\inc" -I"C:\Users\Olli\CloudStation\uC_Stuff\LPC_workspaces\neuneu_software-arm-olli\u8g_lib\inc" -I"C:\Users\Olli\CloudStation\uC_Stuff\Selfbus\software-arm-lib\sblib\inc" -O0 -g3 -Wall -c -fmessage-length=0 -fno-builtin -ffunction-sections -fdata-sections -fno-rtti -fno-exceptions -mcpu=cortex-m0 -mthumb -D__NEWLIB__ -MMD -MP -MF"src/temperature.d" -MT"src/temperature.o" -MT"src/temperature.d" -o "src/temperature.o" "../src/temperature.cpp"
Finished building: ../src/temperature.cpp
 
Building file: ../src/timer32.c
Invoking: MCU C Compiler
arm-none-eabi-gcc -D__NEWLIB__ -DDEBUG -D__CODE_RED -DCORE_M0 -D__USE_CMSIS=CMSIS_CORE_LPC11xx -DCPP_USE_HEAP -D__LPC11XX__ -I"C:\Users\Olli\CloudStation\uC_Stuff\LPC_workspaces\neuneu_software-arm-olli\Display_SHT21_test\inc" -I"C:\Users\Olli\CloudStation\uC_Stuff\LPC_workspaces\neuneu_software-arm-olli\CMSIS_CORE_LPC11xx\inc" -I"C:\Users\Olli\CloudStation\uC_Stuff\LPC_workspaces\neuneu_software-arm-olli\u8g_lib\inc" -O0 -g3 -Wall -c -fmessage-length=0 -fno-builtin -ffunction-sections -fdata-sections -mcpu=cortex-m0 -mthumb -D__NEWLIB__ -MMD -MP -MF"src/timer32.d" -MT"src/timer32.o" -MT"src/timer32.d" -o "src/timer32.o" "../src/timer32.c"
Finished building: ../src/timer32.c
 
Building target: Display_SHT21_test.axf
Invoking: MCU C++ Linker
arm-none-eabi-c++ -nostdlib -L"C:\Users\Olli\CloudStation\uC_Stuff\LPC_workspaces\neuneu_software-arm-olli\CMSIS_CORE_LPC11xx\Debug" -L"C:\Users\Olli\CloudStation\uC_Stuff\LPC_workspaces\neuneu_software-arm-olli\u8g_lib\Debug" -L"C:\Users\Olli\CloudStation\uC_Stuff\Selfbus\software-arm-lib\sblib\Debug_BCU1" -Xlinker -Map="Display_SHT21_test.map" -Xlinker --gc-sections -mcpu=cortex-m0 -mthumb -T "example-i2c_Debug.ld" -o "Display_SHT21_test.axf"  ./src/air.o ./src/app_main.o ./src/app_temp_control.o ./src/cr_cpp_config.o ./src/cr_startup_lpc11xx.o ./src/crp.o ./src/lcd.o ./src/pwm.o ./src/temperature.o ./src/timer32.o   -lCMSIS_CORE_LPC11xx -lu8g_lib -lsblib
Finished building target: Display_SHT21_test.axf
 
make --no-print-directory post-build
Performing post-build steps
arm-none-eabi-size "Display_SHT21_test.axf"; # arm-none-eabi-objcopy -O binary "Display_SHT21_test.axf" "Display_SHT21_test.bin" ; checksum -p LPC1115_303 -d "Display_SHT21_test.bin";
   text	   data	    bss	    dec	    hex	filename
  42508	    296	   1684	  44488	   adc8	Display_SHT21_test.axf
 

22:29:38 Build Finished (took 6s.327ms)

