21:04:48 **** Incremental Build of configuration Debug for project Taster_UC1701x_Display ****
make -r all 
Building file: ../src/app_main.cpp
Invoking: MCU C++ Compiler
arm-none-eabi-c++ -D__NEWLIB__ -DBIM112 -DDEBUG -D__CODE_RED -DCORE_M0 -D__USE_CMSIS=CMSIS_CORE_LPC11xx -DCPP_USE_HEAP -D__LPC11XX__ -I"C:\Users\Olli\CloudStation\uC_Stuff\LPC_workspaces\neuneu_software-arm-olli\CMSIS_CORE_LPC11xx\inc" -I"C:\Users\Olli\CloudStation\uC_Stuff\LPC_workspaces\neuneu_software-arm-olli\M2tklib\inc" -I"C:\Users\Olli\CloudStation\uC_Stuff\LPC_workspaces\neuneu_software-arm-olli\Taster_UC1701x_Display\inc" -I"C:\Users\Olli\CloudStation\uC_Stuff\Selfbus\software-arm-lib\sblib\inc" -I"C:\Users\Olli\CloudStation\uC_Stuff\LPC_workspaces\neuneu_software-arm-olli\u8g_lib\inc" -O0 -g3 -Wall -c -fmessage-length=0 -fno-builtin -ffunction-sections -fdata-sections -fno-rtti -fno-exceptions -mcpu=cortex-m0 -mthumb -D__NEWLIB__ -MMD -MP -MF"src/app_main.d" -MT"src/app_main.d" -o "src/app_main.o" "../src/app_main.cpp"
../src/app_main.cpp: In function 'void loop()':
../src/app_main.cpp:93:10: warning: unused variable 'temp_cycle' [-Wunused-variable]
  uint8_t temp_cycle=0;
          ^
Finished building: ../src/app_main.cpp
 
Building target: Taster_UC1701x_Display.axf
Invoking: MCU C++ Linker
arm-none-eabi-c++ -nostdlib -L"C:\Users\Olli\CloudStation\uC_Stuff\LPC_workspaces\neuneu_software-arm-olli\CMSIS_CORE_LPC11xx\Debug" -L"C:\Users\Olli\CloudStation\uC_Stuff\Selfbus\software-arm-lib\sblib\Debug_BIM112" -L"C:\Users\Olli\CloudStation\uC_Stuff\LPC_workspaces\neuneu_software-arm-olli\u8g_lib\Debug" -L"C:\Users\Olli\CloudStation\uC_Stuff\LPC_workspaces\neuneu_software-arm-olli\M2tklib\Debug" -Xlinker -Map="Taster_UC1701x_Display.map" -Xlinker --gc-sections -mcpu=cortex-m0 -mthumb -T "example-graphlcd_Debug.ld" -o "Taster_UC1701x_Display.axf"  ./src/app_main.o ./src/app_temp_control.o ./src/cr_cpp_config.o ./src/cr_startup_lpc11xx.o ./src/crp.o ./src/lcd.o ./src/timer32.o   -lCMSIS_CORE_LPC11xx -lsblib -lu8g_lib -lm2tklib
Finished building target: Taster_UC1701x_Display.axf
 
make --no-print-directory post-build
Performing post-build steps
arm-none-eabi-size "Taster_UC1701x_Display.axf"; # arm-none-eabi-objcopy -O binary "Taster_UC1701x_Display.axf" "Taster_UC1701x_Display.bin" ; checksum -p LPC1115_303 -d "Taster_UC1701x_Display.bin";
   text	   data	    bss	    dec	    hex	filename
  45572	     92	   5172	  50836	   c694	Taster_UC1701x_Display.axf
 

21:04:50 Build Finished (took 1s.802ms)

